
> @zkapi/solana-sdk@0.1.0-devnet.1 prepack
> npm run build


> @zkapi/solana-sdk@0.1.0-devnet.1 build
> node build.mjs

npm notice
npm notice 📦  @zkapi/solana-sdk@0.1.0-devnet.1
npm notice Tarball Contents
npm notice 7.3kB DISTRIBUTION.md
npm notice 21.9kB INTERNALS.md
npm notice 1.1kB LICENSE
npm notice 2.9kB README.md
npm notice 764B dist/browser-storage.d.ts
npm notice 3.8kB dist/browser-storage.js
npm notice 1.1kB dist/browser.d.ts
npm notice 2.0kB dist/browser.js
npm notice 2.8kB dist/challenger.d.ts
npm notice 5.9kB dist/challenger.js
npm notice 783B dist/chat.d.ts
npm notice 7.4kB dist/chat.js
npm notice 7.3kB dist/client.d.ts
npm notice 20.9kB dist/client.js
npm notice 1.8kB dist/clientd-bridge.d.ts
npm notice 19.1kB dist/clientd-bridge.js
npm notice 1.3kB dist/clientd-models.d.ts
npm notice 3.7kB dist/clientd-models.js
npm notice 546B dist/clientd-network.d.ts
npm notice 4.4kB dist/clientd-network.js
npm notice 643B dist/control-node.d.ts
npm notice 3.3kB dist/control-node.js
npm notice 795B dist/control-prover.d.ts
npm notice 674B dist/control-prover.js
npm notice 11.0kB dist/control.d.ts
npm notice 57.4kB dist/control.js
npm notice 1.2kB dist/deployment.d.ts
npm notice 7.2kB dist/deployment.js
npm notice 1.8kB dist/encoding.d.ts
npm notice 4.2kB dist/encoding.js
npm notice 604B dist/journal-node.d.ts
npm notice 5.0kB dist/journal-node.js
npm notice 4.5kB dist/journal.d.ts
npm notice 15.3kB dist/journal.js
npm notice 1.7kB dist/layout2.d.ts
npm notice 4.4kB dist/layout2.js
npm notice 274B dist/prover-node.d.ts
npm notice 2.7kB dist/prover-node.js
npm notice 1.3kB dist/prover-runtime.d.ts
npm notice 6.4kB dist/prover-runtime.js
npm notice 11B dist/prover-worker.d.ts
npm notice 971B dist/prover-worker.js
npm notice 2.5kB dist/prover.d.ts
npm notice 5.1kB dist/prover.js
npm notice 206B dist/secret-custody.d.ts
npm notice 3.6kB dist/secret-custody.js
npm notice 1.4kB dist/session-snapshot.d.ts
npm notice 9.6kB dist/session-snapshot.js
npm notice 12.1kB dist/transport.d.ts
npm notice 39.1kB dist/transport.js
npm notice 7.5kB dist/trust.d.ts
npm notice 27.0kB dist/trust.js
npm notice 2.5kB dist/wallet-chain.d.ts
npm notice 9.6kB dist/wallet-chain.js
npm notice 849B dist/wallet-standard.d.ts
npm notice 1.4kB dist/wallet-standard.js
npm notice 7.6kB dist/wallet.d.ts
npm notice 50.7kB dist/wallet.js
npm notice 3.8kB package.json
npm notice Tarball Details
npm notice name: @zkapi/solana-sdk
npm notice version: 0.1.0-devnet.1
npm notice filename: zkapi-solana-sdk-0.1.0-devnet.1.tgz
npm notice package size: 108.7 kB
npm notice unpacked size: 432.5 kB
npm notice shasum: c72c58a45bf2b1f4458fd6a08fed88dd5057d92e
npm notice integrity: sha512-t/zTrbQMn/oA+[...]fco2BDkib0LfA==
npm notice total files: 59
npm notice
zkapi-solana-sdk-0.1.0-devnet.1.tgz
