✔ production demo runs from the presentation bundle without API/wallet calls or changing stored live data (954.3445ms)
✔ Chrome fixtures: wallet rejection/reload and provider one-send/reload/verified-settlement UI share existing SDK journals (1526.143ms)
ℹ Runtime browser: Chrome/154.0.8037.98
✔ production build defaults to live with a separate sample; reused fixture output removes the sample (190.8435ms)
✔ initial deposit retains legacy ID and uses two USDC; reopened SDK operation blocks replacement (62.335583ms)
✔ closed-note rotation preserves prior ciphertext and history; reload selects the new note (42.974958ms)
✔ two independent journal clients cannot allocate two new active deposits (53.301542ms)
✔ failure after SDK creation reopens that saved operation; failure before creation reuses the same absent ID (32.335625ms)
✔ paid active legacy balance, uncertain sessions, and incomplete withdrawals never allow a new deposit (27.501708ms)
✔ discovery refuses a later run while an earlier note remains unresolved (30.465291ms)
✔ read-only budget snapshot validates identity and exact integer accounting; zero availability is valid (4.482666ms)
✔ fixed demo projections conserve integer USDC and charge only on settlement (1.927375ms)
✔ manual next is single-step, and reset fences an already queued transition (0.714042ms)
✔ autoplay pauses without stale progress, then finishes once and disposes timers (2.87ms)
✔ provider failure preserves finite HTTP/code diagnostics without upstream values (0.43125ms)
✔ diagnostics distinguish signing guards without echoing arbitrary data (0.120875ms)
✔ saved-attempt recovery failures use exact finite labels and never echo details (0.163208ms)
✔ known browser exception names return fixed labels without their message (0.104583ms)
✔ presentation assets use an exact route allowlist and preserve the live document without backend calls (88.073ms)
✔ fixture output keeps root and live on the existing document, and partial demo output fails closed (24.747042ms)
✔ indexer relay allows common snapshots only through exact bounded digest routes (20.424166ms)
✔ loopback host denies foreign origins, arbitrary provider/routes/batch RPC and financial sends by default (28.449458ms)
✔ financial relay uses default preparation with exact signed v0, genesis, pool and fee guards (59.305625ms)
✔ financial relay uses confirmed preparation with exact signed v0, genesis, pool and fee guards (26.127333ms)
✔ invalid preparation commitment fails before file reads, RPC or listener startup (0.3645ms)
✔ escape relay forwards SDK upload and finalization bytes while retaining financial send guards (50.454916ms)
✔ explicit history endpoint receives only transaction reads after its own Devnet pin; primary reads remain primary (15.013666ms)
✔ history identity failures stop before transaction lookup and never fall back, retry or expose credentials (9.947833ms)
✔ history RPC and HTTP failures stay failures; only an actual successful null result represents absence (10.715583ms)
✔ read-only host refuses permanent clearance; upstream HTTP/RPC error credentials never reach browser (13.961042ms)
✔ provider bridge allows only bound native control routes and canonical receipt cursors (70.153167ms)
✔ read-only provider bridge blocks AUTH, quote, close and inference before reservation or forwarding (11.879625ms)
✔ provider error status and fixed code reach browser while private body and unknown headers do not (11.183875ms)
✔ provider budget is an exact read-only route with origin checks and redacted failures (19.209083ms)
✔ prepared UI profile uses existing global budget and refuses concurrent/restarted inference replay (574.261958ms)
✔ explicit demo bridge burns a separate session/operation reservation and preserves the completed acceptance reservation (986.059084ms)
✔ note expiry warns before its boundary and forbids suggesting another API request after it (0.869083ms)
✔ escape UI permits only explicit idle, never-signed fallback, or pending-escape finalization paths (0.422958ms)
✔ compact deposit offers one signature and explicit rejection recovery, never expired-setup recovery (0.141666ms)
✔ expired setup recovery is offered only for unresolved create-only deposits (0.220416ms)
✔ expired mutual-close setup is offered only with verified clearance and create-only saved attempts (1.316041ms)
✔ expired ordinary and emergency escape setup offer only the same unresolved create-only recovery (0.491667ms)
✔ unfunded or disconnected state never presents candidate deposit as usable money (0.134875ms)
✔ active deposit is available only without unresolved session or wallet operation (0.286875ms)
✔ unknown AUTH remains distinguishable from an accepted session and successful API response (0.301875ms)
✔ unknown inference prevents replay instructions even when session is active or closing (0.325625ms)
✔ current-page response observation explains a saved unknown operation without advancing financial state (0.337458ms)
✔ a received answer is not a signed settlement or a paid charge (0.210209ms)
✔ terminal absence and close intent do not encourage an API send (0.20525ms)
✔ only verified settlement history contributes to paid; latest pending session stays unverified (0.434167ms)
✔ zero-charge and operator-loss waiver do not establish successful API use (0.209042ms)
✔ mutual-close return amount requires closed note and exact finalized execute signature (0.26825ms)
✔ escape status, current signature and failed operation retain recovery presentation (0.132917ms)
✔ signed clearance and missing provider never offer another API authorization (0.725625ms)
✔ integer formatting preserves micro-USDC beyond JavaScript safe integer precision (0.988ms)
✔ busy/disconnected headlines take precedence, and projection leaves journal byte-equivalent (0.192959ms)
✔ repeat demo explains the exact authorization reserve without enabling an underfunded request (0.126042ms)
✔ disabled-request hints distinguish reconnect, saved recovery, clearance and completed run (0.115042ms)
✔ fixed browser body equals parent budget template; prepares after snapshot and verifies charge through SDK before withdrawal is available (253.445083ms)
✔ lost AUTH can only resend its exact bytes; lost inference stays one send after encrypted journal reopen (175.214167ms)
✔ invalid successor retains old balance and pending operation; explicit recovery succeeds without another inference (213.212791ms)
✔ never-sent cancellation uses SDK cancellation; unknown inference absence requires terminal SDK reconciliation (202.411125ms)
✔ two UI intents cannot create two operations; different body or case is rejected before control/inference (135.719917ms)
✔ explicit demo uses a new AUTH and operation only after SDK verified the prior zero-charge successor (380.302166ms)
✔ a funded repeat demo preserves paid settlements and uses fresh request IDs across journal reopen (656.330958ms)
✔ an untouched message remains equal despite a signature, without exposing private bytes or mutating either input (3.342042ms)
✔ blockhash mutation is distinguished from instruction or account changes (0.852875ms)
✔ added or changed compute-unit price is reported exactly without authorizing message mutation (1.374417ms)
✔ an added assertion-like program keeps originals but is distinct from an unchanged instruction list (0.525458ms)
✔ changed non-compute data, account or writable flags never count as retained (0.85625ms)
✔ non-compute comparison preserves order, multiplicity and signer flags (0.941917ms)
✔ malformed or non-compute payloads never masquerade as decoded compute settings (0.939166ms)
✔ unresolved ALT changes cannot establish byte-equivalent non-compute instructions (0.760125ms)
ℹ tests 72
ℹ suites 0
ℹ pass 72
ℹ fail 0
ℹ cancelled 0
ℹ skipped 0
ℹ todo 0
ℹ duration_ms 2758.476375
