    Blocking waiting for file lock on package cache
    Blocking waiting for file lock on package cache
   Compiling zkapi-control v0.1.0 (/Users/yukikimura/work/solana-zkapi/services/control)
    Finished `test` profile [optimized + debuginfo] target(s) in 6.04s
     Running unittests src/lib.rs (services/control/target/debug/deps/zkapi_control-5b3aa1d2305297f1)

running 10 tests
test inference_diagnostics::tests::completed_boundary_passes_through_unchanged_without_retry_or_extra_emission ... ok
test inference_diagnostics::tests::liveness_failure_is_distinct_from_admission_and_never_echoes_error_text ... ok
test inference_diagnostics::tests::ledger_and_claim_failures_are_bounded_and_do_not_inherit_a_stale_chain_cause ... ok
test chain::observation_retry_tests::only_503_and_changed_cut_repeat_and_terminal_failures_do_not ... ok
test signer::tests::commitment_and_signature_use_upstream_arithmetic_and_canonical_fields ... ok
test egress::tests::stdout_frames_are_ordered_and_drained ... ok
test chain::observation_retry_tests::persistent_unavailability_and_inflight_reads_have_finite_bounds ... ok
test signer::tests::journal_rejects_cross_role_request_key_message_and_frozen_target_changes ... ok
test signer::tests::incomplete_journal_and_tampering_fail_closed ... ok
test signer::tests::journal_restart_locks_and_preserves_exact_signature ... ok

test result: ok. 10 passed; 0 failed; 0 ignored; 0 measured; 0 filtered out; finished in 0.05s

     Running tests/binding_chain.rs (services/control/target/debug/deps/binding_chain-d21960af8797f381)

running 11 tests
test operation_hmac_binds_raw_bytes_endpoint_and_api_version ... ok
test strict_optional_values_and_numeric_objects_cannot_bypass_parser ... ok
test rates_round_once_and_direct_decimal_never_uses_float ... ok
test strict_parser_rejects_duplicate_unknown_float_noncanonical_and_missing_fields ... ok
test jcs_binding_vectors_and_credentials ... ok
test signed_receipt_must_recompute_frozen_tariff_math ... ok
test dual_rpc_configuration_rejects_aliases_of_the_same_origin ... ok
test actual_vault_pool_and_exit_bytes_reject_owner_pda_layout_and_each_auth_setting ... ok
test fixed_vk_real_request_and_all_public_input_changes ... ok
test dual_rpc_and_ready_indexer_fail_closed_with_real_vault_accounts ... ok
test real_quote_bound_request_and_authorization_mutations ... ok

test result: ok. 11 passed; 0 failed; 0 ignored; 0 measured; 0 filtered out; finished in 2.01s

