    Blocking waiting for file lock on package cache
    Blocking waiting for file lock on package cache
    Finished `test` profile [optimized + debuginfo] target(s) in 0.32s
     Running unittests src/lib.rs (services/indexer/target/debug/deps/zkapi_indexer-53829f506526082d)

running 12 tests
test replay::history_tests::measure_quiet_archive_history_copy_cost ... ignored, manual local replay microbenchmark; reports measurements without an SLO
test snapshot::tests::snapshot_accepts_full_tree_sentinel_and_pending_zero_leaf ... ok
test runtime::http_tests::http_service_is_unavailable_until_reconciled ... ok
test runtime::http_tests::finalized_http_root_paths_and_content_addressed_snapshot ... ok
test rpc::instruction_data_tests::public_instruction_data_and_framed_digest_match_reference ... ok
test runtime::http_tests::waiting_is_bounded_and_a_completed_publication_cannot_lose_its_notification ... ok
test snapshot::tests::snapshots_reject_duplicates_overlap_unsorted_ids_and_noncanonical_wire ... ok
test runtime::http_tests::healthy_refresh_waits_for_reconciled_publication_instead_of_immediate_503 ... ok
test runtime::http_tests::failed_refresh_wakes_waiters_without_serving_the_previously_ready_cut ... ok
test replay::history_tests::growing_history_preserves_all_digests_duplicates_and_failure_state ... ok
test rpc::instruction_data_tests::instruction_base58_rejects_the_same_invalid_inputs ... ok
test rpc::instruction_data_tests::instruction_base58_matches_reference_through_large_payloads ... ok

test result: ok. 11 passed; 0 failed; 1 ignored; 0 measured; 0 filtered out; finished in 5.35s

     Running unittests src/bin/indexerd.rs (services/indexer/target/debug/deps/indexerd-a3f2a8a8309617a4)

running 0 tests

test result: ok. 0 passed; 0 failed; 0 ignored; 0 measured; 0 filtered out; finished in 0.00s

     Running tests/replay.rs (services/indexer/target/debug/deps/replay-fa3ce38fd18d3621)

running 17 tests
test identical_block_is_idempotent_conflicting_duplicate_and_gap_halt ... ok
test foreign_program_data_cannot_impersonate_vault_event ... ok
test empty_append_and_sealing_malformed_payload_match_chain_lifecycle ... ok
test missing_logs_rebuild_buffer_from_generation_chunks_digest_and_success_history ... ok
test failed_transaction_logs_are_ignored_and_block_application_is_atomic ... ok
test buffer_reuse_cannot_reuse_old_digest_and_unknown_history_stops ... ok
test compact_wire_length_field_binding_and_unknown_version_fail_closed ... ok
test original_poseidon_path_replay_all_lifecycle_and_finalize_sequence ... ok
test successful_vault_cpi_is_rolled_back_when_its_ancestor_fails_and_parent_catches ... ok
test rpc_null_logs_recover_outer_but_cpi_needs_positive_success_and_ancestry ... ok
test unknown_finality_or_reordered_execution_stops_public_paths ... ok
test tree_supports_maximum_u32_id_without_dense_allocation ... ok
test close_and_expiry_are_distinct_from_finalize_and_do_not_reuse_ids ... ok
test snapshot_requires_jcs_hash_full_pending_and_independent_chain_anchor ... ok
test emitted_sequence_and_fields_must_equal_full_instruction_replay ... ok
test long_history_keeps_financial_rollback_and_prior_duplicate_evidence ... ok
test mixed_deposit_transports_without_events_replay_identically_after_restart ... ok

test result: ok. 17 passed; 0 failed; 0 ignored; 0 measured; 0 filtered out; finished in 0.07s

     Running tests/rpc_concurrency.rs (services/indexer/target/debug/deps/rpc_concurrency-a86212959c41d0fd)

running 3 tests
test invalid_parent_latches_replay_closed_despite_later_successful_fetches ... ok
test reverse_completing_reads_apply_in_order_with_at_most_four_in_flight ... ok
test middle_fetch_or_decode_failure_keeps_only_applied_prefix_and_retry_starts_there ... ok

test result: ok. 3 passed; 0 failed; 0 ignored; 0 measured; 0 filtered out; finished in 0.02s

     Running tests/rpc_versions.rs (services/indexer/target/debug/deps/rpc_versions-0b7af91cd9f4faa6)

running 3 tests
test legacy_and_v0_replay_stay_identical_and_v1_resource_config_is_not_fee_accounting ... ok
test v1_malformed_configuration_lookups_headers_and_unknown_versions_fail_closed ... ok
test public_devnet_v1_neighbor_does_not_block_actual_v0_pool_initialization ... ok

test result: ok. 3 passed; 0 failed; 0 ignored; 0 measured; 0 filtered out; finished in 0.01s

     Running tests/runtime.rs (services/indexer/target/debug/deps/runtime-d5612db9896436bf)

running 11 tests
test failed_refresh_revokes_previously_reconciled_paths ... ok
test actual_anchor_account_bytes_reconcile_active_and_pending_with_all_offsets ... ok
test advanced_cut_and_split_account_batches_are_not_combined ... ok
test rpc_envelope_errors_are_rejected_without_leaking_provider_details ... ok
test incomplete_range_tail_is_retried_without_skipping_the_missing_finalized_block ... ok
test catch_up_retries_transport_result_failure_and_requires_independent_reconciliation ... ok
test captured_finalized_cut_reconciles_even_when_tip_advances_during_archive_fetch ... ok
test incomplete_or_reordered_archive_never_becomes_ready ... ok
test account_owner_layout_profile_status_and_anchor_mutations_fail_closed ... ok
test new_note_or_pending_inventory_retries_after_replay_without_publishing_partial_cut ... ok
test captured_cut_rejects_missing_tail_account_anchor_or_replayed_state_mismatch ... ok

test result: ok. 11 passed; 0 failed; 0 ignored; 0 measured; 0 filtered out; finished in 0.11s

   Doc-tests zkapi_indexer

running 0 tests

test result: ok. 0 passed; 0 failed; 0 ignored; 0 measured; 0 filtered out; finished in 0.00s

