TAP version 13
# Subtest: production demo runs from the presentation bundle without API/wallet calls or changing stored live data
ok 1 - production demo runs from the presentation bundle without API/wallet calls or changing stored live data
  ---
  duration_ms: 1209.10625
  type: 'test'
  ...
# Subtest: Chrome fixtures: wallet rejection/reload and provider one-send/reload/verified-settlement UI share existing SDK journals
ok 2 - Chrome fixtures: wallet rejection/reload and provider one-send/reload/verified-settlement UI share existing SDK journals
  ---
  duration_ms: 1516.995334
  type: 'test'
  ...
# Runtime browser: Chrome/154.0.8037.95
# Subtest: production build defaults to live with a separate sample; reused fixture output removes the sample
ok 3 - production build defaults to live with a separate sample; reused fixture output removes the sample
  ---
  duration_ms: 238.571875
  type: 'test'
  ...
# Subtest: initial deposit retains legacy ID and uses two USDC; reopened SDK operation blocks replacement
ok 4 - initial deposit retains legacy ID and uses two USDC; reopened SDK operation blocks replacement
  ---
  duration_ms: 38.485709
  type: 'test'
  ...
# Subtest: closed-note rotation preserves prior ciphertext and history; reload selects the new note
ok 5 - closed-note rotation preserves prior ciphertext and history; reload selects the new note
  ---
  duration_ms: 36.728041
  type: 'test'
  ...
# Subtest: two independent journal clients cannot allocate two new active deposits
ok 6 - two independent journal clients cannot allocate two new active deposits
  ---
  duration_ms: 39.28175
  type: 'test'
  ...
# Subtest: failure after SDK creation reopens that saved operation; failure before creation reuses the same absent ID
ok 7 - failure after SDK creation reopens that saved operation; failure before creation reuses the same absent ID
  ---
  duration_ms: 20.099208
  type: 'test'
  ...
# Subtest: paid active legacy balance, uncertain sessions, and incomplete withdrawals never allow a new deposit
ok 8 - paid active legacy balance, uncertain sessions, and incomplete withdrawals never allow a new deposit
  ---
  duration_ms: 14.418458
  type: 'test'
  ...
# Subtest: discovery refuses a later run while an earlier note remains unresolved
ok 9 - discovery refuses a later run while an earlier note remains unresolved
  ---
  duration_ms: 23.735292
  type: 'test'
  ...
# Subtest: read-only budget snapshot validates identity and exact integer accounting; zero availability is valid
ok 10 - read-only budget snapshot validates identity and exact integer accounting; zero availability is valid
  ---
  duration_ms: 3.587042
  type: 'test'
  ...
# Subtest: fixed demo projections conserve integer USDC and charge only on settlement
ok 11 - fixed demo projections conserve integer USDC and charge only on settlement
  ---
  duration_ms: 0.8585
  type: 'test'
  ...
# Subtest: manual next is single-step, and reset fences an already queued transition
ok 12 - manual next is single-step, and reset fences an already queued transition
  ---
  duration_ms: 0.598541
  type: 'test'
  ...
# Subtest: autoplay pauses without stale progress, then finishes once and disposes timers
ok 13 - autoplay pauses without stale progress, then finishes once and disposes timers
  ---
  duration_ms: 1.31925
  type: 'test'
  ...
# Subtest: provider failure preserves finite HTTP/code diagnostics without upstream values
ok 14 - provider failure preserves finite HTTP/code diagnostics without upstream values
  ---
  duration_ms: 0.835083
  type: 'test'
  ...
# Subtest: diagnostics distinguish signing guards without echoing arbitrary data
ok 15 - diagnostics distinguish signing guards without echoing arbitrary data
  ---
  duration_ms: 0.195208
  type: 'test'
  ...
# Subtest: saved-attempt recovery failures use exact finite labels and never echo details
ok 16 - saved-attempt recovery failures use exact finite labels and never echo details
  ---
  duration_ms: 0.37525
  type: 'test'
  ...
# Subtest: known browser exception names return fixed labels without their message
ok 17 - known browser exception names return fixed labels without their message
  ---
  duration_ms: 0.221375
  type: 'test'
  ...
# Subtest: presentation assets use an exact route allowlist and preserve the live document without backend calls
ok 18 - presentation assets use an exact route allowlist and preserve the live document without backend calls
  ---
  duration_ms: 171.072209
  type: 'test'
  ...
# Subtest: fixture output keeps root and live on the existing document, and partial demo output fails closed
ok 19 - fixture output keeps root and live on the existing document, and partial demo output fails closed
  ---
  duration_ms: 25.018084
  type: 'test'
  ...
# Subtest: loopback host denies foreign origins, arbitrary provider/routes/batch RPC and financial sends by default
ok 20 - loopback host denies foreign origins, arbitrary provider/routes/batch RPC and financial sends by default
  ---
  duration_ms: 28.976834
  type: 'test'
  ...
# Subtest: financial relay uses default preparation with exact signed v0, genesis, pool and fee guards
ok 21 - financial relay uses default preparation with exact signed v0, genesis, pool and fee guards
  ---
  duration_ms: 133.381791
  type: 'test'
  ...
# Subtest: financial relay uses confirmed preparation with exact signed v0, genesis, pool and fee guards
ok 22 - financial relay uses confirmed preparation with exact signed v0, genesis, pool and fee guards
  ---
  duration_ms: 117.748375
  type: 'test'
  ...
# Subtest: invalid preparation commitment fails before file reads, RPC or listener startup
ok 23 - invalid preparation commitment fails before file reads, RPC or listener startup
  ---
  duration_ms: 0.420875
  type: 'test'
  ...
# Subtest: explicit history endpoint receives only transaction reads after its own Devnet pin; primary reads remain primary
ok 24 - explicit history endpoint receives only transaction reads after its own Devnet pin; primary reads remain primary
  ---
  duration_ms: 33.410209
  type: 'test'
  ...
# Subtest: history identity failures stop before transaction lookup and never fall back, retry or expose credentials
ok 25 - history identity failures stop before transaction lookup and never fall back, retry or expose credentials
  ---
  duration_ms: 33.059083
  type: 'test'
  ...
# Subtest: history RPC and HTTP failures stay failures; only an actual successful null result represents absence
ok 26 - history RPC and HTTP failures stay failures; only an actual successful null result represents absence
  ---
  duration_ms: 24.3555
  type: 'test'
  ...
# Subtest: read-only host refuses permanent clearance; upstream HTTP/RPC error credentials never reach browser
ok 27 - read-only host refuses permanent clearance; upstream HTTP/RPC error credentials never reach browser
  ---
  duration_ms: 20.718042
  type: 'test'
  ...
# Subtest: provider bridge allows only bound native control routes and canonical receipt cursors
ok 28 - provider bridge allows only bound native control routes and canonical receipt cursors
  ---
  duration_ms: 113.070292
  type: 'test'
  ...
# Subtest: read-only provider bridge blocks AUTH, quote, close and inference before reservation or forwarding
ok 29 - read-only provider bridge blocks AUTH, quote, close and inference before reservation or forwarding
  ---
  duration_ms: 30.121375
  type: 'test'
  ...
# Subtest: provider error status and fixed code reach browser while private body and unknown headers do not
ok 30 - provider error status and fixed code reach browser while private body and unknown headers do not
  ---
  duration_ms: 15.780917
  type: 'test'
  ...
# Subtest: provider budget is an exact read-only route with origin checks and redacted failures
ok 31 - provider budget is an exact read-only route with origin checks and redacted failures
  ---
  duration_ms: 96.609458
  type: 'test'
  ...
# Subtest: prepared UI profile uses existing global budget and refuses concurrent/restarted inference replay
ok 32 - prepared UI profile uses existing global budget and refuses concurrent/restarted inference replay
  ---
  duration_ms: 948.194166
  type: 'test'
  ...
# Subtest: explicit demo bridge burns a separate session/operation reservation and preserves the completed acceptance reservation
ok 33 - explicit demo bridge burns a separate session/operation reservation and preserves the completed acceptance reservation
  ---
  duration_ms: 590.505875
  type: 'test'
  ...
# Subtest: compact deposit offers one signature and explicit rejection recovery, never expired-setup recovery
ok 34 - compact deposit offers one signature and explicit rejection recovery, never expired-setup recovery
  ---
  duration_ms: 1.0655
  type: 'test'
  ...
# Subtest: expired setup recovery is offered only for unresolved create-only deposits
ok 35 - expired setup recovery is offered only for unresolved create-only deposits
  ---
  duration_ms: 0.281084
  type: 'test'
  ...
# Subtest: expired mutual-close setup is offered only with verified clearance and create-only saved attempts
ok 36 - expired mutual-close setup is offered only with verified clearance and create-only saved attempts
  ---
  duration_ms: 0.268209
  type: 'test'
  ...
# Subtest: unfunded or disconnected state never presents candidate deposit as usable money
ok 37 - unfunded or disconnected state never presents candidate deposit as usable money
  ---
  duration_ms: 0.095209
  type: 'test'
  ...
# Subtest: active deposit is available only without unresolved session or wallet operation
ok 38 - active deposit is available only without unresolved session or wallet operation
  ---
  duration_ms: 0.074208
  type: 'test'
  ...
# Subtest: unknown AUTH remains distinguishable from an accepted session and successful API response
ok 39 - unknown AUTH remains distinguishable from an accepted session and successful API response
  ---
  duration_ms: 0.071167
  type: 'test'
  ...
# Subtest: unknown inference prevents replay instructions even when session is active or closing
ok 40 - unknown inference prevents replay instructions even when session is active or closing
  ---
  duration_ms: 0.088375
  type: 'test'
  ...
# Subtest: current-page response observation explains a saved unknown operation without advancing financial state
ok 41 - current-page response observation explains a saved unknown operation without advancing financial state
  ---
  duration_ms: 0.353
  type: 'test'
  ...
# Subtest: a received answer is not a signed settlement or a paid charge
ok 42 - a received answer is not a signed settlement or a paid charge
  ---
  duration_ms: 0.076708
  type: 'test'
  ...
# Subtest: terminal absence and close intent do not encourage an API send
ok 43 - terminal absence and close intent do not encourage an API send
  ---
  duration_ms: 0.108792
  type: 'test'
  ...
# Subtest: only verified settlement history contributes to paid; latest pending session stays unverified
ok 44 - only verified settlement history contributes to paid; latest pending session stays unverified
  ---
  duration_ms: 0.170958
  type: 'test'
  ...
# Subtest: zero-charge and operator-loss waiver do not establish successful API use
ok 45 - zero-charge and operator-loss waiver do not establish successful API use
  ---
  duration_ms: 0.093833
  type: 'test'
  ...
# Subtest: mutual-close return amount requires closed note and exact finalized execute signature
ok 46 - mutual-close return amount requires closed note and exact finalized execute signature
  ---
  duration_ms: 0.093917
  type: 'test'
  ...
# Subtest: escape status, current signature and failed operation retain recovery presentation
ok 47 - escape status, current signature and failed operation retain recovery presentation
  ---
  duration_ms: 0.047375
  type: 'test'
  ...
# Subtest: signed clearance and missing provider never offer another API authorization
ok 48 - signed clearance and missing provider never offer another API authorization
  ---
  duration_ms: 0.044083
  type: 'test'
  ...
# Subtest: integer formatting preserves micro-USDC beyond JavaScript safe integer precision
ok 49 - integer formatting preserves micro-USDC beyond JavaScript safe integer precision
  ---
  duration_ms: 0.057
  type: 'test'
  ...
# Subtest: busy/disconnected headlines take precedence, and projection leaves journal byte-equivalent
ok 50 - busy/disconnected headlines take precedence, and projection leaves journal byte-equivalent
  ---
  duration_ms: 0.084625
  type: 'test'
  ...
# Subtest: repeat demo explains the exact authorization reserve without enabling an underfunded request
ok 51 - repeat demo explains the exact authorization reserve without enabling an underfunded request
  ---
  duration_ms: 0.117375
  type: 'test'
  ...
# Subtest: disabled-request hints distinguish reconnect, saved recovery, clearance and completed run
ok 52 - disabled-request hints distinguish reconnect, saved recovery, clearance and completed run
  ---
  duration_ms: 0.0955
  type: 'test'
  ...
# Subtest: fixed browser body equals parent budget template; prepares after snapshot and verifies charge through SDK before withdrawal is available
ok 53 - fixed browser body equals parent budget template; prepares after snapshot and verifies charge through SDK before withdrawal is available
  ---
  duration_ms: 136.797541
  type: 'test'
  ...
# Subtest: lost AUTH can only resend its exact bytes; lost inference stays one send after encrypted journal reopen
ok 54 - lost AUTH can only resend its exact bytes; lost inference stays one send after encrypted journal reopen
  ---
  duration_ms: 128.812542
  type: 'test'
  ...
# Subtest: invalid successor retains old balance and pending operation; explicit recovery succeeds without another inference
ok 55 - invalid successor retains old balance and pending operation; explicit recovery succeeds without another inference
  ---
  duration_ms: 125.700375
  type: 'test'
  ...
# Subtest: never-sent cancellation uses SDK cancellation; unknown inference absence requires terminal SDK reconciliation
ok 56 - never-sent cancellation uses SDK cancellation; unknown inference absence requires terminal SDK reconciliation
  ---
  duration_ms: 139.296125
  type: 'test'
  ...
# Subtest: two UI intents cannot create two operations; different body or case is rejected before control/inference
ok 57 - two UI intents cannot create two operations; different body or case is rejected before control/inference
  ---
  duration_ms: 97.6455
  type: 'test'
  ...
# Subtest: explicit demo uses a new AUTH and operation only after SDK verified the prior zero-charge successor
ok 58 - explicit demo uses a new AUTH and operation only after SDK verified the prior zero-charge successor
  ---
  duration_ms: 249.60375
  type: 'test'
  ...
# Subtest: a funded repeat demo preserves paid settlements and uses fresh request IDs across journal reopen
ok 59 - a funded repeat demo preserves paid settlements and uses fresh request IDs across journal reopen
  ---
  duration_ms: 388.142208
  type: 'test'
  ...
# Subtest: an untouched message remains equal despite a signature, without exposing private bytes or mutating either input
ok 60 - an untouched message remains equal despite a signature, without exposing private bytes or mutating either input
  ---
  duration_ms: 3.260042
  type: 'test'
  ...
# Subtest: blockhash mutation is distinguished from instruction or account changes
ok 61 - blockhash mutation is distinguished from instruction or account changes
  ---
  duration_ms: 0.477875
  type: 'test'
  ...
# Subtest: added or changed compute-unit price is reported exactly without authorizing message mutation
ok 62 - added or changed compute-unit price is reported exactly without authorizing message mutation
  ---
  duration_ms: 0.825083
  type: 'test'
  ...
# Subtest: an added assertion-like program keeps originals but is distinct from an unchanged instruction list
ok 63 - an added assertion-like program keeps originals but is distinct from an unchanged instruction list
  ---
  duration_ms: 0.452875
  type: 'test'
  ...
# Subtest: changed non-compute data, account or writable flags never count as retained
ok 64 - changed non-compute data, account or writable flags never count as retained
  ---
  duration_ms: 0.786833
  type: 'test'
  ...
# Subtest: non-compute comparison preserves order, multiplicity and signer flags
ok 65 - non-compute comparison preserves order, multiplicity and signer flags
  ---
  duration_ms: 0.890542
  type: 'test'
  ...
# Subtest: malformed or non-compute payloads never masquerade as decoded compute settings
ok 66 - malformed or non-compute payloads never masquerade as decoded compute settings
  ---
  duration_ms: 0.926417
  type: 'test'
  ...
# Subtest: unresolved ALT changes cannot establish byte-equivalent non-compute instructions
ok 67 - unresolved ALT changes cannot establish byte-equivalent non-compute instructions
  ---
  duration_ms: 0.482834
  type: 'test'
  ...
# Subtest: existing deployment paths and identities are unchanged without a pool instance
ok 68 - existing deployment paths and identities are unchanged without a pool instance
  ---
  duration_ms: 0.652042
  type: 'test'
  ...
# Subtest: all three browser preparation phases isolate pool data without changing provider selection
ok 69 - all three browser preparation phases isolate pool data without changing provider selection
  ---
  duration_ms: 0.211792
  type: 'test'
  ...
# Subtest: instance names cannot escape, alias or silently select the original deployment
ok 70 - instance names cannot escape, alias or silently select the original deployment
  ---
  duration_ms: 0.551458
  type: 'test'
  ...
# Subtest: instance requires the original browser profile and cannot authorize a native lifecycle
ok 71 - instance requires the original browser profile and cannot authorize a native lifecycle
  ---
  duration_ms: 0.820833
  type: 'test'
  ...
# Subtest: fresh instances require a canonical explicit port distinct from the original UI services
ok 72 - fresh instances require a canonical explicit port distinct from the original UI services
  ---
  duration_ms: 0.239208
  type: 'test'
  ...
# Subtest: unknown waiver re-verifies receipt/successor without writes, inference or provider-pass claim
ok 73 - unknown waiver re-verifies receipt/successor without writes, inference or provider-pass claim
  ---
  duration_ms: 13.226958
  type: 'test'
  ...
# Subtest: metered charge re-verifies receipt/successor without writes, inference or provider-pass claim
ok 74 - metered charge re-verifies receipt/successor without writes, inference or provider-pass claim
  ---
  duration_ms: 5.234958
  type: 'test'
  ...
# Subtest: wrong selection, case, exact body, receipt identity, cap, state or budget refuses recovery
    # Subtest: pending
    ok 1 - pending
      ---
      duration_ms: 1.777958
      type: 'test'
      ...
    # Subtest: extra history
    ok 2 - extra history
      ---
      duration_ms: 1.089833
      type: 'test'
      ...
    # Subtest: different financial operation
    ok 3 - different financial operation
      ---
      duration_ms: 1.041959
      type: 'test'
      ...
    # Subtest: wrong case
    ok 4 - wrong case
      ---
      duration_ms: 1.376292
      type: 'test'
      ...
    # Subtest: wrong selection
    ok 5 - wrong selection
      ---
      duration_ms: 1.35475
      type: 'test'
      ...
    # Subtest: changed tariff
    ok 6 - changed tariff
      ---
      duration_ms: 1.828584
      type: 'test'
      ...
    # Subtest: wrong mode
    ok 7 - wrong mode
      ---
      duration_ms: 1.341708
      type: 'test'
      ...
    # Subtest: wrong provider
    ok 8 - wrong provider
      ---
      duration_ms: 1.355166
      type: 'test'
      ...
    # Subtest: wrong model
    ok 9 - wrong model
      ---
      duration_ms: 1.481917
      type: 'test'
      ...
    # Subtest: changed cap
    ok 10 - changed cap
      ---
      duration_ms: 1.484459
      type: 'test'
      ...
    # Subtest: extra operation
    ok 11 - extra operation
      ---
      duration_ms: 1.398
      type: 'test'
      ...
    # Subtest: different body
    ok 12 - different body
      ---
      duration_ms: 1.722833
      type: 'test'
      ...
    # Subtest: unsent operation
    ok 13 - unsent operation
      ---
      duration_ms: 5.628041
      type: 'test'
      ...
    # Subtest: wrong receipt operation
    ok 14 - wrong receipt operation
      ---
      duration_ms: 0.847625
      type: 'test'
      ...
    # Subtest: wrong receipt request
    ok 15 - wrong receipt request
      ---
      duration_ms: 0.5685
      type: 'test'
      ...
    # Subtest: late loss receipt
    ok 16 - late loss receipt
      ---
      duration_ms: 0.555458
      type: 'test'
      ...
    # Subtest: excess reservation
    ok 17 - excess reservation
      ---
      duration_ms: 0.524125
      type: 'test'
      ...
    # Subtest: wrong state
    ok 18 - wrong state
      ---
      duration_ms: 2.106167
      type: 'test'
      ...
    # Subtest: waiver charge
    ok 19 - waiver charge
      ---
      duration_ms: 0.561667
      type: 'test'
      ...
    # Subtest: missing reservation
    ok 20 - missing reservation
      ---
      duration_ms: 2.956708
      type: 'test'
      ...
    # Subtest: budget reset
    ok 21 - budget reset
      ---
      duration_ms: 1.412167
      type: 'test'
      ...
    # Subtest: budget refund
    ok 22 - budget refund
      ---
      duration_ms: 1.588333
      type: 'test'
      ...
    # Subtest: budget arithmetic
    ok 23 - budget arithmetic
      ---
      duration_ms: 2.046666
      type: 'test'
      ...
    1..23
ok 75 - wrong selection, case, exact body, receipt identity, cap, state or budget refuses recovery
  ---
  duration_ms: 37.871084
  type: 'test'
  ...
# Subtest: invalid Ed25519 receipt and failed or substituted successor verifier are rejected
ok 76 - invalid Ed25519 receipt and failed or substituted successor verifier are rejected
  ---
  duration_ms: 5.97175
  type: 'test'
  ...
# Subtest: caller mutation during asynchronous verification cannot substitute accepted evidence
ok 77 - caller mutation during asynchronous verification cannot substitute accepted evidence
  ---
  duration_ms: 1.419625
  type: 'test'
  ...
# Subtest: later explicit demo reservations count globally without replacing acceptance-case recovery evidence
ok 78 - later explicit demo reservations count globally without replacing acceptance-case recovery evidence
  ---
  duration_ms: 5.969375
  type: 'test'
  ...
# Subtest: unstarted quote failure is read-only across active, mutual-close intent and closed journal
ok 79 - unstarted quote failure is read-only across active, mutual-close intent and closed journal
  ---
  duration_ms: 4.067166
  type: 'test'
  ...
# Subtest: unstarted recovery rejects changed checkpoint, saved AUTH/history, state, selection and budget
    # Subtest: checkpoint case
    ok 1 - checkpoint case
      ---
      duration_ms: 1.061833
      type: 'test'
      ...
    # Subtest: checkpoint parent
    ok 2 - checkpoint parent
      ---
      duration_ms: 0.783125
      type: 'test'
      ...
    # Subtest: checkpoint scope
    ok 3 - checkpoint scope
      ---
      duration_ms: 0.904917
      type: 'test'
      ...
    # Subtest: checkpoint passed
    ok 4 - checkpoint passed
      ---
      duration_ms: 0.689417
      type: 'test'
      ...
    # Subtest: checkpoint full gate
    ok 5 - checkpoint full gate
      ---
      duration_ms: 0.6915
      type: 'test'
      ...
    # Subtest: checkpoint unknown field
    ok 6 - checkpoint unknown field
      ---
      duration_ms: 0.684125
      type: 'test'
      ...
    # Subtest: diagnostic unknown field
    ok 7 - diagnostic unknown field
      ---
      duration_ms: 0.85975
      type: 'test'
      ...
    # Subtest: diagnostic missing field
    ok 8 - diagnostic missing field
      ---
      duration_ms: 0.677834
      type: 'test'
      ...
    # Subtest: after quote
    ok 9 - after quote
      ---
      duration_ms: 0.657125
      type: 'test'
      ...
    # Subtest: wrong status
    ok 10 - wrong status
      ---
      duration_ms: 0.624583
      type: 'test'
      ...
    # Subtest: inference observed
    ok 11 - inference observed
      ---
      duration_ms: 0.626167
      type: 'test'
      ...
    # Subtest: settlement begun
    ok 12 - settlement begun
      ---
      duration_ms: 0.616375
      type: 'test'
      ...
    # Subtest: inference replay
    ok 13 - inference replay
      ---
      duration_ms: 3.926583
      type: 'test'
      ...
    # Subtest: negative timing
    ok 14 - negative timing
      ---
      duration_ms: 1.734625
      type: 'test'
      ...
    # Subtest: fractional timing
    ok 15 - fractional timing
      ---
      duration_ms: 1.826917
      type: 'test'
      ...
    # Subtest: oversized timing
    ok 16 - oversized timing
      ---
      duration_ms: 1.494042
      type: 'test'
      ...
    # Subtest: pending AUTH
    ok 17 - pending AUTH
      ---
      duration_ms: 1.621459
      type: 'test'
      ...
    # Subtest: settled history
    ok 18 - settled history
      ---
      duration_ms: 4.657916
      type: 'test'
      ...
    # Subtest: cleared AUTH evidence
    ok 19 - cleared AUTH evidence
      ---
      duration_ms: 3.141708
      type: 'test'
      ...
    # Subtest: missing witness
    ok 20 - missing witness
      ---
      duration_ms: 1.211459
      type: 'test'
      ...
    # Subtest: different deposit witness
    ok 21 - different deposit witness
      ---
      duration_ms: 1.158375
      type: 'test'
      ...
    # Subtest: different original deposit
    ok 22 - different original deposit
      ---
      duration_ms: 1.221334
      type: 'test'
      ...
    # Subtest: different balance
    ok 23 - different balance
      ---
      duration_ms: 1.599
      type: 'test'
      ...
    # Subtest: non-genesis anchor
    ok 24 - non-genesis anchor
      ---
      duration_ms: 1.226459
      type: 'test'
      ...
    # Subtest: signed successor
    ok 25 - signed successor
      ---
      duration_ms: 1.2905
      type: 'test'
      ...
    # Subtest: cap above deposit
    ok 26 - cap above deposit
      ---
      duration_ms: 0.691083
      type: 'test'
      ...
    # Subtest: missing context tariff
    ok 27 - missing context tariff
      ---
      duration_ms: 0.622917
      type: 'test'
      ...
    # Subtest: pending escape
    ok 28 - pending escape
      ---
      duration_ms: 0.440458
      type: 'test'
      ...
    # Subtest: escape operation
    ok 29 - escape operation
      ---
      duration_ms: 0.444167
      type: 'test'
      ...
    # Subtest: imported history
    ok 30 - imported history
      ---
      duration_ms: 0.434875
      type: 'test'
      ...
    # Subtest: historical escape
    ok 31 - historical escape
      ---
      duration_ms: 0.437791
      type: 'test'
      ...
    # Subtest: closed without mutual history
    ok 32 - closed without mutual history
      ---
      duration_ms: 0.449333
      type: 'test'
      ...
    # Subtest: profile mismatch
    ok 33 - profile mismatch
      ---
      duration_ms: 0.588167
      type: 'test'
      ...
    # Subtest: case mismatch
    ok 34 - case mismatch
      ---
      duration_ms: 1.283292
      type: 'test'
      ...
    # Subtest: selection mismatch
    ok 35 - selection mismatch
      ---
      duration_ms: 0.646083
      type: 'test'
      ...
    # Subtest: tariff mismatch
    ok 36 - tariff mismatch
      ---
      duration_ms: 0.624125
      type: 'test'
      ...
    # Subtest: budget identity mismatch
    ok 37 - budget identity mismatch
      ---
      duration_ms: 1.092875
      type: 'test'
      ...
    # Subtest: unexpected selected reservation
    ok 38 - unexpected selected reservation
      ---
      duration_ms: 0.862292
      type: 'test'
      ...
    # Subtest: wrong reservation amount
    ok 39 - wrong reservation amount
      ---
      duration_ms: 0.842792
      type: 'test'
      ...
    # Subtest: duplicate reservation
    ok 40 - duplicate reservation
      ---
      duration_ms: 0.691667
      type: 'test'
      ...
    # Subtest: budget arithmetic
    ok 41 - budget arithmetic
      ---
      duration_ms: 4.30075
      type: 'test'
      ...
    # Subtest: refund flag
    ok 42 - refund flag
      ---
      duration_ms: 1.538833
      type: 'test'
      ...
    1..42
ok 80 - unstarted recovery rejects changed checkpoint, saved AUTH/history, state, selection and budget
  ---
  duration_ms: 52.936833
  type: 'test'
  ...
# Subtest: unstarted guard preserves other consumed cases and also permits a never-used global campaign
ok 81 - unstarted guard preserves other consumed cases and also permits a never-used global campaign
  ---
  duration_ms: 2.34975
  type: 'test'
  ...
# Subtest: completed profile reuses original budget snapshot and exact report bytes after another profile reserves
ok 82 - completed profile reuses original budget snapshot and exact report bytes after another profile reserves
  ---
  duration_ms: 5.733708
  type: 'test'
  ...
# Subtest: first completion is durable and a same-snapshot reopen does not rewrite it
ok 83 - first completion is durable and a same-snapshot reopen does not rewrite it
  ---
  duration_ms: 9.417292
  type: 'test'
  ...
# Subtest: explicit demo reservation shares aggregate budget without changing historical acceptance report
ok 84 - explicit demo reservation shares aggregate budget without changing historical acceptance report
  ---
  duration_ms: 10.141958
  type: 'test'
  ...
# Subtest: budget rollback, substitution, malformed arithmetic and mutable profile evidence fail without changing report
ok 85 - budget rollback, substitution, malformed arithmetic and mutable profile evidence fail without changing report
  ---
  duration_ms: 12.130917
  type: 'test'
  ...
# Subtest: saved snapshot must include the completed profile case even if a later valid budget does
ok 86 - saved snapshot must include the completed profile case even if a later valid budget does
  ---
  duration_ms: 0.903125
  type: 'test'
  ...
# Subtest: failure checkpoint accepts only bounded fixed metadata and preserves original bytes
ok 87 - failure checkpoint accepts only bounded fixed metadata and preserves original bytes
  ---
  duration_ms: 8.293
  type: 'test'
  ...
1..87
# tests 152
# suites 0
# pass 152
# fail 0
# cancelled 0
# skipped 0
# todo 0
# duration_ms 9022.285666
