✔ one chat call quotes, proves, authorizes, sends once and verifies settlement; model switch uses its tariff (534.280208ms)
✔ lists and notifications are detached and omit secrets, prompt bodies and provider keys (198.112166ms)
✔ quote rejection never reaches proof, AUTH or inference (44.157125ms)
✔ reopening pending AUTH is read-only; new sends are blocked and recovery sends only saved AUTH (243.911083ms)
✔ explicit unaccepted AUTH recovery verifies permanent clearance and archives expired work without replay or signing (232.935958ms)
✔ unavailable or invalid clearance preserves the exact AUTH and state for explicit same-note retry (281.502375ms)
✔ clearance holds the shared action lock and another facade re-verifies the completed archive (221.432083ms)
✔ clearance eligibility excludes accepted, used, prepared, closing and wallet-busy notes (1042.902917ms)
✔ explicit emergency escape preserves uncertain inference before proof work and keeps recovery fenced after reopen (308.65675ms)
✔ emergency escape stays explicit and refuses a never-sent authorization or an unrelated note (156.06125ms)
✔ challenge recovery remains visible after finalization preparation without treating its status hint as chain evidence (334.806042ms)
✔ response loss and failed settlement retain operation; restarting never replays it (541.487041ms)
✔ an unverified successor never becomes available balance (318.245375ms)
✔ stream holds action lock; cancellation closes shared lifecycle and releases the client (250.617875ms)
✔ stream helpers finish settlement before returning to the next send (857.9235ms)
✔ stream errors await the existing close finalizer before releasing the application lock (278.220667ms)
✔ cancelling a pending read retains the application lock through settlement (273.439292ms)
✔ separate instances share a note lock through body consumption (574.993042ms)
✔ invalid model, API, ID and body cannot start an authorization; abort-before-send is side-effect free (41.892292ms)
✔ expired, cleared, closed and insufficient notes cannot start chat (276.998292ms)
✔ dispose does not settle or erase storage and refuses later actions (40.454959ms)
✔ model switch settles the old session and dispatches the original new operation once (397.566125ms)
✔ model switch cannot close a session with an active response (356.777791ms)
✔ unfinished or unverifiable close blocks new-model authorization without replay (1313.427791ms)
✔ aborting during old-session settlement never authorizes the new model (200.015459ms)
✔ shutdown during model-switch settlement closes without admitting the new send (226.488834ms)
✔ reuse expiry and a concurrent maintenance tick admit a new request once after settlement (409.851375ms)
✔ validated model policies drive the advertised provider and reject unsupported APIs before AUTH (180.566375ms)
✔ direct client tools accept arbitrary JSON Schema property names without admitting unsupported modalities (584.761167ms)
✔ direct identity and transport metadata is rejected before AUTH or inference (59.162333ms)
✔ direct structured text formats are supported only at the native API format paths (1248.150583ms)
✔ direct Responses requires explicit disabled storage before AUTH (249.539917ms)
✔ daemon exposes inference headers without upstream cookies or tracking headers (660.576875ms)
✔ clientd shares encrypted journal, streams once, reuses 60-second session and closes idle (318.470958ms)
✔ reuse zero closes after every request and duplicate operation cannot cross settled sessions (484.015875ms)
✖ uncertain direct inference is never replayed after restart; one encrypted key, same mode (174.871042ms)
✔ restart keeps admin reachable for explicit absent-operation reconciliation without inference replay (422.564292ms)
✔ restart outage keeps inference blocked until explicit recovery closes the previous session (230.803666ms)
✔ startup rejects a tampered encrypted journal before contacting control (87.575375ms)
✔ expired never-sent authorization has explicit admin cancellation; uncertain inference cannot be canceled (123.066ms)
✔ direct 202 with missing key closes without inference or proxy fallback (63.201542ms)
✖ OA key is independently verified before clientd inference and reused only within the same session (85.294041ms)
✔ OA verifier rejection closes the same authorization without saving a key or sending inference (71.132625ms)
✔ stream cancel still closes reuse-zero session, unsupported direct modalities never authorize (109.760833ms)
✔ graceful shutdown waits for delivered streams and durable session close (157.247167ms)
✔ canceling a pending read retains native admission until upstream cancellation finishes (216.603125ms)
✔ graceful shutdown also waits for admission already preparing its authorization (120.708542ms)
✔ native custody wraps random key, authenticates passphrase and metadata, and refuses reset (218.865875ms)
✔ actual Unix HTTP disconnect cancels upstream response and waits for stream finalizer (27.816333ms)
✔ disconnect before upstream headers aborts inference and retains its non-replayable intent (231.232583ms)
✔ already disconnected Unix response cancels a late body without waiting for its first byte (5.855458ms)
✔ explicit absent-operation reconciliation requires terminal settlement and original crypto verification (218.965333ms)
✔ absent-operation reconciliation does not persist exclusions when the signed successor fails verification (187.938167ms)
✔ prepare snapshots exact authorization and credentials; send_unknown is durable before the first POST (96.845208ms)
✔ two callers cannot prepare two unresolved authorizations for the same note (49.367792ms)
✔ authorization response loss recovers only identical proof/body/token, even after restart (109.4165ms)
✔ close of an unknown create preserves exact authorization recovery and durable close intent (178.416084ms)
✔ closing an unknown direct create withholds a newly delivered key and resumes close after response loss (151.502ms)
✔ direct 202 or missing first key persists closing and uses saved control credential, without changing mode (257.22025ms)
✖ initial direct key remains encrypted in journal and normal GET recovery never asks for reissue (134.862958ms)
✔ OA key without independently verifiable evidence is withheld and the same session closes (144.282791ms)
✖ OA evidence is checked before key delivery, cached for use and independently rechecked after SDK restart (139.6185ms)
▶ untrusted OA evidence and verifier failures close without exposing or persisting a usable key
  ✔ missing independent pin (92.801166ms)
  ✔ missing evidence (107.385292ms)
  ✔ null evidence (101.831334ms)
  ✔ injected verifier URL (101.094625ms)
  ✔ wrong station (106.586625ms)
  ✔ malformed signature (100.475209ms)
  ✔ unknown evidence field (108.833458ms)
  ✔ wrong attestation flag type (108.248959ms)
  ✔ string evidence expiry (114.231667ms)
  ✔ unsafe evidence expiry (126.657375ms)
  ✔ fractional evidence expiry (103.30775ms)
  ✔ numeric lease expiry (125.37025ms)
  ✔ noncanonical lease expiry (107.743542ms)
  ✔ missing lease expiry (85.677209ms)
  ✔ expired lease (98.894625ms)
  ✔ evidence expires before lease (104.535792ms)
  ✔ excessive expiry skew (102.282542ms)
  ✔ verifier rejects substituted key (106.609167ms)
  ✔ HTTP failure with verified body (100.319458ms)
  ✔ network timeout (124.015917ms)
  ✔ duplicate JSON status (101.771459ms)
  ✔ wrong verifier status type (95.110459ms)
  ✔ expiry crossed during verification (90.131791ms)
✔ untrusted OA evidence and verifier failures close without exposing or persisting a usable key (2416.153542ms)
✔ OA verifier pins are detached from mutable caller options and the existing 65-second issuer skew is accepted (117.063125ms)
✔ OA failed close retains keyless closing state and can settle without verifier access (145.670834ms)
▶ legacy OA keys and changed saved evidence cannot bypass verification on direct send
  ✔ legacy (157.820916ms)
  ✖ key (191.011792ms)
  ✔ evidence (191.432375ms)
  ✔ expiry (181.937291ms)
  ✖ pins (165.726ms)
✖ legacy OA keys and changed saved evidence cannot bypass verification on direct send (888.715417ms)
✔ SETTLED text with failed successor verification preserves old note and unresolved authorization (121.742708ms)
✔ verified successor is committed with old state and transcript before a note becomes available (166.60225ms)
✔ server session identity substitution cannot change the note (100.931583ms)
✔ duplicate receipt and nonadvancing cursor both block settlement before the verifier (271.4275ms)
✔ inference persists exact bytes before send; response loss and restart cannot auto replay (175.202084ms)
✔ concurrent senders dispatch one inference and 409 points at status without retrying (214.026834ms)
✔ failed durable save stops authorization dispatch and failed RP verification never creates pending state (115.395541ms)
✔ duplicate JSON fields in status fail closed without advancing state (106.782333ms)
✔ browser-compatible credential encoding is byte-identical to Node base64url including both substituted alphabet characters and padding (1.292167ms)
✔ credential mode is explicit and expiry warning includes the Active principal treasury consequence (0.226ms)
✔ quote verifies real Ed25519 and signed tariff binding while preserving request/price snapshots (35.076125ms)
✔ quote rejects altered signature, body digest, tariff bytes and unpinned tariff (32.274125ms)
✔ validly signed quotes cannot substitute deployment, pool, mode, provider, model, tariff or API origins (31.597666ms)
✔ quote admission accepts issued_at and rejects expires_at equality, future quotes, bad TTL and concurrency (34.109292ms)
✔ tariff validity is bound to quote issue time including the exclusive valid_until boundary (29.9585ms)
✔ quote rejects extra prompt/secret fields, implicit mode and invalid selection before any request leaves the client (30.994ms)
✔ expired never-sent authorization remains cancellable and can be replaced without changing the note state (200.978917ms)
✔ possibly-sent authorization cannot be cancelled and recovers identical bytes after quote expiry (178.889792ms)
✔ schema 2 survives every ControlClient authorization, inference, recovery and settlement writer (191.998708ms)
✔ accepted AUTH plus lost inference and close 503 escapes in the same encrypted journal, then finalizes only after deadline (1354.665125ms)
✔ finalized challenge restores only close/status recovery and a verified successor; no AUTH or inference replay (1170.668ms)
✔ challenge before escape execute ACK reconciles exact receipt without another financial send (912.318459ms)
✔ unacknowledged AUTH escape recovery never repeats AUTH even if original saved phase is send_unknown (915.617834ms)
▶ emergency archive rejects fabricated phase, missing exact receipt, modified state/request/operations and unsafe active reuse
  ✔ duplicate archive (337.849375ms)
  ✔ phase (323.398917ms)
  ✔ previous (335.190417ms)
  ✔ request (321.405625ms)
  ✔ nullifier (330.131916ms)
  ✔ operation identity (345.612541ms)
  ✔ active reuse (332.355666ms)
  ✔ receipt (335.907042ms)
  ✔ extra fields (262.387917ms)
✔ emergency archive rejects fabricated phase, missing exact receipt, modified state/request/operations and unsafe active reuse (3630.996042ms)
✔ completed emergency recovery rejects duplicated settlement history or a fabricated settled archive (715.832958ms)
▶ challenge reconciliation cancels only unsigned or conclusively rejected finalization attempts, retaining every signed byte
  ✔ unsigned (622.684041ms)
  ✔ unknown (685.676292ms)
  ✔ successful (610.38725ms)
  ✔ rejected (642.96225ms)
✔ challenge reconciliation cancels only unsigned or conclusively rejected finalization attempts, retaining every signed byte (2562.141375ms)
ℹ tests 133
ℹ suites 0
ℹ pass 126
ℹ fail 7
ℹ cancelled 0
ℹ skipped 0
ℹ todo 0
ℹ duration_ms 11443.538875

✖ failing tests:

test at packages/sdk/test/clientd.test.ts:216:1
✖ uncertain direct inference is never replayed after restart; one encrypted key, same mode (174.871042ms)
  AssertionError [ERR_ASSERTION]: Expected values to be strictly equal:
  + actual - expected
  
  + undefined
  - 'provider-secret'
  
      at TestContext.<anonymous> (file:///Users/yukikimura/work/solana-zkapi/packages/sdk/test/clientd.test.ts:218:10)
      at async Test.run (node:internal/test_runner/test:1389:7)
      at async Test.processPendingSubtests (node:internal/test_runner/test:960:7) {
    generatedMessage: true,
    code: 'ERR_ASSERTION',
    actual: undefined,
    expected: 'provider-secret',
    operator: 'strictEqual',
    diff: 'simple'
  }

test at packages/sdk/test/clientd.test.ts:257:1
✖ OA key is independently verified before clientd inference and reused only within the same session (85.294041ms)
  AssertionError [ERR_ASSERTION]: Expected values to be strictly equal:
  + actual - expected
  
  + undefined
  - 'provider-secret'
  
      at TestContext.<anonymous> (file:///Users/yukikimura/work/solana-zkapi/packages/sdk/test/clientd.test.ts:261:10)
      at async Test.run (node:internal/test_runner/test:1389:7)
      at async Test.processPendingSubtests (node:internal/test_runner/test:960:7) {
    generatedMessage: true,
    code: 'ERR_ASSERTION',
    actual: undefined,
    expected: 'provider-secret',
    operator: 'strictEqual',
    diff: 'simple'
  }

test at packages/sdk/test/control.test.ts:170:1
✖ initial direct key remains encrypted in journal and normal GET recovery never asks for reissue (134.862958ms)
  AssertionError [ERR_ASSERTION]: Expected values to be strictly equal:
  
  'POST' !== 'GET'
  
      at file:///Users/yukikimura/work/solana-zkapi/packages/sdk/test/control.test.ts:174:39
      at fetch (file:///Users/yukikimura/work/solana-zkapi/packages/sdk/test/control.test.ts:53:290)
      at ControlClient.fetch (file:///Users/yukikimura/work/solana-zkapi/packages/sdk/src/control.ts:417:52)
      at ControlClient.closePending (file:///Users/yukikimura/work/solana-zkapi/packages/sdk/src/control.ts:466:33)
      at ControlClient.accept (file:///Users/yukikimura/work/solana-zkapi/packages/sdk/src/control.ts:627:33)
      at async NativeJournalStore.withLock (file:///Users/yukikimura/work/solana-zkapi/packages/sdk/src/journal-node.ts:73:14)
      at async TestContext.<anonymous> (file:///Users/yukikimura/work/solana-zkapi/packages/sdk/test/control.test.ts:175:3)
      at async Test.run (node:internal/test_runner/test:1389:7)
      at async Test.processPendingSubtests (node:internal/test_runner/test:960:7) {
    generatedMessage: true,
    code: 'ERR_ASSERTION',
    actual: 'POST',
    expected: 'GET',
    operator: 'strictEqual',
    diff: 'simple'
  }

test at packages/sdk/test/control.test.ts:193:1
✖ OA evidence is checked before key delivery, cached for use and independently rechecked after SDK restart (139.6185ms)
  Error: active direct session required
      at requireTrue (file:///Users/yukikimura/work/solana-zkapi/packages/sdk/src/control.ts:120:78)
      at file:///Users/yukikimura/work/solana-zkapi/packages/sdk/src/control.ts:694:7
      at async NativeJournalStore.withLock (file:///Users/yukikimura/work/solana-zkapi/packages/sdk/src/journal-node.ts:73:14)
      at async ControlClient.sendDirectOperation (file:///Users/yukikimura/work/solana-zkapi/packages/sdk/src/control.ts:691:22)
      at async TestContext.<anonymous> (file:///Users/yukikimura/work/solana-zkapi/packages/sdk/test/control.test.ts:221:3)
      at async Test.run (node:internal/test_runner/test:1389:7)
      at async Test.processPendingSubtests (node:internal/test_runner/test:960:7)

test at packages/sdk/test/control.test.ts:307:90
✖ key (191.011792ms)
  AssertionError [ERR_ASSERTION]: The input did not match the regular expression /OA key verification failed/. Input:
  
  'AssertionError [ERR_ASSERTION]: The expression evaluated to a falsy value:\n' +
    '\n' +
    "  assert.ok(call.url.endsWith('/close'))\n"
  
      at async TestContext.<anonymous> (file:///Users/yukikimura/work/solana-zkapi/packages/sdk/test/control.test.ts:323:5)
      at async Test.run (node:internal/test_runner/test:1389:7)
      at async TestContext.<anonymous> (file:///Users/yukikimura/work/solana-zkapi/packages/sdk/test/control.test.ts:307:82)
      at async Test.run (node:internal/test_runner/test:1389:7)
      at async Test.processPendingSubtests (node:internal/test_runner/test:960:7) {
    generatedMessage: true,
    code: 'ERR_ASSERTION',
    actual: AssertionError [ERR_ASSERTION]: The expression evaluated to a falsy value:
    
      assert.ok(call.url.endsWith('/close'))
    
        at file:///Users/yukikimura/work/solana-zkapi/packages/sdk/test/control.test.ts:320:14
        at fetch (file:///Users/yukikimura/work/solana-zkapi/packages/sdk/test/control.test.ts:53:290)
        at ControlClient.sendDirectOperation (file:///Users/yukikimura/work/solana-zkapi/packages/sdk/src/control.ts:713:52)
        at async waitForActual (node:assert:646:5)
        at async strict.rejects (node:assert:769:25)
        at async TestContext.<anonymous> (file:///Users/yukikimura/work/solana-zkapi/packages/sdk/test/control.test.ts:323:5)
        at async Test.run (node:internal/test_runner/test:1389:7)
        at async TestContext.<anonymous> (file:///Users/yukikimura/work/solana-zkapi/packages/sdk/test/control.test.ts:307:82)
        at async Test.run (node:internal/test_runner/test:1389:7)
        at async Test.processPendingSubtests (node:internal/test_runner/test:960:7),
    expected: /OA key verification failed/,
    operator: 'rejects',
    diff: 'simple'
  }

test at packages/sdk/test/control.test.ts:307:90
✖ pins (165.726ms)
  AssertionError [ERR_ASSERTION]: The input did not match the regular expression /OA key verification failed/. Input:
  
  'Error: active direct session required'
  
      at async TestContext.<anonymous> (file:///Users/yukikimura/work/solana-zkapi/packages/sdk/test/control.test.ts:323:5)
      at async Test.run (node:internal/test_runner/test:1389:7)
      at async TestContext.<anonymous> (file:///Users/yukikimura/work/solana-zkapi/packages/sdk/test/control.test.ts:307:82)
      at async Test.run (node:internal/test_runner/test:1389:7)
      at async Test.processPendingSubtests (node:internal/test_runner/test:960:7) {
    generatedMessage: true,
    code: 'ERR_ASSERTION',
    actual: Error: active direct session required
        at requireTrue (file:///Users/yukikimura/work/solana-zkapi/packages/sdk/src/control.ts:120:78)
        at file:///Users/yukikimura/work/solana-zkapi/packages/sdk/src/control.ts:694:7
        at async NativeJournalStore.withLock (file:///Users/yukikimura/work/solana-zkapi/packages/sdk/src/journal-node.ts:73:14)
        at async ControlClient.sendDirectOperation (file:///Users/yukikimura/work/solana-zkapi/packages/sdk/src/control.ts:691:22)
        at async waitForActual (node:assert:646:5)
        at async strict.rejects (node:assert:769:25)
        at async TestContext.<anonymous> (file:///Users/yukikimura/work/solana-zkapi/packages/sdk/test/control.test.ts:323:5)
        at async Test.run (node:internal/test_runner/test:1389:7)
        at async TestContext.<anonymous> (file:///Users/yukikimura/work/solana-zkapi/packages/sdk/test/control.test.ts:307:82)
        at async Test.run (node:internal/test_runner/test:1389:7),
    expected: /OA key verification failed/,
    operator: 'rejects',
    diff: 'simple'
  }
