✔ one chat call quotes, proves, authorizes, sends once and verifies settlement; model switch uses its tariff (571.281417ms)
✔ lists and notifications are detached and omit secrets, prompt bodies and provider keys (231.501209ms)
✔ quote rejection never reaches proof, AUTH or inference (31.76475ms)
✔ reopening pending AUTH is read-only; new sends are blocked and recovery sends only saved AUTH (241.097334ms)
✔ explicit unaccepted AUTH recovery verifies permanent clearance and archives expired work without replay or signing (244.839917ms)
✔ unavailable or invalid clearance preserves the exact AUTH and state for explicit same-note retry (289.601875ms)
✔ clearance holds the shared action lock and another facade re-verifies the completed archive (219.52475ms)
✔ clearance eligibility excludes accepted, used, prepared, closing and wallet-busy notes (1089.569417ms)
✔ explicit emergency escape preserves uncertain inference before proof work and keeps recovery fenced after reopen (346.852667ms)
✔ emergency escape stays explicit and refuses a never-sent authorization or an unrelated note (143.31125ms)
✔ challenge recovery remains visible after finalization preparation without treating its status hint as chain evidence (334.147458ms)
✔ response loss and failed settlement retain operation; restarting never replays it (644.130333ms)
✔ an unverified successor never becomes available balance (324.909542ms)
✔ stream holds action lock; cancellation closes shared lifecycle and releases the client (259.088583ms)
✔ stream helpers finish settlement before returning to the next send (820.252709ms)
✔ stream errors await the existing close finalizer before releasing the application lock (299.86975ms)
✔ cancelling a pending read retains the application lock through settlement (285.625292ms)
✔ separate instances share a note lock through body consumption (573.290375ms)
✔ invalid model, API, ID and body cannot start an authorization; abort-before-send is side-effect free (53.805791ms)
✔ expired, cleared, closed and insufficient notes cannot start chat (274.657667ms)
✔ dispose does not settle or erase storage and refuses later actions (17.118708ms)
✔ model switch settles the old session and dispatches the original new operation once (412.308583ms)
✔ model switch cannot close a session with an active response (395.391875ms)
✔ unfinished or unverifiable close blocks new-model authorization without replay (1378.202125ms)
✔ aborting during old-session settlement never authorizes the new model (246.958ms)
✔ shutdown during model-switch settlement closes without admitting the new send (223.74275ms)
✔ reuse expiry and a concurrent maintenance tick admit a new request once after settlement (346.425708ms)
✔ validated model policies drive the advertised provider and reject unsupported APIs before AUTH (202.492042ms)
✔ direct client tools accept arbitrary JSON Schema property names without admitting unsupported modalities (597.227333ms)
✔ direct identity and transport metadata is rejected before AUTH or inference (58.526417ms)
✔ direct structured text formats are supported only at the native API format paths (1193.180584ms)
✔ direct Responses requires explicit disabled storage before AUTH (208.459875ms)
✔ daemon exposes inference headers without upstream cookies or tracking headers (661.043625ms)
✔ clientd shares encrypted journal, streams once, reuses 60-second session and closes idle (340.894708ms)
✔ reuse zero closes after every request and duplicate operation cannot cross settled sessions (520.527792ms)
✔ uncertain direct inference is never replayed after restart; volatile key, same mode (231.29625ms)
✔ restart keeps admin reachable for explicit absent-operation reconciliation without inference replay (457.659958ms)
✔ restart outage keeps inference blocked until explicit recovery closes the previous session (311.848791ms)
✔ startup rejects a tampered encrypted journal before contacting control (97.84775ms)
✔ expired never-sent authorization has explicit admin cancellation; uncertain inference cannot be canceled (126.617667ms)
✔ direct 202 with missing key closes without inference or proxy fallback (66.671375ms)
✔ OA key is independently verified before clientd inference and reused only within the same session (97.718959ms)
✔ OA verifier rejection closes the same authorization without saving a key or sending inference (87.436917ms)
✔ stream cancel still closes reuse-zero session, unsupported direct modalities never authorize (103.685208ms)
✔ graceful shutdown waits for delivered streams and durable session close (146.273709ms)
✔ canceling a pending read retains native admission until upstream cancellation finishes (237.00375ms)
✔ graceful shutdown also waits for admission already preparing its authorization (125.429625ms)
✔ native custody wraps random key, authenticates passphrase and metadata, and refuses reset (217.957125ms)
✔ actual Unix HTTP disconnect cancels upstream response and waits for stream finalizer (27.454292ms)
✔ disconnect before upstream headers aborts inference and retains its non-replayable intent (255.53225ms)
✔ already disconnected Unix response cancels a late body without waiting for its first byte (2.849625ms)
✔ explicit absent-operation reconciliation requires terminal settlement and original crypto verification (234.71075ms)
✔ absent-operation reconciliation does not persist exclusions when the signed successor fails verification (152.072833ms)
✔ prepare snapshots exact authorization and credentials; send_unknown is durable before the first POST (96.294417ms)
✔ two callers cannot prepare two unresolved authorizations for the same note (69.246209ms)
✔ authorization response loss recovers only identical proof/body/token, even after restart (138.042209ms)
✔ close of an unknown create preserves exact authorization recovery and durable close intent (157.843333ms)
✔ closing an unknown direct create withholds a newly delivered key and resumes close after response loss (168.417584ms)
✔ direct 202 or missing first key persists closing and uses saved control credential, without changing mode (232.8775ms)
✔ direct key stays only in the current client and restart closes the same keyless session (247.220292ms)
▶ legacy persisted direct keys remain readable but cannot authorize inference after restart
  ✔ direct_oa (123.74425ms)
  ✔ direct_openrouter (125.630334ms)
✔ legacy persisted direct keys remain readable but cannot authorize inference after restart (249.989167ms)
✔ failed key-delivery persistence cannot leave a usable volatile key or change saved AUTH (102.487584ms)
✔ a volatile direct key cannot hydrate a changed authorization or be replaced by a persisted key field (203.877083ms)
✔ forgetting volatile keys does not alter custody and same-session recovery settles without another key (146.614084ms)
✔ OA key without independently verifiable evidence is withheld and the same session closes (130.851667ms)
✔ OA evidence is checked before volatile key delivery and a restarted SDK cannot revive the key (161.270792ms)
▶ untrusted OA evidence and verifier failures close without exposing or persisting a usable key
  ✔ missing independent pin (104.502917ms)
  ✔ missing evidence (90.332292ms)
  ✔ null evidence (112.669875ms)
  ✔ injected verifier URL (93.603041ms)
  ✔ wrong station (88.802417ms)
  ✔ malformed signature (135.96175ms)
  ✔ unknown evidence field (118.971958ms)
  ✔ wrong attestation flag type (120.621083ms)
  ✔ string evidence expiry (101.483875ms)
  ✔ unsafe evidence expiry (104.749959ms)
  ✔ fractional evidence expiry (99.620875ms)
  ✔ numeric lease expiry (85.347667ms)
  ✔ noncanonical lease expiry (109.527625ms)
  ✔ missing lease expiry (123.058042ms)
  ✔ expired lease (100.648333ms)
  ✔ evidence expires before lease (104.762958ms)
  ✔ excessive expiry skew (95.985416ms)
  ✔ verifier rejects substituted key (97.711083ms)
  ✔ HTTP failure with verified body (104.397625ms)
  ✔ network timeout (101.07775ms)
  ✔ duplicate JSON status (104.274792ms)
  ✔ wrong verifier status type (106.265042ms)
  ✔ expiry crossed during verification (129.915208ms)
✔ untrusted OA evidence and verifier failures close without exposing or persisting a usable key (2436.508667ms)
✔ OA verifier pins are detached from mutable caller options and the existing 65-second issuer skew is accepted (116.667208ms)
✔ OA failed close retains keyless closing state and can settle without verifier access (136.20075ms)
▶ changed saved OA evidence is independently rechecked against the current in-memory key
  ✔ legacy (174.472875ms)
  ✔ evidence (177.786667ms)
  ✔ expiry (185.982292ms)
✔ changed saved OA evidence is independently rechecked against the current in-memory key (538.693583ms)
✔ SETTLED text with failed successor verification preserves old note and unresolved authorization (146.241ms)
✔ verified successor is committed with old state and transcript before a note becomes available (175.616208ms)
✔ server session identity substitution cannot change the note (85.78775ms)
✔ duplicate receipt and nonadvancing cursor both block settlement before the verifier (255.500208ms)
✔ inference persists exact bytes before send; response loss and restart cannot auto replay (199.627125ms)
✔ concurrent senders dispatch one inference and 409 points at status without retrying (178.456709ms)
✔ failed durable save stops authorization dispatch and failed RP verification never creates pending state (104.635416ms)
✔ duplicate JSON fields in status fail closed without advancing state (96.829084ms)
✔ browser-compatible credential encoding is byte-identical to Node base64url including both substituted alphabet characters and padding (1.252292ms)
✔ credential mode is explicit and expiry warning includes the Active principal treasury consequence (0.265375ms)
✔ quote verifies real Ed25519 and signed tariff binding while preserving request/price snapshots (38.857666ms)
✔ quote rejects altered signature, body digest, tariff bytes and unpinned tariff (25.529791ms)
✔ validly signed quotes cannot substitute deployment, pool, mode, provider, model, tariff or API origins (44.938166ms)
✔ quote admission accepts issued_at and rejects expires_at equality, future quotes, bad TTL and concurrency (38.131209ms)
✔ tariff validity is bound to quote issue time including the exclusive valid_until boundary (45.153875ms)
✔ quote rejects extra prompt/secret fields, implicit mode and invalid selection before any request leaves the client (37.447458ms)
✔ expired never-sent authorization remains cancellable and can be replaced without changing the note state (186.676875ms)
✔ possibly-sent authorization cannot be cancelled and recovers identical bytes after quote expiry (137.488459ms)
✔ schema 2 survives every ControlClient authorization, inference, recovery and settlement writer (184.1885ms)
✔ accepted AUTH plus lost inference and close 503 escapes in the same encrypted journal, then finalizes only after deadline (1386.8105ms)
✔ a new emergency archive omits a legacy direct key while preserving exact financial and inference evidence (337.88825ms)
✔ finalized challenge restores only close/status recovery and a verified successor; no AUTH or inference replay (1238.072083ms)
✔ challenge before escape execute ACK reconciles exact receipt without another financial send (918.991834ms)
✔ unacknowledged AUTH escape recovery never repeats AUTH even if original saved phase is send_unknown (917.346333ms)
▶ emergency archive rejects fabricated phase, missing exact receipt, modified state/request/operations and unsafe active reuse
  ✔ duplicate archive (314.58375ms)
  ✔ phase (335.567208ms)
  ✔ previous (328.114875ms)
  ✔ request (351.411708ms)
  ✔ nullifier (341.340625ms)
  ✔ operation identity (341.965334ms)
  ✔ active reuse (356.888125ms)
  ✔ receipt (283.433084ms)
  ✔ extra fields (257.961291ms)
✔ emergency archive rejects fabricated phase, missing exact receipt, modified state/request/operations and unsafe active reuse (3618.960416ms)
✔ completed emergency recovery rejects duplicated settlement history or a fabricated settled archive (700.60175ms)
▶ challenge reconciliation cancels only unsigned or conclusively rejected finalization attempts, retaining every signed byte
  ✔ unsigned (641.741458ms)
  ✔ unknown (626.496541ms)
  ✔ successful (623.322667ms)
  ✔ rejected (657.073709ms)
✔ challenge reconciliation cancels only unsigned or conclusively rejected finalization attempts, retaining every signed byte (2549.132667ms)
ℹ tests 138
ℹ suites 0
ℹ pass 138
ℹ fail 0
ℹ cancelled 0
ℹ skipped 0
ℹ todo 0
ℹ duration_ms 11841.318542
