✔ different selected notes and missing membership have identical network selectors (46.715084ms)
✔ no authorization fallback to note-selecting finance adapters (0.259125ms)
✔ snapshot data, canonical form and descriptor identity are checked before proving (466.201959ms)
✔ descriptor paths cannot redirect selected reads to an untrusted origin or endpoint (7.536417ms)
✔ finalized tree root, sequence, next ID and independent pool/genesis pins cannot be substituted (33.188542ms)
✔ local verification failure and malformed worker output fail closed without network fallback (11.53725ms)
✔ invalid selected IDs and minimum slots are rejected before any network request (17.515042ms)
✔ strict parser preserves JCS ordering/numbers and rejects duplicate/invalid JSON before hashing (1.194459ms)
✔ strict parser defaults to 1 MiB and permits only an explicit bounded local archive size (13.272042ms)
✔ expanded local archive limit retains duplicate, fatal UTF-8, depth and number checks (52.841333ms)
✔ authenticates a full OpenAPI manifest via external distribution signature or digest; immutable result (11.428625ms)
✔ rejects signed mismatched deployment, role keys, build/profile, binding, and malformed wire (14.879541ms)
✔ ceremony assertion requires independently reviewed transcripts and mainnet rejects relabeled public test keys (2.451458ms)
✔ explicit devnet test-only single-key custody preserves distribution and finalized PoolConfig admin pins (7.553708ms)
✔ single-key custody cannot be relabeled as local, mainnet, another genesis, or ceremony verified (4.189208ms)
✔ single-key authority discriminant and fields are strict for both roles (5.452041ms)
✔ checks finalized raw Vault PoolConfig PDA/owner/layout/role pins/cap/profile and never trusts an unverified object (5.304959ms)
✔ application factory authenticates independent pins, tariffs and finalized pool without sending or running proofs (12.516458ms)
✔ compact deposit requires authenticated capability and an independent build capability pin (4.81925ms)
✔ compact capability rejects a pinned but incompatible IDL before any wallet signing (12.831125ms)
✔ hashes exact artifact bytes, rejects each changed/missing artifact, and returns detached copies (5.722458ms)
✔ verified client bundle retains entry-time pool and artifact snapshots for the prover (4.701834ms)
✔ client context rejects initially altered artifacts even if buffers change during pool verification (4.279875ms)
✔ public profile options need an independent pin and cannot select funded legacy directories (1.669208ms)
✔ public profile authenticates all artifact bytes without service/wallet secrets (97.116208ms)
✔ operator repinning cannot relabel fixture keys, ceremony or mismatched artifact bindings (36.879792ms)
✔ launcher offline validation completes without RPC or wallet configuration (227.457417ms)
✔ fresh public base produces an independently pinned SDK manifest without I05 state (33.073167ms)
ℹ tests 28
ℹ suites 0
ℹ pass 28
ℹ fail 0
ℹ cancelled 0
ℹ skipped 0
ℹ todo 0
ℹ duration_ms 792.85325
