TAP version 13
# Subtest: production demo runs from the presentation bundle without API/wallet calls or changing stored live data
ok 1 - production demo runs from the presentation bundle without API/wallet calls or changing stored live data
  ---
  duration_ms: 904.231791
  type: 'test'
  ...
# Subtest: Chrome fixtures: wallet rejection/reload and provider one-send/reload/verified-settlement UI share existing SDK journals
ok 2 - Chrome fixtures: wallet rejection/reload and provider one-send/reload/verified-settlement UI share existing SDK journals
  ---
  duration_ms: 1490.990167
  type: 'test'
  ...
# Runtime browser: Chrome/154.0.8037.98
# Subtest: production build defaults to live with a separate sample; reused fixture output removes the sample
ok 3 - production build defaults to live with a separate sample; reused fixture output removes the sample
  ---
  duration_ms: 140.250583
  type: 'test'
  ...
# Subtest: initial deposit retains legacy ID and uses two USDC; reopened SDK operation blocks replacement
ok 4 - initial deposit retains legacy ID and uses two USDC; reopened SDK operation blocks replacement
  ---
  duration_ms: 33.148167
  type: 'test'
  ...
# Subtest: closed-note rotation preserves prior ciphertext and history; reload selects the new note
ok 5 - closed-note rotation preserves prior ciphertext and history; reload selects the new note
  ---
  duration_ms: 47.229792
  type: 'test'
  ...
# Subtest: two independent journal clients cannot allocate two new active deposits
ok 6 - two independent journal clients cannot allocate two new active deposits
  ---
  duration_ms: 41.756209
  type: 'test'
  ...
# Subtest: failure after SDK creation reopens that saved operation; failure before creation reuses the same absent ID
ok 7 - failure after SDK creation reopens that saved operation; failure before creation reuses the same absent ID
  ---
  duration_ms: 28.027417
  type: 'test'
  ...
# Subtest: paid active legacy balance, uncertain sessions, and incomplete withdrawals never allow a new deposit
ok 8 - paid active legacy balance, uncertain sessions, and incomplete withdrawals never allow a new deposit
  ---
  duration_ms: 16.256458
  type: 'test'
  ...
# Subtest: discovery refuses a later run while an earlier note remains unresolved
ok 9 - discovery refuses a later run while an earlier note remains unresolved
  ---
  duration_ms: 35.404709
  type: 'test'
  ...
# Subtest: read-only budget snapshot validates identity and exact integer accounting; zero availability is valid
ok 10 - read-only budget snapshot validates identity and exact integer accounting; zero availability is valid
  ---
  duration_ms: 1.729417
  type: 'test'
  ...
# Subtest: fixed demo projections conserve integer USDC and charge only on settlement
ok 11 - fixed demo projections conserve integer USDC and charge only on settlement
  ---
  duration_ms: 0.965958
  type: 'test'
  ...
# Subtest: manual next is single-step, and reset fences an already queued transition
ok 12 - manual next is single-step, and reset fences an already queued transition
  ---
  duration_ms: 1.582
  type: 'test'
  ...
# Subtest: autoplay pauses without stale progress, then finishes once and disposes timers
ok 13 - autoplay pauses without stale progress, then finishes once and disposes timers
  ---
  duration_ms: 1.069375
  type: 'test'
  ...
# Subtest: provider failure preserves finite HTTP/code diagnostics without upstream values
ok 14 - provider failure preserves finite HTTP/code diagnostics without upstream values
  ---
  duration_ms: 0.401084
  type: 'test'
  ...
# Subtest: diagnostics distinguish signing guards without echoing arbitrary data
ok 15 - diagnostics distinguish signing guards without echoing arbitrary data
  ---
  duration_ms: 0.091625
  type: 'test'
  ...
# Subtest: saved-attempt recovery failures use exact finite labels and never echo details
ok 16 - saved-attempt recovery failures use exact finite labels and never echo details
  ---
  duration_ms: 0.137042
  type: 'test'
  ...
# Subtest: known browser exception names return fixed labels without their message
ok 17 - known browser exception names return fixed labels without their message
  ---
  duration_ms: 0.093708
  type: 'test'
  ...
# Subtest: presentation assets use an exact route allowlist and preserve the live document without backend calls
ok 18 - presentation assets use an exact route allowlist and preserve the live document without backend calls
  ---
  duration_ms: 136.367291
  type: 'test'
  ...
# Subtest: fixture output keeps root and live on the existing document, and partial demo output fails closed
ok 19 - fixture output keeps root and live on the existing document, and partial demo output fails closed
  ---
  duration_ms: 18.353625
  type: 'test'
  ...
# Subtest: indexer relay allows common snapshots only through exact bounded digest routes
ok 20 - indexer relay allows common snapshots only through exact bounded digest routes
  ---
  duration_ms: 27.649291
  type: 'test'
  ...
# Subtest: loopback host denies foreign origins, arbitrary provider/routes/batch RPC and financial sends by default
ok 21 - loopback host denies foreign origins, arbitrary provider/routes/batch RPC and financial sends by default
  ---
  duration_ms: 10.277792
  type: 'test'
  ...
# Subtest: financial relay uses default preparation with exact signed v0, genesis, pool and fee guards
ok 22 - financial relay uses default preparation with exact signed v0, genesis, pool and fee guards
  ---
  duration_ms: 55.800875
  type: 'test'
  ...
# Subtest: financial relay uses confirmed preparation with exact signed v0, genesis, pool and fee guards
ok 23 - financial relay uses confirmed preparation with exact signed v0, genesis, pool and fee guards
  ---
  duration_ms: 22.337291
  type: 'test'
  ...
# Subtest: invalid preparation commitment fails before file reads, RPC or listener startup
ok 24 - invalid preparation commitment fails before file reads, RPC or listener startup
  ---
  duration_ms: 0.373375
  type: 'test'
  ...
# Subtest: escape relay forwards SDK upload and finalization bytes while retaining financial send guards
ok 25 - escape relay forwards SDK upload and finalization bytes while retaining financial send guards
  ---
  duration_ms: 89.11025
  type: 'test'
  ...
# Subtest: compact relay accepts exact SDK wire only for authenticated compact build capability
ok 26 - compact relay accepts exact SDK wire only for authenticated compact build capability
  ---
  duration_ms: 78.426
  type: 'test'
  ...
# Subtest: explicit history endpoint receives only transaction reads after its own Devnet pin; primary reads remain primary
ok 27 - explicit history endpoint receives only transaction reads after its own Devnet pin; primary reads remain primary
  ---
  duration_ms: 28.3065
  type: 'test'
  ...
# Subtest: history identity failures stop before transaction lookup and never fall back, retry or expose credentials
ok 28 - history identity failures stop before transaction lookup and never fall back, retry or expose credentials
  ---
  duration_ms: 14.269667
  type: 'test'
  ...
# Subtest: history RPC and HTTP failures stay failures; only an actual successful null result represents absence
ok 29 - history RPC and HTTP failures stay failures; only an actual successful null result represents absence
  ---
  duration_ms: 8.847125
  type: 'test'
  ...
# Subtest: read-only host refuses permanent clearance; upstream HTTP/RPC error credentials never reach browser
ok 30 - read-only host refuses permanent clearance; upstream HTTP/RPC error credentials never reach browser
  ---
  duration_ms: 14.655
  type: 'test'
  ...
# Subtest: provider bridge allows only bound native control routes and canonical receipt cursors
ok 31 - provider bridge allows only bound native control routes and canonical receipt cursors
  ---
  duration_ms: 82.216958
  type: 'test'
  ...
# Subtest: read-only provider bridge blocks AUTH, quote, close and inference before reservation or forwarding
ok 32 - read-only provider bridge blocks AUTH, quote, close and inference before reservation or forwarding
  ---
  duration_ms: 18.150375
  type: 'test'
  ...
# Subtest: provider error status and fixed code reach browser while private body and unknown headers do not
ok 33 - provider error status and fixed code reach browser while private body and unknown headers do not
  ---
  duration_ms: 9.841833
  type: 'test'
  ...
# Subtest: provider budget is an exact read-only route with origin checks and redacted failures
ok 34 - provider budget is an exact read-only route with origin checks and redacted failures
  ---
  duration_ms: 25.777667
  type: 'test'
  ...
# Subtest: prepared UI profile uses existing global budget and refuses concurrent/restarted inference replay
ok 35 - prepared UI profile uses existing global budget and refuses concurrent/restarted inference replay
  ---
  duration_ms: 555.422583
  type: 'test'
  ...
# Subtest: explicit demo bridge burns a separate session/operation reservation and preserves the completed acceptance reservation
ok 36 - explicit demo bridge burns a separate session/operation reservation and preserves the completed acceptance reservation
  ---
  duration_ms: 860.977625
  type: 'test'
  ...
# Subtest: note expiry warns before its boundary and forbids suggesting another API request after it
ok 37 - note expiry warns before its boundary and forbids suggesting another API request after it
  ---
  duration_ms: 1.910125
  type: 'test'
  ...
# Subtest: escape UI permits only explicit idle, never-signed fallback, or pending-escape finalization paths
ok 38 - escape UI permits only explicit idle, never-signed fallback, or pending-escape finalization paths
  ---
  duration_ms: 0.805417
  type: 'test'
  ...
# Subtest: compact deposit offers one signature and explicit rejection recovery, never expired-setup recovery
ok 39 - compact deposit offers one signature and explicit rejection recovery, never expired-setup recovery
  ---
  duration_ms: 0.168875
  type: 'test'
  ...
# Subtest: expired setup recovery is offered only for unresolved create-only deposits
ok 40 - expired setup recovery is offered only for unresolved create-only deposits
  ---
  duration_ms: 2.443166
  type: 'test'
  ...
# Subtest: expired mutual-close setup is offered only with verified clearance and create-only saved attempts
ok 41 - expired mutual-close setup is offered only with verified clearance and create-only saved attempts
  ---
  duration_ms: 3.318291
  type: 'test'
  ...
# Subtest: expired ordinary and emergency escape setup offer only the same unresolved create-only recovery
ok 42 - expired ordinary and emergency escape setup offer only the same unresolved create-only recovery
  ---
  duration_ms: 0.424625
  type: 'test'
  ...
# Subtest: unfunded or disconnected state never presents candidate deposit as usable money
ok 43 - unfunded or disconnected state never presents candidate deposit as usable money
  ---
  duration_ms: 0.121708
  type: 'test'
  ...
# Subtest: active deposit is available only without unresolved session or wallet operation
ok 44 - active deposit is available only without unresolved session or wallet operation
  ---
  duration_ms: 0.073875
  type: 'test'
  ...
# Subtest: unknown AUTH remains distinguishable from an accepted session and successful API response
ok 45 - unknown AUTH remains distinguishable from an accepted session and successful API response
  ---
  duration_ms: 0.076459
  type: 'test'
  ...
# Subtest: unknown inference prevents replay instructions even when session is active or closing
ok 46 - unknown inference prevents replay instructions even when session is active or closing
  ---
  duration_ms: 0.124709
  type: 'test'
  ...
# Subtest: current-page response observation explains a saved unknown operation without advancing financial state
ok 47 - current-page response observation explains a saved unknown operation without advancing financial state
  ---
  duration_ms: 3.876542
  type: 'test'
  ...
# Subtest: a received answer is not a signed settlement or a paid charge
ok 48 - a received answer is not a signed settlement or a paid charge
  ---
  duration_ms: 0.095833
  type: 'test'
  ...
# Subtest: terminal absence and close intent do not encourage an API send
ok 49 - terminal absence and close intent do not encourage an API send
  ---
  duration_ms: 0.069959
  type: 'test'
  ...
# Subtest: only verified settlement history contributes to paid; latest pending session stays unverified
ok 50 - only verified settlement history contributes to paid; latest pending session stays unverified
  ---
  duration_ms: 0.194542
  type: 'test'
  ...
# Subtest: zero-charge and operator-loss waiver do not establish successful API use
ok 51 - zero-charge and operator-loss waiver do not establish successful API use
  ---
  duration_ms: 0.072708
  type: 'test'
  ...
# Subtest: mutual-close return amount requires closed note and exact finalized execute signature
ok 52 - mutual-close return amount requires closed note and exact finalized execute signature
  ---
  duration_ms: 0.445334
  type: 'test'
  ...
# Subtest: escape status, current signature and failed operation retain recovery presentation
ok 53 - escape status, current signature and failed operation retain recovery presentation
  ---
  duration_ms: 0.073917
  type: 'test'
  ...
# Subtest: signed clearance and missing provider never offer another API authorization
ok 54 - signed clearance and missing provider never offer another API authorization
  ---
  duration_ms: 0.059958
  type: 'test'
  ...
# Subtest: integer formatting preserves micro-USDC beyond JavaScript safe integer precision
ok 55 - integer formatting preserves micro-USDC beyond JavaScript safe integer precision
  ---
  duration_ms: 0.066125
  type: 'test'
  ...
# Subtest: busy/disconnected headlines take precedence, and projection leaves journal byte-equivalent
ok 56 - busy/disconnected headlines take precedence, and projection leaves journal byte-equivalent
  ---
  duration_ms: 0.116458
  type: 'test'
  ...
# Subtest: repeat demo explains the exact authorization reserve without enabling an underfunded request
ok 57 - repeat demo explains the exact authorization reserve without enabling an underfunded request
  ---
  duration_ms: 0.113666
  type: 'test'
  ...
# Subtest: disabled-request hints distinguish reconnect, saved recovery, clearance and completed run
ok 58 - disabled-request hints distinguish reconnect, saved recovery, clearance and completed run
  ---
  duration_ms: 3.520458
  type: 'test'
  ...
# Subtest: fixed browser body equals parent budget template; prepares after snapshot and verifies charge through SDK before withdrawal is available
ok 59 - fixed browser body equals parent budget template; prepares after snapshot and verifies charge through SDK before withdrawal is available
  ---
  duration_ms: 225.004292
  type: 'test'
  ...
# Subtest: lost AUTH can only resend its exact bytes; lost inference stays one send after encrypted journal reopen
ok 60 - lost AUTH can only resend its exact bytes; lost inference stays one send after encrypted journal reopen
  ---
  duration_ms: 217.883416
  type: 'test'
  ...
# Subtest: invalid successor retains old balance and pending operation; explicit recovery succeeds without another inference
ok 61 - invalid successor retains old balance and pending operation; explicit recovery succeeds without another inference
  ---
  duration_ms: 241.6155
  type: 'test'
  ...
# Subtest: never-sent cancellation uses SDK cancellation; unknown inference absence requires terminal SDK reconciliation
ok 62 - never-sent cancellation uses SDK cancellation; unknown inference absence requires terminal SDK reconciliation
  ---
  duration_ms: 214.044417
  type: 'test'
  ...
# Subtest: two UI intents cannot create two operations; different body or case is rejected before control/inference
ok 63 - two UI intents cannot create two operations; different body or case is rejected before control/inference
  ---
  duration_ms: 174.089375
  type: 'test'
  ...
# Subtest: explicit demo uses a new AUTH and operation only after SDK verified the prior zero-charge successor
ok 64 - explicit demo uses a new AUTH and operation only after SDK verified the prior zero-charge successor
  ---
  duration_ms: 473.464084
  type: 'test'
  ...
# Subtest: a funded repeat demo preserves paid settlements and uses fresh request IDs across journal reopen
ok 65 - a funded repeat demo preserves paid settlements and uses fresh request IDs across journal reopen
  ---
  duration_ms: 459.253417
  type: 'test'
  ...
# Subtest: an untouched message remains equal despite a signature, without exposing private bytes or mutating either input
ok 66 - an untouched message remains equal despite a signature, without exposing private bytes or mutating either input
  ---
  duration_ms: 7.649166
  type: 'test'
  ...
# Subtest: blockhash mutation is distinguished from instruction or account changes
ok 67 - blockhash mutation is distinguished from instruction or account changes
  ---
  duration_ms: 1.247542
  type: 'test'
  ...
# Subtest: added or changed compute-unit price is reported exactly without authorizing message mutation
ok 68 - added or changed compute-unit price is reported exactly without authorizing message mutation
  ---
  duration_ms: 2.08075
  type: 'test'
  ...
# Subtest: an added assertion-like program keeps originals but is distinct from an unchanged instruction list
ok 69 - an added assertion-like program keeps originals but is distinct from an unchanged instruction list
  ---
  duration_ms: 0.575083
  type: 'test'
  ...
# Subtest: changed non-compute data, account or writable flags never count as retained
ok 70 - changed non-compute data, account or writable flags never count as retained
  ---
  duration_ms: 0.921625
  type: 'test'
  ...
# Subtest: non-compute comparison preserves order, multiplicity and signer flags
ok 71 - non-compute comparison preserves order, multiplicity and signer flags
  ---
  duration_ms: 0.940334
  type: 'test'
  ...
# Subtest: malformed or non-compute payloads never masquerade as decoded compute settings
ok 72 - malformed or non-compute payloads never masquerade as decoded compute settings
  ---
  duration_ms: 2.447916
  type: 'test'
  ...
# Subtest: unresolved ALT changes cannot establish byte-equivalent non-compute instructions
ok 73 - unresolved ALT changes cannot establish byte-equivalent non-compute instructions
  ---
  duration_ms: 0.979333
  type: 'test'
  ...
1..73
# tests 73
# suites 0
# pass 73
# fail 0
# cancelled 0
# skipped 0
# todo 0
# duration_ms 2633.818959
