✔ production build defaults to live with a separate sample; reused fixture output removes the sample (107.867ms)
✔ provider failure preserves finite HTTP/code diagnostics without upstream values (0.852917ms)
✔ diagnostics distinguish signing guards without echoing arbitrary data (0.206917ms)
✔ saved-attempt recovery failures use exact finite labels and never echo details (0.279583ms)
✔ known browser exception names return fixed labels without their message (0.206208ms)
✔ presentation assets use an exact route allowlist and preserve the live document without backend calls (78.595625ms)
✔ fixture output keeps root and live on the existing document, and partial demo output fails closed (20.118125ms)
✔ loopback host denies foreign origins, arbitrary provider/routes/batch RPC and financial sends by default (9.963958ms)
✔ financial relay rechecks devnet genesis, exact signed v0, pool/program/instruction and fee without signing or replay (47.907541ms)
✔ explicit history endpoint receives only transaction reads after its own Devnet pin; primary reads remain primary (17.238292ms)
✔ history identity failures stop before transaction lookup and never fall back, retry or expose credentials (9.899709ms)
✔ history RPC and HTTP failures stay failures; only an actual successful null result represents absence (4.779167ms)
✔ read-only host refuses permanent clearance; upstream HTTP/RPC error credentials never reach browser (5.817541ms)
✔ provider bridge allows only bound native control routes and canonical receipt cursors (45.327625ms)
✔ read-only provider bridge blocks AUTH, quote, close and inference before reservation or forwarding (9.510208ms)
✔ provider error status and fixed code reach browser while private body and unknown headers do not (3.104708ms)
✔ prepared UI profile uses existing global budget and refuses concurrent/restarted inference replay (330.175708ms)
✔ explicit demo bridge burns a separate session/operation reservation and preserves the completed acceptance reservation (368.10925ms)
✔ expired setup recovery is offered only for unresolved create-only deposits (0.708167ms)
✔ unfunded or disconnected state never presents candidate deposit as usable money (7.740542ms)
✔ active deposit is available only without unresolved session or wallet operation (0.141375ms)
✔ unknown AUTH remains distinguishable from an accepted session and successful API response (0.087ms)
✔ unknown inference prevents replay instructions even when session is active or closing (0.118833ms)
✔ current-page response observation explains a saved unknown operation without advancing financial state (0.42875ms)
✔ a received answer is not a signed settlement or a paid charge (0.076958ms)
✔ terminal absence and close intent do not encourage an API send (0.091625ms)
✔ only verified settlement history contributes to paid; latest pending session stays unverified (0.205541ms)
✔ zero-charge and operator-loss waiver do not establish successful API use (0.132625ms)
✔ mutual-close return amount requires closed note and exact finalized execute signature (0.125ms)
✔ escape status, current signature and failed operation retain recovery presentation (0.060792ms)
✔ signed clearance and missing provider never offer another API authorization (0.243333ms)
✔ integer formatting preserves micro-USDC beyond JavaScript safe integer precision (0.194167ms)
✔ busy/disconnected headlines take precedence, and projection leaves journal byte-equivalent (0.464625ms)
✔ fixed browser body equals parent budget template; prepares after snapshot and verifies charge through SDK before withdrawal is available (158.536625ms)
✔ lost AUTH can only resend its exact bytes; lost inference stays one send after encrypted journal reopen (130.172916ms)
✔ invalid successor retains old balance and pending operation; explicit recovery succeeds without another inference (117.237583ms)
✔ never-sent cancellation uses SDK cancellation; unknown inference absence requires terminal SDK reconciliation (138.040333ms)
✔ two UI intents cannot create two operations; different body or case is rejected before control/inference (96.074375ms)
✔ explicit demo uses a new AUTH and operation only after SDK verified the prior zero-charge successor (243.745959ms)
✔ an untouched message remains equal despite a signature, without exposing private bytes or mutating either input (4.7635ms)
✔ blockhash mutation is distinguished from instruction or account changes (0.644208ms)
✔ added or changed compute-unit price is reported exactly without authorizing message mutation (1.158333ms)
✔ an added assertion-like program keeps originals but is distinct from an unchanged instruction list (0.532625ms)
✔ changed non-compute data, account or writable flags never count as retained (0.924709ms)
✔ non-compute comparison preserves order, multiplicity and signer flags (0.974042ms)
✔ malformed or non-compute payloads never masquerade as decoded compute settings (0.973792ms)
✔ unresolved ALT changes cannot establish byte-equivalent non-compute instructions (1.424375ms)
ℹ tests 47
ℹ suites 0
ℹ pass 47
ℹ fail 0
ℹ cancelled 0
ℹ skipped 0
ℹ todo 0
ℹ duration_ms 1134.362125
