✔ challenger signs every real v0 step with the existing I04 plan and verifies restored bytes (409.493625ms)
✔ lost challenger execute response and restart rebroadcast exactly the same signature bytes (120.823208ms)
✔ expired or forged challenger receipts never authorize replacement; finalized stale-root preserves historical proof (151.589583ms)
✔ native challenger bridge signs without RPC and rejects public fee keys with redacted diagnostics (701.942291ms)
✔ expired challenger append/seal uses finalized exact buffer prefix and a fresh hash; financial/missing buffer stays unresolved (283.370916ms)
✔ priority fee is signed and immutable in each upload plan; chunk sizing still fits 1232 bytes (337.518458ms)
✔ challenger buffer absence inspection requires a finalized cut at the failure slot or later (355.491417ms)
✔ clientd shares encrypted journal, streams once, reuses 60-second session and closes idle (563.8865ms)
✔ reuse zero closes after every request and duplicate operation cannot cross settled sessions (667.146ms)
✔ uncertain direct inference is never replayed after restart; one encrypted key, same mode (404.215833ms)
✔ restart keeps admin reachable for explicit absent-operation reconciliation without inference replay (620.796459ms)
✔ restart outage keeps inference blocked until explicit recovery closes the previous session (622.900875ms)
✔ startup rejects a tampered encrypted journal before contacting control (262.815958ms)
✔ expired never-sent authorization has explicit admin cancellation; uncertain inference cannot be canceled (341.450625ms)
✔ direct 202 with missing key closes without inference or proxy fallback (156.385917ms)
✔ OA key is independently verified before clientd inference and reused only within the same session (203.964208ms)
✔ OA verifier rejection closes the same authorization without saving a key or sending inference (185.990958ms)
✔ stream cancel still closes reuse-zero session, unsupported direct modalities never authorize (241.672542ms)
✔ graceful shutdown waits for delivered streams and durable session close (258.136083ms)
✔ graceful shutdown also waits for admission already preparing its authorization (221.460458ms)
✔ native custody wraps random key, authenticates passphrase and metadata, and refuses reset (230.089833ms)
✔ actual Unix HTTP disconnect cancels upstream response and waits for stream finalizer (44.112083ms)
✔ disconnect before upstream headers aborts inference and retains its non-replayable intent (471.375834ms)
✔ already disconnected Unix response cancels a late body without waiting for its first byte (11.474958ms)
✔ explicit absent-operation reconciliation requires terminal settlement and original crypto verification (399.460291ms)
✔ absent-operation reconciliation does not persist exclusions when the signed successor fails verification (228.635292ms)
✔ prepare snapshots exact authorization and credentials; send_unknown is durable before the first POST (121.284583ms)
✔ two callers cannot prepare two unresolved authorizations for the same note (62.702ms)
✔ authorization response loss recovers only identical proof/body/token, even after restart (259.354916ms)
✔ close of an unknown create preserves exact authorization recovery and durable close intent (195.053917ms)
✔ closing an unknown direct create withholds a newly delivered key and resumes close after response loss (291.515625ms)
✔ direct 202 or missing first key persists closing and uses saved control credential, without changing mode (410.191875ms)
✔ initial direct key remains encrypted in journal and normal GET recovery never asks for reissue (203.381292ms)
✔ OA key without independently verifiable evidence is withheld and the same session closes (207.623875ms)
✔ OA evidence is checked before key delivery, cached for use and independently rechecked after SDK restart (298.50725ms)
▶ untrusted OA evidence and verifier failures close without exposing or persisting a usable key
  ✔ missing independent pin (161.71ms)
  ✔ missing evidence (146.4955ms)
  ✔ null evidence (178.950958ms)
  ✔ injected verifier URL (144.958625ms)
  ✔ wrong station (118.521833ms)
  ✔ malformed signature (128.0195ms)
  ✔ unknown evidence field (92.841125ms)
  ✔ wrong attestation flag type (107.016875ms)
  ✔ string evidence expiry (154.999375ms)
  ✔ unsafe evidence expiry (125.979625ms)
  ✔ fractional evidence expiry (111.788667ms)
  ✔ numeric lease expiry (126.997334ms)
  ✔ noncanonical lease expiry (107.754333ms)
  ✔ missing lease expiry (120.491916ms)
  ✔ expired lease (112.565708ms)
  ✔ evidence expires before lease (97.807666ms)
  ✔ excessive expiry skew (78.247459ms)
  ✔ verifier rejects substituted key (79.931833ms)
  ✔ HTTP failure with verified body (107.043083ms)
  ✔ network timeout (116.834958ms)
  ✔ duplicate JSON status (102.878291ms)
  ✔ wrong verifier status type (104.024834ms)
  ✔ expiry crossed during verification (112.814542ms)
✔ untrusted OA evidence and verifier failures close without exposing or persisting a usable key (2741.453208ms)
✔ OA verifier pins are detached from mutable caller options and the existing 65-second issuer skew is accepted (75.352959ms)
✔ OA failed close retains keyless closing state and can settle without verifier access (115.929333ms)
▶ legacy OA keys and changed saved evidence cannot bypass verification on direct send
  ✔ legacy (127.339708ms)
  ✔ key (121.889ms)
  ✔ evidence (140.702958ms)
  ✔ expiry (142.336625ms)
  ✔ pins (116.207291ms)
✔ legacy OA keys and changed saved evidence cannot bypass verification on direct send (649.009167ms)
✔ SETTLED text with failed successor verification preserves old note and unresolved authorization (111.757584ms)
✔ verified successor is committed with old state and transcript before a note becomes available (114.805209ms)
✔ server session identity substitution cannot change the note (78.42625ms)
✔ duplicate receipt and nonadvancing cursor both block settlement before the verifier (148.48925ms)
✔ inference persists exact bytes before send; response loss and restart cannot auto replay (93.682ms)
✔ concurrent senders dispatch one inference and 409 points at status without retrying (101.66525ms)
✔ failed durable save stops authorization dispatch and failed RP verification never creates pending state (67.56975ms)
✔ duplicate JSON fields in status fail closed without advancing state (42.441417ms)
✔ browser-compatible credential encoding is byte-identical to Node base64url including both substituted alphabet characters and padding (2.096666ms)
✔ credential mode is explicit and expiry warning includes the Active principal treasury consequence (0.5795ms)
✔ quote verifies real Ed25519 and signed tariff binding while preserving request/price snapshots (11.180917ms)
✔ quote rejects altered signature, body digest, tariff bytes and unpinned tariff (16.955167ms)
✔ validly signed quotes cannot substitute deployment, pool, mode, provider, model, tariff or API origins (15.988ms)
✔ quote admission accepts issued_at and rejects expires_at equality, future quotes, bad TTL and concurrency (17.038375ms)
✔ tariff validity is bound to quote issue time including the exclusive valid_until boundary (15.53325ms)
✔ quote rejects extra prompt/secret fields, implicit mode and invalid selection before any request leaves the client (13.832833ms)
✔ expired never-sent authorization remains cancellable and can be replaced without changing the note state (91.15875ms)
✔ possibly-sent authorization cannot be cancelled and recovers identical bytes after quote expiry (91.941167ms)
✔ the shared Rust/browser binding vectors match byte for byte (3.070958ms)
✔ each Solana identity component changes the binding (2.316792ms)
✔ integer charges round once per session and respect cap (0.505958ms)
✔ external fields reject noncanonical values instead of reducing (0.36225ms)
✔ Schnorr scalars use the Baby-JubJub bound, independently of Fr (0.242292ms)
✔ operation framing binds endpoint, version and exact UTF-8 bytes (0.798083ms)
✔ real browser journal: atomic cross-tab CAS, encrypted restart, Web Locks and tab crash recovery (1695.590625ms)
ℹ Runtime browser: Chrome/154.0.8037.95
✔ native journal atomically persists exact request/token and old state without plaintext leakage; restart resumes (83.65275ms)
✔ concurrent native journals allow only one create and one revision CAS (115.120542ms)
✔ AES authentication rejects wrong keys, context substitution, ciphertext corruption and corrupted overwrite (17.483917ms)
✔ stale/divergent backups fail closed; fresh restore requires independently trusted exact head (82.254208ms)
✔ storage failure never acknowledges a pending request and caller mutation cannot alter a commit (38.397125ms)
✔ native operation locks serialize workers and release after exceptions (51.265542ms)
✔ GC cannot release a live operation lock; process death releases it and restart loads ciphertext (278.52375ms)
✔ I04 transport adapter retains exact attempts, deduplicates identical signatures and rejects changed bytes (93.434625ms)
✔ real I04 wallet-signed v0 attempt resumes from encrypted transport journal with identical wire bytes (279.036ms)
✔ layout-2 encoding reuses canonical fields and matches independent fixture concatenation (3.300083ms)
✔ all operation steps use real signed v0 <=1232 bytes with independent fee/payer/uploader/owner/rent (303.702333ms)
✔ generated instruction discriminators/account flags match compiler-backed IDL (7.30225ms)
✔ expected_digest binds signed execute even when same PDA is recreated (40.714541ms)
✔ wallet rejection, unsupported version, message mutation and dropped signature stop sending (12.220375ms)
✔ verified transactions are detached from references retained by wallets (20.031959ms)
✔ durable journal contains exact payload, snapshot, signature and expiry before any send (118.563541ms)
✔ wallet prompt edits cannot change the upload transaction or its persisted recovery context (55.440375ms)
✔ lost send response resends only the identical wire and recognizes finalized receipt (82.209583ms)
✔ RPC waits cannot substitute a different signed upload after journal validation (32.819375ms)
✔ pending/unknown RPC state and missing buffer never become execute success or authorize new transaction (222.038875ms)
✔ finalized root/ID/expiry conflicts request fresh proofs and never rewrite existing authorization (115.119209ms)
✔ every upload crash boundary resumes from verified finalized prefix/seal state (122.767542ms)
✔ finalized-expired upload refreshes only after exact buffer reconciliation (134.616208ms)
✔ finalized buffer decoder rejects every header identity and inconsistent progress (15.543792ms)
✔ Connection adapter keeps finalized recovery with default preparation and exact send response loss (94.307292ms)
✔ Connection adapter keeps finalized recovery with confirmed preparation and exact send response loss (70.296584ms)
✔ standalone finalize has durable signed recovery, note/account binding and no new proof (38.523542ms)
✔ wallet prompt edits cannot change a finalization journal after the message is signed (16.369083ms)
✔ RPC waits cannot change a finalization attempt after journal validation (28.340125ms)
✔ permissionless expired close records actual closer and never treats absence as success (64.013792ms)
✔ strict parser preserves JCS ordering/numbers and rejects duplicate/invalid JSON before hashing (2.389917ms)
✔ strict parser defaults to 1 MiB and permits only an explicit bounded local archive size (13.4175ms)
✔ expanded local archive limit retains duplicate, fatal UTF-8, depth and number checks (321.5215ms)
✔ authenticates a full OpenAPI manifest via external distribution signature or digest; immutable result (21.968125ms)
✔ rejects signed mismatched deployment, role keys, build/profile, binding, and malformed wire (34.279083ms)
✔ ceremony assertion requires independently reviewed transcripts and mainnet rejects relabeled public test keys (13.591167ms)
✔ explicit devnet test-only single-key custody preserves distribution and finalized PoolConfig admin pins (13.384875ms)
✔ single-key custody cannot be relabeled as local, mainnet, another genesis, or ceremony verified (7.027417ms)
✔ single-key authority discriminant and fields are strict for both roles (10.060208ms)
✔ checks finalized raw Vault PoolConfig PDA/owner/layout/role pins/cap/profile and never trusts an unverified object (8.10225ms)
✔ hashes exact artifact bytes, rejects each changed/missing artifact, and returns detached copies (15.100959ms)
✔ verified client bundle retains entry-time pool and artifact snapshots for the prover (4.388958ms)
✔ client context rejects initially altered artifacts even if buffers change during pool verification (6.733083ms)
✔ confirmed blockhash preparation is opt-in and snapshotted while proof accounts stay finalized (266.487458ms)
✔ wallet snapshot promotes unchanged tree to one newer finalized account cut and propagates minimum slot (39.105167ms)
✔ wallet snapshot refuses changed root, next ID and restored-root ABA sequence (76.56975ms)
✔ wallet snapshot refuses stale or unsafe account cuts and invalid minimums (218.284459ms)
✔ wallet snapshot requires authentic source block and present canonical finalized target block (121.660667ms)
✔ advanced cut still validates Pool, Note, Pending and Clock account bytes (636.313583ms)
✔ signed clearance archives exact lost AUTH in the same journal, then ordinary SDK mutual withdrawal closes (1990.046625ms)
✔ accepted or racing AUTH makes authoritative clearance refuse; no AUTH or inference is replayed (226.832208ms)
✔ verified accepted-AUTH settlement retires only its refused clearance intent and permits successor withdrawal (1220.375709ms)
▶ a stored clearance signature cannot be discarded by a conflicting settlement even with malformed requested phase
  ✔ requested (167.640583ms)
  ✔ verified (175.421292ms)
✔ a stored clearance signature cannot be discarded by a conflicting settlement even with malformed requested phase (343.601ms)
✔ lost clearance ACK keeps exact AUTH and retries only the same N after encrypted-journal reopen (182.196833ms)
▶ bad clearance signature, mismatched N and nonempty inference leave pending authorization intact
  ✔ N (132.886917ms)
  ✔ deployment (128.858333ms)
  ✔ operation (93.184625ms)
  ✔ active (97.717416ms)
✔ bad clearance signature, mismatched N and nonempty inference leave pending authorization intact (694.099ms)
✔ a persistence failure after the server clearance cannot erase pending or bypass durable signature (169.911958ms)
✔ crash between verified clearance persistence and archive commit resumes without another HTTP request (211.208458ms)
▶ archive corruption is rejected on actual encrypted journal reload
  ✔ bytes (177.575958ms)
  ✔ state (162.817208ms)
  ✔ N (149.113ms)
  ✔ phase (148.47675ms)
  ✔ missing signature (170.248625ms)
  ✔ missing fence (149.8055ms)
  ✔ live pending (155.101041ms)
  ✔ unknown field (159.517542ms)
✔ archive corruption is rejected on actual encrypted journal reload (1273.604958ms)
✔ concurrent recovery clients archive once under the shared note lock (142.879375ms)
✔ explicit expired-create recovery archives exact attempt and anchored absence before fresh proof/expiry (826.987708ms)
✔ a failed rebuild leaves durable proof recovery with old signed bytes and absence evidence intact (431.73775ms)
✔ mutual-close create recovery preserves the cleared financial state and exact old signature without sending (457.949583ms)
✔ mutual-close recovery requires verified same-state clearance and an active unchanged note before writing (1297.696708ms)
✔ interrupted mutual-close rebuild resumes with the same clearance and durable finalized cutoff (326.487375ms)
✔ pending, unknown, non-expired and finalized receipts cannot authorize a replacement (1617.232125ms)
✔ absent account must be the exact PDA at a finalized safe block height beyond validity (1707.911917ms)
✔ non-create, advanced, pending, altered-plan and resolved journal states are refused without writes (245.139ms)
✔ repeated expiry rechecks every saved create and distinct buffer, preserving all signed records (378.274667ms)
✔ RPC absence observation anchors the returned account slot to its own finalized block, never a slot/height comparison (57.976375ms)
✔ future plans snapshot the configured u64 fee while omitted and zero preserve legacy serialization (533.140375ms)
✔ explicit unsent repricing persists only the plan fee and survives restart without changing proof or operation (181.200959ms)
✔ same selected fee is a no-op and explicit zero restores original bytes without a journal reset (241.137417ms)
✔ signed, current, finalized, advanced, non-ready, resolved and pending-session states cannot be repriced (894.516458ms)
✔ constructor and explicit repricing reject invalid runtime types and out-of-u64 fees before writes (87.932667ms)
✔ wallet-added priority fee is rejected; explicit same-plan fee then signs exact bytes and persists before send (221.314542ms)
✔ explicit rejected deposit retry retains secret, closes the old buffer and rechecks next ID/expiry (565.122959ms)
✔ rejected create with finalized absent buffer can reprove; withdrawal retains clearance and destination (282.585791ms)
✔ explicit rejected finalize retry rechecks deadline and saved pending destination/balance at the receipt slot (172.936292ms)
✔ finalized buffer absence must be observed at or after the requested rejection slot (89.278542ms)
✔ explicit Wallet Standard v0 selection signs exact transaction and fails closed on chain/version/disconnect (55.42925ms)
ℹ tests 186
ℹ suites 0
ℹ pass 186
ℹ fail 0
ℹ cancelled 0
ℹ skipped 0
ℹ todo 0
ℹ duration_ms 8624.215167
