✔ challenger signs every real v0 step with the existing I04 plan and verifies restored bytes (332.535583ms)
✔ lost challenger execute response and restart rebroadcast exactly the same signature bytes (105.2375ms)
✔ expired or forged challenger receipts never authorize replacement; finalized stale-root preserves historical proof (68.066791ms)
✔ native challenger bridge signs without RPC and rejects public fee keys with redacted diagnostics (386.418083ms)
✔ expired challenger append/seal uses finalized exact buffer prefix and a fresh hash; financial/missing buffer stays unresolved (422.995958ms)
✔ priority fee is signed and immutable in each upload plan; chunk sizing still fits 1232 bytes (389.270542ms)
✔ challenger buffer absence inspection requires a finalized cut at the failure slot or later (799.703042ms)
✔ clientd shares encrypted journal, streams once, reuses 60-second session and closes idle (410.692ms)
✔ reuse zero closes after every request and duplicate operation cannot cross settled sessions (619.425292ms)
✔ uncertain direct inference is never replayed after restart; one encrypted key, same mode (410.337875ms)
✔ restart keeps admin reachable for explicit absent-operation reconciliation without inference replay (912.752958ms)
✔ restart outage keeps inference blocked until explicit recovery closes the previous session (578.205583ms)
✔ startup rejects a tampered encrypted journal before contacting control (217.512917ms)
✔ expired never-sent authorization has explicit admin cancellation; uncertain inference cannot be canceled (246.198083ms)
✔ direct 202 with missing key closes without inference or proxy fallback (120.863083ms)
✔ OA key is independently verified before clientd inference and reused only within the same session (199.207542ms)
✔ OA verifier rejection closes the same authorization without saving a key or sending inference (146.322709ms)
✔ stream cancel still closes reuse-zero session, unsupported direct modalities never authorize (203.16025ms)
✔ graceful shutdown waits for delivered streams and durable session close (238.443458ms)
✔ graceful shutdown also waits for admission already preparing its authorization (263.540708ms)
✔ native custody wraps random key, authenticates passphrase and metadata, and refuses reset (239.819042ms)
✔ actual Unix HTTP disconnect cancels upstream response and waits for stream finalizer (39.383542ms)
✔ disconnect before upstream headers aborts inference and retains its non-replayable intent (437.565584ms)
✔ already disconnected Unix response cancels a late body without waiting for its first byte (5.125833ms)
✔ explicit absent-operation reconciliation requires terminal settlement and original crypto verification (232.665458ms)
✔ absent-operation reconciliation does not persist exclusions when the signed successor fails verification (197.122291ms)
✔ prepare snapshots exact authorization and credentials; send_unknown is durable before the first POST (136.7465ms)
✔ two callers cannot prepare two unresolved authorizations for the same note (127.498709ms)
✔ authorization response loss recovers only identical proof/body/token, even after restart (183.76ms)
✔ close of an unknown create preserves exact authorization recovery and durable close intent (236.969125ms)
✔ closing an unknown direct create withholds a newly delivered key and resumes close after response loss (316.935208ms)
✔ direct 202 or missing first key persists closing and uses saved control credential, without changing mode (382.820792ms)
✔ initial direct key remains encrypted in journal and normal GET recovery never asks for reissue (311.812209ms)
✔ OA key without independently verifiable evidence is withheld and the same session closes (180.45675ms)
✔ OA evidence is checked before key delivery, cached for use and independently rechecked after SDK restart (294.192584ms)
▶ untrusted OA evidence and verifier failures close without exposing or persisting a usable key
  ✔ missing independent pin (162.079125ms)
  ✔ missing evidence (123.522125ms)
  ✔ null evidence (146.028084ms)
  ✔ injected verifier URL (114.541958ms)
  ✔ wrong station (112.364375ms)
  ✔ malformed signature (91.794542ms)
  ✔ unknown evidence field (89.75875ms)
  ✔ wrong attestation flag type (114.060125ms)
  ✔ string evidence expiry (118.939292ms)
  ✔ unsafe evidence expiry (108.061333ms)
  ✔ fractional evidence expiry (136.32025ms)
  ✔ numeric lease expiry (102.407333ms)
  ✔ noncanonical lease expiry (114.112042ms)
  ✔ missing lease expiry (133.044292ms)
  ✔ expired lease (139.271167ms)
  ✔ evidence expires before lease (116.144292ms)
  ✔ excessive expiry skew (100.043ms)
  ✔ verifier rejects substituted key (77.034042ms)
  ✔ HTTP failure with verified body (94.068334ms)
  ✔ network timeout (103.846417ms)
  ✔ duplicate JSON status (123.794208ms)
  ✔ wrong verifier status type (94.986334ms)
  ✔ expiry crossed during verification (92.837625ms)
✔ untrusted OA evidence and verifier failures close without exposing or persisting a usable key (2611.519416ms)
✔ OA verifier pins are detached from mutable caller options and the existing 65-second issuer skew is accepted (74.682375ms)
✔ OA failed close retains keyless closing state and can settle without verifier access (81.7965ms)
▶ legacy OA keys and changed saved evidence cannot bypass verification on direct send
  ✔ legacy (97.351291ms)
  ✔ key (102.387875ms)
  ✔ evidence (104.750583ms)
  ✔ expiry (101.992459ms)
  ✔ pins (95.893792ms)
✔ legacy OA keys and changed saved evidence cannot bypass verification on direct send (502.922917ms)
✔ SETTLED text with failed successor verification preserves old note and unresolved authorization (74.856666ms)
✔ verified successor is committed with old state and transcript before a note becomes available (91.279208ms)
✔ server session identity substitution cannot change the note (43.68475ms)
✔ duplicate receipt and nonadvancing cursor both block settlement before the verifier (130.31225ms)
✔ inference persists exact bytes before send; response loss and restart cannot auto replay (74.428792ms)
✔ concurrent senders dispatch one inference and 409 points at status without retrying (79.524125ms)
✔ failed durable save stops authorization dispatch and failed RP verification never creates pending state (32.110084ms)
✔ duplicate JSON fields in status fail closed without advancing state (33.652042ms)
✔ browser-compatible credential encoding is byte-identical to Node base64url including both substituted alphabet characters and padding (1.488083ms)
✔ credential mode is explicit and expiry warning includes the Active principal treasury consequence (0.264042ms)
✔ quote verifies real Ed25519 and signed tariff binding while preserving request/price snapshots (12.928375ms)
✔ quote rejects altered signature, body digest, tariff bytes and unpinned tariff (9.77ms)
✔ validly signed quotes cannot substitute deployment, pool, mode, provider, model, tariff or API origins (12.728584ms)
✔ quote admission accepts issued_at and rejects expires_at equality, future quotes, bad TTL and concurrency (12.633458ms)
✔ tariff validity is bound to quote issue time including the exclusive valid_until boundary (11.05075ms)
✔ quote rejects extra prompt/secret fields, implicit mode and invalid selection before any request leaves the client (10.47425ms)
✔ expired never-sent authorization remains cancellable and can be replaced without changing the note state (77.469542ms)
✔ possibly-sent authorization cannot be cancelled and recovers identical bytes after quote expiry (65.333416ms)
✔ the shared Rust/browser binding vectors match byte for byte (42.802833ms)
✔ each Solana identity component changes the binding (3.022167ms)
✔ integer charges round once per session and respect cap (0.770167ms)
✔ external fields reject noncanonical values instead of reducing (0.440541ms)
✔ Schnorr scalars use the Baby-JubJub bound, independently of Fr (0.498458ms)
✔ operation framing binds endpoint, version and exact UTF-8 bytes (0.978792ms)
✔ real browser journal: atomic cross-tab CAS, encrypted restart, Web Locks and tab crash recovery (2463.951167ms)
ℹ Runtime browser: Chrome/154.0.8037.95
✔ native journal atomically persists exact request/token and old state without plaintext leakage; restart resumes (49.073833ms)
✔ concurrent native journals allow only one create and one revision CAS (83.387209ms)
✔ AES authentication rejects wrong keys, context substitution, ciphertext corruption and corrupted overwrite (25.024333ms)
✔ stale/divergent backups fail closed; fresh restore requires independently trusted exact head (114.27425ms)
✔ storage failure never acknowledges a pending request and caller mutation cannot alter a commit (21.181167ms)
✔ native operation locks serialize workers and release after exceptions (37.542958ms)
✔ GC cannot release a live operation lock; process death releases it and restart loads ciphertext (238.094958ms)
✔ I04 transport adapter retains exact attempts, deduplicates identical signatures and rejects changed bytes (110.40575ms)
✔ real I04 wallet-signed v0 attempt resumes from encrypted transport journal with identical wire bytes (168.725833ms)
✔ layout-2 encoding reuses canonical fields and matches independent fixture concatenation (2.347042ms)
✔ all operation steps use real signed v0 <=1232 bytes with independent fee/payer/uploader/owner/rent (250.5745ms)
✔ generated instruction discriminators/account flags match compiler-backed IDL (12.941083ms)
✔ expected_digest binds signed execute even when same PDA is recreated (39.164ms)
✔ wallet rejection, unsupported version, message mutation and dropped signature stop sending (23.341292ms)
✔ verified transactions are detached from references retained by wallets (14.191833ms)
✔ durable journal contains exact payload, snapshot, signature and expiry before any send (39.642209ms)
✔ wallet prompt edits cannot change the upload transaction or its persisted recovery context (33.262958ms)
✔ lost send response resends only the identical wire and recognizes finalized receipt (36.984416ms)
✔ RPC waits cannot substitute a different signed upload after journal validation (28.61625ms)
✔ pending/unknown RPC state and missing buffer never become execute success or authorize new transaction (51.533167ms)
✔ finalized root/ID/expiry conflicts request fresh proofs and never rewrite existing authorization (98.043541ms)
✔ every upload crash boundary resumes from verified finalized prefix/seal state (30.48875ms)
✔ finalized-expired upload refreshes only after exact buffer reconciliation (149.811583ms)
✔ finalized buffer decoder rejects every header identity and inconsistent progress (19.491458ms)
✔ Connection adapter uses history/finalized/v0 and handles actual JSON-RPC send response loss (129.714209ms)
✔ standalone finalize has durable signed recovery, note/account binding and no new proof (42.061917ms)
✔ wallet prompt edits cannot change a finalization journal after the message is signed (27.925459ms)
✔ RPC waits cannot change a finalization attempt after journal validation (23.412375ms)
✔ permissionless expired close records actual closer and never treats absence as success (51.219916ms)
✔ strict parser preserves JCS ordering/numbers and rejects duplicate/invalid JSON before hashing (1.052833ms)
✔ strict parser defaults to 1 MiB and permits only an explicit bounded local archive size (9.368125ms)
✔ expanded local archive limit retains duplicate, fatal UTF-8, depth and number checks (144.715666ms)
✔ authenticates a full OpenAPI manifest via external distribution signature or digest; immutable result (39.919792ms)
✔ rejects signed mismatched deployment, role keys, build/profile, binding, and malformed wire (25.620459ms)
✔ ceremony assertion requires independently reviewed transcripts and mainnet rejects relabeled public test keys (6.757334ms)
✔ explicit devnet test-only single-key custody preserves distribution and finalized PoolConfig admin pins (18.11975ms)
✔ single-key custody cannot be relabeled as local, mainnet, another genesis, or ceremony verified (10.835125ms)
✔ single-key authority discriminant and fields are strict for both roles (17.610875ms)
✔ checks finalized raw Vault PoolConfig PDA/owner/layout/role pins/cap/profile and never trusts an unverified object (21.456959ms)
✔ hashes exact artifact bytes, rejects each changed/missing artifact, and returns detached copies (10.669375ms)
✔ verified client bundle retains entry-time pool and artifact snapshots for the prover (17.126958ms)
✔ client context rejects initially altered artifacts even if buffers change during pool verification (25.70825ms)
✔ wallet snapshot promotes unchanged tree to one newer finalized account cut and propagates minimum slot (151.421459ms)
✔ wallet snapshot refuses changed root, next ID and restored-root ABA sequence (95.856167ms)
✔ wallet snapshot refuses stale or unsafe account cuts and invalid minimums (213.173667ms)
✔ wallet snapshot requires authentic source block and present canonical finalized target block (171.315ms)
✔ advanced cut still validates Pool, Note, Pending and Clock account bytes (651.682292ms)
✔ signed clearance archives exact lost AUTH in the same journal, then ordinary SDK mutual withdrawal closes (1951.2215ms)
✔ accepted or racing AUTH makes authoritative clearance refuse; no AUTH or inference is replayed (253.244875ms)
✔ verified accepted-AUTH settlement retires only its refused clearance intent and permits successor withdrawal (1025.963084ms)
▶ a stored clearance signature cannot be discarded by a conflicting settlement even with malformed requested phase
  ✔ requested (157.838209ms)
  ✔ verified (149.598ms)
✔ a stored clearance signature cannot be discarded by a conflicting settlement even with malformed requested phase (307.799667ms)
✔ lost clearance ACK keeps exact AUTH and retries only the same N after encrypted-journal reopen (187.167167ms)
▶ bad clearance signature, mismatched N and nonempty inference leave pending authorization intact
  ✔ N (141.656583ms)
  ✔ deployment (133.815959ms)
  ✔ operation (120.489666ms)
  ✔ active (108.925417ms)
✔ bad clearance signature, mismatched N and nonempty inference leave pending authorization intact (763.639833ms)
✔ a persistence failure after the server clearance cannot erase pending or bypass durable signature (169.719417ms)
✔ crash between verified clearance persistence and archive commit resumes without another HTTP request (190.4775ms)
▶ archive corruption is rejected on actual encrypted journal reload
  ✔ bytes (164.935583ms)
  ✔ state (134.648083ms)
  ✔ N (115.269459ms)
  ✔ phase (123.655333ms)
  ✔ missing signature (115.723459ms)
  ✔ missing fence (116.0595ms)
  ✔ live pending (114.104917ms)
  ✔ unknown field (128.608083ms)
✔ archive corruption is rejected on actual encrypted journal reload (1013.963667ms)
✔ concurrent recovery clients archive once under the shared note lock (124.594875ms)
✔ explicit expired-create recovery archives exact attempt and anchored absence before fresh proof/expiry (566.619583ms)
✔ a failed rebuild leaves durable proof recovery with old signed bytes and absence evidence intact (405.318708ms)
✔ pending, unknown, non-expired and finalized receipts cannot authorize a replacement (1499.853334ms)
✔ absent account must be the exact PDA at a finalized safe block height beyond validity (1028.540334ms)
✔ non-create, advanced, pending, altered-plan and resolved journal states are refused without writes (545.855875ms)
✔ repeated expiry rechecks every saved create and distinct buffer, preserving all signed records (322.24325ms)
✔ RPC absence observation anchors the returned account slot to its own finalized block, never a slot/height comparison (112.6165ms)
✔ future plans snapshot the configured u64 fee while omitted and zero preserve legacy serialization (529.338417ms)
✔ explicit unsent repricing persists only the plan fee and survives restart without changing proof or operation (200.91075ms)
✔ same selected fee is a no-op and explicit zero restores original bytes without a journal reset (355.12825ms)
✔ signed, current, finalized, advanced, non-ready, resolved and pending-session states cannot be repriced (915.590959ms)
✔ constructor and explicit repricing reject invalid runtime types and out-of-u64 fees before writes (95.767458ms)
✔ wallet-added priority fee is rejected; explicit same-plan fee then signs exact bytes and persists before send (167.849ms)
✔ explicit rejected deposit retry retains secret, closes the old buffer and rechecks next ID/expiry (674.351541ms)
✔ rejected create with finalized absent buffer can reprove; withdrawal retains clearance and destination (438.646792ms)
✔ explicit rejected finalize retry rechecks deadline and saved pending destination/balance at the receipt slot (109.381958ms)
✔ finalized buffer absence must be observed at or after the requested rejection slot (64.468ms)
✔ explicit Wallet Standard v0 selection signs exact transaction and fails closed on chain/version/disconnect (40.784875ms)
ℹ tests 181
ℹ suites 0
ℹ pass 181
ℹ fail 0
ℹ cancelled 0
ℹ skipped 0
ℹ todo 0
ℹ duration_ms 7033.828459
