✔ unknown waiver re-verifies receipt/successor without writes, inference or provider-pass claim (8.402417ms)
✔ metered charge re-verifies receipt/successor without writes, inference or provider-pass claim (4.665375ms)
▶ wrong selection, case, exact body, receipt identity, cap, state or budget refuses recovery
  ✔ pending (0.819959ms)
  ✔ extra history (0.491792ms)
  ✔ different financial operation (0.531166ms)
  ✔ wrong case (0.731291ms)
  ✔ wrong selection (0.811917ms)
  ✔ changed tariff (0.7205ms)
  ✔ wrong mode (0.746542ms)
  ✔ wrong provider (0.813417ms)
  ✔ wrong model (0.501ms)
  ✔ changed cap (0.482583ms)
  ✔ extra operation (0.475166ms)
  ✔ different body (0.537209ms)
  ✔ unsent operation (0.660375ms)
  ✔ wrong receipt operation (0.71325ms)
  ✔ wrong receipt request (0.601666ms)
  ✔ late loss receipt (0.860458ms)
  ✔ excess reservation (0.540542ms)
  ✔ wrong state (2.602709ms)
  ✔ waiver charge (0.685708ms)
  ✔ missing reservation (0.639833ms)
  ✔ budget reset (0.801375ms)
  ✔ budget refund (0.63ms)
  ✔ budget arithmetic (0.980041ms)
✔ wrong selection, case, exact body, receipt identity, cap, state or budget refuses recovery (18.307792ms)
✔ invalid Ed25519 receipt and failed or substituted successor verifier are rejected (2.690875ms)
✔ caller mutation during asynchronous verification cannot substitute accepted evidence (1.055875ms)
✔ later explicit demo reservations count globally without replacing acceptance-case recovery evidence (2.739459ms)
✔ unstarted quote failure is read-only across active, mutual-close intent and closed journal (2.037375ms)
▶ unstarted recovery rejects changed checkpoint, saved AUTH/history, state, selection and budget
  ✔ checkpoint case (0.799625ms)
  ✔ checkpoint parent (1.146958ms)
  ✔ checkpoint scope (0.841541ms)
  ✔ checkpoint passed (0.699959ms)
  ✔ checkpoint full gate (0.795708ms)
  ✔ checkpoint unknown field (0.742541ms)
  ✔ diagnostic unknown field (0.719416ms)
  ✔ diagnostic missing field (1.110959ms)
  ✔ after quote (0.666ms)
  ✔ wrong status (0.648542ms)
  ✔ inference observed (0.763583ms)
  ✔ settlement begun (1.05375ms)
  ✔ inference replay (0.853167ms)
  ✔ negative timing (0.666584ms)
  ✔ fractional timing (0.756625ms)
  ✔ oversized timing (0.635041ms)
  ✔ pending AUTH (0.733334ms)
  ✔ settled history (0.712167ms)
  ✔ cleared AUTH evidence (0.79675ms)
  ✔ missing witness (0.539709ms)
  ✔ different deposit witness (0.490625ms)
  ✔ different original deposit (0.541084ms)
  ✔ different balance (1.341042ms)
  ✔ non-genesis anchor (1.422917ms)
  ✔ signed successor (1.265875ms)
  ✔ cap above deposit (0.774375ms)
  ✔ missing context tariff (1.54475ms)
  ✔ pending escape (0.739083ms)
  ✔ escape operation (0.550042ms)
  ✔ imported history (0.890625ms)
  ✔ historical escape (1.1785ms)
  ✔ closed without mutual history (0.845166ms)
  ✔ profile mismatch (0.71725ms)
  ✔ case mismatch (0.8185ms)
  ✔ selection mismatch (0.603959ms)
  ✔ tariff mismatch (0.644958ms)
  ✔ budget identity mismatch (0.640541ms)
  ✔ unexpected selected reservation (0.694417ms)
  ✔ wrong reservation amount (0.616458ms)
  ✔ duplicate reservation (0.89875ms)
  ✔ budget arithmetic (0.613083ms)
  ✔ refund flag (0.601ms)
✔ unstarted recovery rejects changed checkpoint, saved AUTH/history, state, selection and budget (35.852125ms)
✔ unstarted guard preserves other consumed cases and also permits a never-used global campaign (1.851083ms)
✔ completed profile reuses original budget snapshot and exact report bytes after another profile reserves (11.537417ms)
✔ first completion is durable and a same-snapshot reopen does not rewrite it (10.650167ms)
✔ explicit demo reservation shares aggregate budget without changing historical acceptance report (12.953584ms)
✔ budget rollback, substitution, malformed arithmetic and mutable profile evidence fail without changing report (15.317459ms)
✔ saved snapshot must include the completed profile case even if a later valid budget does (1.058041ms)
✔ failure checkpoint accepts only bounded fixed metadata and preserves original bytes (10.16725ms)
ℹ tests 80
ℹ suites 0
ℹ pass 80
ℹ fail 0
ℹ cancelled 0
ℹ skipped 0
ℹ todo 0
ℹ duration_ms 249.751958
