✔ production build defaults to live with a separate sample; reused fixture output removes the sample (113.851375ms)
✔ diagnostics distinguish signing guards without echoing arbitrary data (0.396458ms)
✔ saved-attempt recovery failures use exact finite labels and never echo details (0.145083ms)
✔ known browser exception names return fixed labels without their message (0.154916ms)
✔ presentation assets use an exact route allowlist and preserve the live document without backend calls (78.549833ms)
✔ fixture output keeps root and live on the existing document, and partial demo output fails closed (30.112333ms)
✔ loopback host denies foreign origins, arbitrary provider/routes/batch RPC and financial sends by default (15.052625ms)
✔ financial relay rechecks devnet genesis, exact signed v0, pool/program/instruction and fee without signing or replay (50.300834ms)
✔ explicit history endpoint receives only transaction reads after its own Devnet pin; primary reads remain primary (15.461833ms)
✔ history identity failures stop before transaction lookup and never fall back, retry or expose credentials (11.06425ms)
✔ history RPC and HTTP failures stay failures; only an actual successful null result represents absence (4.892125ms)
✔ read-only host refuses permanent clearance; upstream HTTP/RPC error credentials never reach browser (7.528166ms)
✔ provider bridge allows only bound native control routes and canonical receipt cursors (40.916292ms)
✔ read-only provider bridge blocks AUTH, quote, close and inference before reservation or forwarding (5.583708ms)
✔ prepared UI profile uses existing global budget and refuses concurrent/restarted inference replay (309.632708ms)
✔ expired setup recovery is offered only for unresolved create-only deposits (0.713ms)
✔ unfunded or disconnected state never presents candidate deposit as usable money (0.280666ms)
✔ active deposit is available only without unresolved session or wallet operation (0.2195ms)
✔ unknown AUTH remains distinguishable from an accepted session and successful API response (0.12ms)
✔ unknown inference prevents replay instructions even when session is active or closing (0.13175ms)
✔ current-page response observation explains a saved unknown operation without advancing financial state (0.4235ms)
✔ a received answer is not a signed settlement or a paid charge (0.074334ms)
✔ terminal absence and close intent do not encourage an API send (0.089292ms)
✔ only verified settlement history contributes to paid; latest pending session stays unverified (0.191458ms)
✔ zero-charge and operator-loss waiver do not establish successful API use (0.128333ms)
✔ mutual-close return amount requires closed note and exact finalized execute signature (0.116459ms)
✔ escape status, current signature and failed operation retain recovery presentation (8.652959ms)
✔ signed clearance and missing provider never offer another API authorization (0.246375ms)
✔ integer formatting preserves micro-USDC beyond JavaScript safe integer precision (0.192125ms)
✔ busy/disconnected headlines take precedence, and projection leaves journal byte-equivalent (0.270708ms)
✔ fixed browser body equals parent budget template; prepares after snapshot and verifies charge through SDK before withdrawal is available (180.86175ms)
✔ lost AUTH can only resend its exact bytes; lost inference stays one send after encrypted journal reopen (129.933958ms)
✔ invalid successor retains old balance and pending operation; explicit recovery succeeds without another inference (120.625041ms)
✔ never-sent cancellation uses SDK cancellation; unknown inference absence requires terminal SDK reconciliation (139.90575ms)
✔ two UI intents cannot create two operations; different body or case is rejected before control/inference (98.179708ms)
✔ an untouched message remains equal despite a signature, without exposing private bytes or mutating either input (3.970416ms)
✔ blockhash mutation is distinguished from instruction or account changes (0.549166ms)
✔ added or changed compute-unit price is reported exactly without authorizing message mutation (0.944667ms)
✔ an added assertion-like program keeps originals but is distinct from an unchanged instruction list (0.512ms)
✔ changed non-compute data, account or writable flags never count as retained (1.000292ms)
✔ non-compute comparison preserves order, multiplicity and signer flags (1.637166ms)
✔ malformed or non-compute payloads never masquerade as decoded compute settings (2.50325ms)
✔ unresolved ALT changes cannot establish byte-equivalent non-compute instructions (0.823333ms)
ℹ tests 43
ℹ suites 0
ℹ pass 43
ℹ fail 0
ℹ cancelled 0
ℹ skipped 0
ℹ todo 0
ℹ duration_ms 838.381458
