TAP version 13
# Subtest: browser readiness ignores empty or partially written DevTools port files
ok 1 - browser readiness ignores empty or partially written DevTools port files
  ---
  duration_ms: 3.892215
  type: 'test'
  ...
# Subtest: browser cleanup does not await an already observed signal exit
ok 2 - browser cleanup does not await an already observed signal exit
  ---
  duration_ms: 159.039747
  type: 'test'
  ...
# Subtest: browser cleanup escalates when a process ignores TERM
ok 3 - browser cleanup escalates when a process ignores TERM
  ---
  duration_ms: 1599.010033
  type: 'test'
  ...
# Subtest: real browser journal: atomic cross-tab CAS, encrypted restart, Web Locks and tab crash recovery
ok 4 - real browser journal: atomic cross-tab CAS, encrypted restart, Web Locks and tab crash recovery
  ---
  duration_ms: 1707.866277
  type: 'test'
  ...
# Runtime browser: Chrome/151.0.7922.173
# Actual isolated browser storage retention: best_effort
# Subtest: strict parser preserves JCS ordering/numbers and rejects duplicate/invalid JSON before hashing
ok 5 - strict parser preserves JCS ordering/numbers and rejects duplicate/invalid JSON before hashing
  ---
  duration_ms: 6.25641
  type: 'test'
  ...
# Subtest: strict parser defaults to 1 MiB and permits only an explicit bounded local archive size
ok 6 - strict parser defaults to 1 MiB and permits only an explicit bounded local archive size
  ---
  duration_ms: 94.1573
  type: 'test'
  ...
# Subtest: expanded local archive limit retains duplicate, fatal UTF-8, depth and number checks
ok 7 - expanded local archive limit retains duplicate, fatal UTF-8, depth and number checks
  ---
  duration_ms: 276.447304
  type: 'test'
  ...
# Subtest: authenticates a full OpenAPI manifest via external distribution signature or digest; immutable result
ok 8 - authenticates a full OpenAPI manifest via external distribution signature or digest; immutable result
  ---
  duration_ms: 87.826217
  type: 'test'
  ...
# Subtest: rejects signed mismatched deployment, role keys, build/profile, binding, and malformed wire
ok 9 - rejects signed mismatched deployment, role keys, build/profile, binding, and malformed wire
  ---
  duration_ms: 120.117567
  type: 'test'
  ...
# Subtest: ceremony assertion requires independently reviewed transcripts and mainnet rejects relabeled public test keys
ok 10 - ceremony assertion requires independently reviewed transcripts and mainnet rejects relabeled public test keys
  ---
  duration_ms: 22.26737
  type: 'test'
  ...
# Subtest: explicit devnet test-only single-key custody preserves distribution and finalized PoolConfig admin pins
ok 11 - explicit devnet test-only single-key custody preserves distribution and finalized PoolConfig admin pins
  ---
  duration_ms: 59.783713
  type: 'test'
  ...
# Subtest: single-key custody cannot be relabeled as local, mainnet, another genesis, or ceremony verified
ok 12 - single-key custody cannot be relabeled as local, mainnet, another genesis, or ceremony verified
  ---
  duration_ms: 31.327784
  type: 'test'
  ...
# Subtest: single-key authority discriminant and fields are strict for both roles
ok 13 - single-key authority discriminant and fields are strict for both roles
  ---
  duration_ms: 74.152364
  type: 'test'
  ...
# Subtest: checks finalized raw Vault PoolConfig PDA/owner/layout/role pins/cap/profile and never trusts an unverified object
ok 14 - checks finalized raw Vault PoolConfig PDA/owner/layout/role pins/cap/profile and never trusts an unverified object
  ---
  duration_ms: 36.6965
  type: 'test'
  ...
# Subtest: application factory authenticates independent pins, tariffs and finalized pool without sending or running proofs
ok 15 - application factory authenticates independent pins, tariffs and finalized pool without sending or running proofs
  ---
  duration_ms: 75.211302
  type: 'test'
  ...
# Subtest: compact deposit requires authenticated capability and an independent build capability pin
ok 16 - compact deposit requires authenticated capability and an independent build capability pin
  ---
  duration_ms: 45.86911
  type: 'test'
  ...
# Subtest: compact capability rejects a pinned but incompatible IDL before any wallet signing
ok 17 - compact capability rejects a pinned but incompatible IDL before any wallet signing
  ---
  duration_ms: 82.622836
  type: 'test'
  ...
# Subtest: hashes exact artifact bytes, rejects each changed/missing artifact, and returns detached copies
ok 18 - hashes exact artifact bytes, rejects each changed/missing artifact, and returns detached copies
  ---
  duration_ms: 82.458802
  type: 'test'
  ...
# Subtest: verified client bundle retains entry-time pool and artifact snapshots for the prover
ok 19 - verified client bundle retains entry-time pool and artifact snapshots for the prover
  ---
  duration_ms: 26.694513
  type: 'test'
  ...
# Subtest: client context rejects initially altered artifacts even if buffers change during pool verification
ok 20 - client context rejects initially altered artifacts even if buffers change during pool verification
  ---
  duration_ms: 43.104487
  type: 'test'
  ...
1..20
# tests 20
# suites 0
# pass 20
# fail 0
# cancelled 0
# skipped 0
# todo 0
# duration_ms 4564.494313
