TAP version 13
# Subtest: browser cleanup does not await an already observed signal exit
ok 1 - browser cleanup does not await an already observed signal exit
  ---
  duration_ms: 53.202857
  type: 'test'
  ...
# Subtest: browser cleanup escalates when a process ignores TERM
ok 2 - browser cleanup escalates when a process ignores TERM
  ---
  duration_ms: 1662.922226
  type: 'test'
  ...
# Subtest: real browser journal: atomic cross-tab CAS, encrypted restart, Web Locks and tab crash recovery
not ok 3 - real browser journal: atomic cross-tab CAS, encrypted restart, Web Locks and tab crash recovery
  ---
  duration_ms: 3089.865543
  type: 'test'
  location: '/workspace/solana-zkapi/packages/sdk/test/journal-browser.test.ts:96:1'
  failureType: 'testCodeFailure'
  error: |-
    Chromium did not start: [54471:54529:1006/053416.915421:ERROR:dbus/bus.cc:405] Failed to connect to the bus: Failed to connect to socket /run/dbus/system_bus_socket: No such file or directory
    [54471:54529:1006/053416.933916:ERROR:dbus/bus.cc:405] Failed to connect to the bus: Could not parse server address: Unknown address type (examples of valid types are "tcp" and on UNIX "unix")
    [54471:54529:1006/053416.934008:ERROR:dbus/bus.cc:405] Failed to connect to the bus: Failed to connect to socket /run/dbus/system_bus_socket: No such file or directory
    [54471:54529:1006/053416.934024:ERROR:dbus/bus.cc:405] Failed to connect to the bus: Failed to connect to socket /run/dbus/system_bus_socket: No such file or directory
    [54471:54529:1006/053416.934029:ERROR:dbus/bus.cc:405] Failed to connect to the bus: Could not parse server address: Unknown address type (examples of valid types are "tcp" and on UNIX "unix")
    [54471:54542:1006/053416.981674:ERROR:content/browser/zygote_host/zygote_host_impl_linux.cc:279] Failed to adjust OOM score of renderer with pid 54549: Read-only file system (30)
    [54471:54529:1006/053416.997942:ERROR:dbus/bus.cc:405] Failed to connect to the bus: Could not parse server address: Unknown address type (examples of valid types are "tcp" and on UNIX "unix")
    [54471:54529:1006/053417.205922:ERROR:dbus/bus.cc:405] Failed to connect to the bus: Could not parse server address: Unknown address type (examples of valid types are "tcp" and on UNIX "unix")
    [54471:54542:1006/053417.214140:ERROR:content/browser/zygote_host/zygote_host_impl_linux.cc:279] Failed to adjust OOM score of renderer with pid 54575: Read-only file system (30)
    
    DevTools listening on ws://127.0.0.1:45721/devtools/browser/976ad615-4c15-4109-a1a9-4ccc197a26e2
    
  code: 'ERR_ASSERTION'
  name: 'AssertionError'
  expected: true
  actual: 0
  operator: '=='
  stack: |-
    TestContext.<anonymous> (file:///workspace/solana-zkapi/packages/sdk/test/journal-browser.test.ts:131:10)
    async Test.run (node:internal/test_runner/test:1389:7)
    async Test.processPendingSubtests (node:internal/test_runner/test:960:7)
  ...
# Subtest: strict parser preserves JCS ordering/numbers and rejects duplicate/invalid JSON before hashing
ok 4 - strict parser preserves JCS ordering/numbers and rejects duplicate/invalid JSON before hashing
  ---
  duration_ms: 11.045642
  type: 'test'
  ...
# Subtest: strict parser defaults to 1 MiB and permits only an explicit bounded local archive size
ok 5 - strict parser defaults to 1 MiB and permits only an explicit bounded local archive size
  ---
  duration_ms: 103.934787
  type: 'test'
  ...
# Subtest: expanded local archive limit retains duplicate, fatal UTF-8, depth and number checks
ok 6 - expanded local archive limit retains duplicate, fatal UTF-8, depth and number checks
  ---
  duration_ms: 442.140857
  type: 'test'
  ...
# Subtest: authenticates a full OpenAPI manifest via external distribution signature or digest; immutable result
ok 7 - authenticates a full OpenAPI manifest via external distribution signature or digest; immutable result
  ---
  duration_ms: 96.408442
  type: 'test'
  ...
# Subtest: rejects signed mismatched deployment, role keys, build/profile, binding, and malformed wire
ok 8 - rejects signed mismatched deployment, role keys, build/profile, binding, and malformed wire
  ---
  duration_ms: 116.304099
  type: 'test'
  ...
# Subtest: ceremony assertion requires independently reviewed transcripts and mainnet rejects relabeled public test keys
ok 9 - ceremony assertion requires independently reviewed transcripts and mainnet rejects relabeled public test keys
  ---
  duration_ms: 13.266648
  type: 'test'
  ...
# Subtest: explicit devnet test-only single-key custody preserves distribution and finalized PoolConfig admin pins
ok 10 - explicit devnet test-only single-key custody preserves distribution and finalized PoolConfig admin pins
  ---
  duration_ms: 85.346266
  type: 'test'
  ...
# Subtest: single-key custody cannot be relabeled as local, mainnet, another genesis, or ceremony verified
ok 11 - single-key custody cannot be relabeled as local, mainnet, another genesis, or ceremony verified
  ---
  duration_ms: 33.734647
  type: 'test'
  ...
# Subtest: single-key authority discriminant and fields are strict for both roles
ok 12 - single-key authority discriminant and fields are strict for both roles
  ---
  duration_ms: 85.479674
  type: 'test'
  ...
# Subtest: checks finalized raw Vault PoolConfig PDA/owner/layout/role pins/cap/profile and never trusts an unverified object
ok 13 - checks finalized raw Vault PoolConfig PDA/owner/layout/role pins/cap/profile and never trusts an unverified object
  ---
  duration_ms: 75.162566
  type: 'test'
  ...
# Subtest: application factory authenticates independent pins, tariffs and finalized pool without sending or running proofs
ok 14 - application factory authenticates independent pins, tariffs and finalized pool without sending or running proofs
  ---
  duration_ms: 91.698241
  type: 'test'
  ...
# Subtest: compact deposit requires authenticated capability and an independent build capability pin
ok 15 - compact deposit requires authenticated capability and an independent build capability pin
  ---
  duration_ms: 20.741205
  type: 'test'
  ...
# Subtest: compact capability rejects a pinned but incompatible IDL before any wallet signing
ok 16 - compact capability rejects a pinned but incompatible IDL before any wallet signing
  ---
  duration_ms: 139.536832
  type: 'test'
  ...
# Subtest: hashes exact artifact bytes, rejects each changed/missing artifact, and returns detached copies
ok 17 - hashes exact artifact bytes, rejects each changed/missing artifact, and returns detached copies
  ---
  duration_ms: 72.943693
  type: 'test'
  ...
# Subtest: verified client bundle retains entry-time pool and artifact snapshots for the prover
ok 18 - verified client bundle retains entry-time pool and artifact snapshots for the prover
  ---
  duration_ms: 15.734282
  type: 'test'
  ...
# Subtest: client context rejects initially altered artifacts even if buffers change during pool verification
ok 19 - client context rejects initially altered artifacts even if buffers change during pool verification
  ---
  duration_ms: 57.749075
  type: 'test'
  ...
1..19
# tests 19
# suites 0
# pass 18
# fail 1
# cancelled 0
# skipped 0
# todo 0
# duration_ms 6186.002905
