TAP version 13
# Subtest: direct identity and transport metadata is rejected before AUTH or inference
not ok 1 - direct identity and transport metadata is rejected before AUTH or inference
  ---
  duration_ms: 77.602
  type: 'test'
  location: '/Users/yukikimura/work/solana-zkapi/packages/sdk/test/clientd.test.ts:150:1'
  failureType: 'testCodeFailure'
  error: 'Missing expected rejection.'
  code: 'ERR_ASSERTION'
  name: 'AssertionError'
  expected:
  operator: 'rejects'
  stack: |-
    async TestContext.<anonymous> (file:///Users/yukikimura/work/solana-zkapi/packages/sdk/test/clientd.test.ts:155:7)
    async Test.run (node:internal/test_runner/test:1389:7)
    async startSubtestAfterBootstrap (node:internal/test_runner/harness:387:3)
  ...
# Subtest: daemon exposes inference headers without upstream cookies or tracking headers
not ok 2 - daemon exposes inference headers without upstream cookies or tracking headers
  ---
  duration_ms: 105.122292
  type: 'test'
  location: '/Users/yukikimura/work/solana-zkapi/packages/sdk/test/clientd.test.ts:161:1'
  failureType: 'testCodeFailure'
  error: |-
    Expected values to be strictly equal:
    + actual - expected
    
    + 'provider_identity=private; Path=/'
    - null
    
  code: 'ERR_ASSERTION'
  name: 'AssertionError'
  expected: ~
  actual: 'provider_identity=private; Path=/'
  operator: 'strictEqual'
  stack: |-
    TestContext.<anonymous> (file:///Users/yukikimura/work/solana-zkapi/packages/sdk/test/clientd.test.ts:166:12)
    async Test.run (node:internal/test_runner/test:1389:7)
    async Test.processPendingSubtests (node:internal/test_runner/test:960:7)
  ...
1..2
# tests 2
# suites 0
# pass 0
# fail 2
# cancelled 0
# skipped 0
# todo 0
# duration_ms 318.57575
