TAP version 13
# Subtest: direct structured text formats are supported only at the native API format paths
not ok 1 - direct structured text formats are supported only at the native API format paths
  ---
  duration_ms: 17.854958
  type: 'test'
  location: '/Users/yukikimura/work/solana-zkapi/packages/sdk/test/clientd.test.ts:161:1'
  failureType: 'testCodeFailure'
  error: 'unsupported modality or hosted tool'
  code: 'ERR_TEST_FAILURE'
  stack: |-
    check (file:///Users/yukikimura/work/solana-zkapi/packages/sdk/src/clientd-bridge.ts:131:549)
    check (file:///Users/yukikimura/work/solana-zkapi/packages/sdk/src/clientd-bridge.ts:132:45)
    ClientDaemon.infer (file:///Users/yukikimura/work/solana-zkapi/packages/sdk/src/clientd-bridge.ts:133:10)
    TestContext.<anonymous> (file:///Users/yukikimura/work/solana-zkapi/packages/sdk/test/clientd.test.ts:169:29)
    async Test.run (node:internal/test_runner/test:1389:7)
    async startSubtestAfterBootstrap (node:internal/test_runner/harness:387:3)
  ...
1..1
# tests 1
# suites 0
# pass 0
# fail 1
# cancelled 0
# skipped 0
# todo 0
# duration_ms 187.644208
