scripts/i10_devnet_provider_recovery.test.ts(207,28): error TS18046: 'o.failure' is of type 'unknown'.
scripts/i10_devnet_provider_recovery.test.ts(208,30): error TS18046: 'o.failure' is of type 'unknown'.
scripts/i10_devnet_provider_recovery.test.ts(209,29): error TS18046: 'o.failure' is of type 'unknown'.
scripts/i10_devnet_provider_recovery.test.ts(210,30): error TS18046: 'o.failure' is of type 'unknown'.
scripts/i10_devnet_provider_recovery.test.ts(211,33): error TS18046: 'o.failure' is of type 'unknown'.
scripts/i10_devnet_provider_recovery.test.ts(212,51): error TS2769: No overload matches this call.
  Overload 1 of 4, '(target: {}, source: { untrusted: string; }): { untrusted: string; }', gave the following error.
    Argument of type 'unknown' is not assignable to parameter of type '{}'.
  Overload 2 of 4, '(target: object, ...sources: any[]): any', gave the following error.
    Argument of type 'unknown' is not assignable to parameter of type 'object'.
scripts/i10_devnet_provider_recovery.test.ts(213,51): error TS18046: 'o.failure' is of type 'unknown'.
scripts/i10_devnet_provider_recovery.test.ts(214,45): error TS18046: 'o.failure' is of type 'unknown'.
scripts/i10_devnet_provider_recovery.test.ts(214,94): error TS2339: Property 'diagnostic' does not exist on type 'unknown'.
scripts/i10_devnet_provider_recovery.test.ts(215,24): error TS18046: 'o.failure' is of type 'unknown'.
scripts/i10_devnet_provider_recovery.test.ts(216,25): error TS18046: 'o.failure' is of type 'unknown'.
scripts/i10_devnet_provider_recovery.test.ts(217,45): error TS18046: 'o.failure' is of type 'unknown'.
scripts/i10_devnet_provider_recovery.test.ts(218,29): error TS18046: 'o.failure' is of type 'unknown'.
scripts/i10_devnet_provider_recovery.test.ts(219,29): error TS18046: 'o.failure' is of type 'unknown'.
scripts/i10_devnet_provider_recovery.test.ts(220,28): error TS18046: 'o.failure' is of type 'unknown'.
scripts/i10_devnet_provider_recovery.test.ts(221,30): error TS18046: 'o.failure' is of type 'unknown'.
scripts/i10_devnet_provider_recovery.test.ts(222,29): error TS18046: 'o.failure' is of type 'unknown'.
