✔ unknown waiver re-verifies receipt/successor without writes, inference or provider-pass claim (7.386ms)
✔ metered charge re-verifies receipt/successor without writes, inference or provider-pass claim (2.52475ms)
▶ wrong selection, case, exact body, receipt identity, cap, state or budget refuses recovery
  ✔ pending (0.717417ms)
  ✔ extra history (0.575958ms)
  ✔ different financial operation (0.513375ms)
  ✔ wrong case (0.717417ms)
  ✔ wrong selection (0.62475ms)
  ✔ changed tariff (0.708458ms)
  ✔ wrong mode (0.826625ms)
  ✔ wrong provider (0.591666ms)
  ✔ wrong model (0.52275ms)
  ✔ changed cap (0.488625ms)
  ✔ extra operation (0.542959ms)
  ✔ different body (0.551875ms)
  ✔ unsent operation (0.605417ms)
  ✔ wrong receipt operation (0.621292ms)
  ✔ wrong receipt request (0.645042ms)
  ✔ late loss receipt (0.488625ms)
  ✔ excess reservation (0.465584ms)
  ✔ wrong state (2.133291ms)
  ✔ waiver charge (0.618167ms)
  ✔ missing reservation (0.57625ms)
  ✔ budget reset (0.516209ms)
  ✔ budget refund (0.70825ms)
  ✔ budget arithmetic (0.507625ms)
✔ wrong selection, case, exact body, receipt identity, cap, state or budget refuses recovery (16.021125ms)
✔ invalid Ed25519 receipt and failed or substituted successor verifier are rejected (2.540958ms)
✔ caller mutation during asynchronous verification cannot substitute accepted evidence (1.05675ms)
✔ later explicit demo reservations count globally without replacing acceptance-case recovery evidence (2.369ms)
✔ saved provider withdrawal accepts copied historical budget plus a later direct AUTH reservation (8.334417ms)
✔ unstarted quote failure is read-only across active, mutual-close intent and closed journal (1.939041ms)
▶ unstarted recovery rejects changed checkpoint, saved AUTH/history, state, selection and budget
  ✔ checkpoint case (0.773042ms)
  ✔ checkpoint parent (1.039458ms)
  ✔ checkpoint scope (0.752541ms)
  ✔ checkpoint passed (0.641583ms)
  ✔ checkpoint full gate (0.671416ms)
  ✔ checkpoint unknown field (0.724042ms)
  ✔ diagnostic unknown field (0.636416ms)
  ✔ diagnostic missing field (0.802125ms)
  ✔ after quote (0.596541ms)
  ✔ wrong status (0.625417ms)
  ✔ inference observed (0.643667ms)
  ✔ settlement begun (0.567875ms)
  ✔ inference replay (0.715917ms)
  ✔ negative timing (0.603709ms)
  ✔ fractional timing (0.590667ms)
  ✔ oversized timing (0.602375ms)
  ✔ pending AUTH (0.69425ms)
  ✔ settled history (0.852542ms)
  ✔ cleared AUTH evidence (0.884625ms)
  ✔ missing witness (0.510875ms)
  ✔ different deposit witness (0.410292ms)
  ✔ different original deposit (0.40625ms)
  ✔ different balance (0.431875ms)
  ✔ non-genesis anchor (0.449625ms)
  ✔ signed successor (0.449625ms)
  ✔ cap above deposit (0.433042ms)
  ✔ missing context tariff (0.715791ms)
  ✔ pending escape (0.616ms)
  ✔ escape operation (0.507125ms)
  ✔ imported history (0.535666ms)
  ✔ historical escape (0.465708ms)
  ✔ closed without mutual history (0.416875ms)
  ✔ profile mismatch (0.558042ms)
  ✔ case mismatch (0.715416ms)
  ✔ selection mismatch (0.57525ms)
  ✔ tariff mismatch (0.546708ms)
  ✔ budget identity mismatch (0.568542ms)
  ✔ unexpected selected reservation (0.577666ms)
  ✔ wrong reservation amount (0.589916ms)
  ✔ duplicate reservation (0.723458ms)
  ✔ budget arithmetic (0.57225ms)
  ✔ refund flag (0.56875ms)
✔ unstarted recovery rejects changed checkpoint, saved AUTH/history, state, selection and budget (26.769625ms)
✔ unstarted guard preserves other consumed cases and also permits a never-used global campaign (0.935792ms)
ℹ tests 75
ℹ suites 0
ℹ pass 75
ℹ fail 0
ℹ cancelled 0
ℹ skipped 0
ℹ todo 0
ℹ duration_ms 187.53725
