TAP version 13
# Subtest: one chat call quotes, proves, authorizes, sends once and verifies settlement; model switch uses its tariff
ok 1 - one chat call quotes, proves, authorizes, sends once and verifies settlement; model switch uses its tariff
  ---
  duration_ms: 638.667013
  type: 'test'
  ...
# Subtest: lists and notifications are detached and omit secrets, prompt bodies and provider keys
ok 2 - lists and notifications are detached and omit secrets, prompt bodies and provider keys
  ---
  duration_ms: 248.682284
  type: 'test'
  ...
# Subtest: quote rejection never reaches proof, AUTH or inference
ok 3 - quote rejection never reaches proof, AUTH or inference
  ---
  duration_ms: 18.82932
  type: 'test'
  ...
# Subtest: reopening pending AUTH is read-only; new sends are blocked and recovery sends only saved AUTH
ok 4 - reopening pending AUTH is read-only; new sends are blocked and recovery sends only saved AUTH
  ---
  duration_ms: 164.047346
  type: 'test'
  ...
# Subtest: response loss and failed settlement retain operation; restarting never replays it
ok 5 - response loss and failed settlement retain operation; restarting never replays it
  ---
  duration_ms: 333.206763
  type: 'test'
  ...
# Subtest: an unverified successor never becomes available balance
ok 6 - an unverified successor never becomes available balance
  ---
  duration_ms: 176.364242
  type: 'test'
  ...
# Subtest: stream holds action lock; cancellation closes shared lifecycle and releases the client
ok 7 - stream holds action lock; cancellation closes shared lifecycle and releases the client
  ---
  duration_ms: 89.767066
  type: 'test'
  ...
# Subtest: stream helpers finish settlement before returning to the next send
ok 8 - stream helpers finish settlement before returning to the next send
  ---
  duration_ms: 376.038185
  type: 'test'
  ...
# Subtest: stream errors await the existing close finalizer before releasing the application lock
ok 9 - stream errors await the existing close finalizer before releasing the application lock
  ---
  duration_ms: 93.296892
  type: 'test'
  ...
# Subtest: cancelling a pending read retains the application lock through settlement
ok 10 - cancelling a pending read retains the application lock through settlement
  ---
  duration_ms: 96.25002
  type: 'test'
  ...
# Subtest: separate instances share a note lock through body consumption
ok 11 - separate instances share a note lock through body consumption
  ---
  duration_ms: 380.558116
  type: 'test'
  ...
# Subtest: invalid model, API, ID and body cannot start an authorization; abort-before-send is side-effect free
ok 12 - invalid model, API, ID and body cannot start an authorization; abort-before-send is side-effect free
  ---
  duration_ms: 10.286538
  type: 'test'
  ...
# Subtest: expired, cleared, closed and insufficient notes cannot start chat
ok 13 - expired, cleared, closed and insufficient notes cannot start chat
  ---
  duration_ms: 77.173864
  type: 'test'
  ...
# Subtest: dispose does not settle or erase storage and refuses later actions
ok 14 - dispose does not settle or erase storage and refuses later actions
  ---
  duration_ms: 6.340382
  type: 'test'
  ...
# Subtest: each configured proxy model selects its own pinned provider/API/tariff and verifies its quote
ok 15 - each configured proxy model selects its own pinned provider/API/tariff and verifies its quote
  ---
  duration_ms: 85.693132
  type: 'test'
  ...
# Subtest: legacy single proxy tariff stays compatible but cannot advertise unrelated models
ok 16 - legacy single proxy tariff stays compatible but cannot advertise unrelated models
  ---
  duration_ms: 4.154416
  type: 'test'
  ...
# Subtest: legacy direct wildcard tariff supports multiple concrete IDs with the same explicit provider
ok 17 - legacy direct wildcard tariff supports multiple concrete IDs with the same explicit provider
  ---
  duration_ms: 2.791357
  type: 'test'
  ...
# Subtest: startup rejects mixed, ambiguous, unsupported, mismatched, tampered and unpinned model configuration
ok 18 - startup rejects mixed, ambiguous, unsupported, mismatched, tampered and unpinned model configuration
  ---
  duration_ms: 3.099285
  type: 'test'
  ...
# Subtest: model configuration and returned tariffs do not retain mutable caller-owned values
ok 19 - model configuration and returned tariffs do not retain mutable caller-owned values
  ---
  duration_ms: 1.054941
  type: 'test'
  ...
# Subtest: model switch settles the old session and dispatches the original new operation once
ok 20 - model switch settles the old session and dispatches the original new operation once
  ---
  duration_ms: 309.185758
  type: 'test'
  ...
# Subtest: model switch cannot close a session with an active response
ok 21 - model switch cannot close a session with an active response
  ---
  duration_ms: 198.598
  type: 'test'
  ...
# Subtest: unfinished or unverifiable close blocks new-model authorization without replay
ok 22 - unfinished or unverifiable close blocks new-model authorization without replay
  ---
  duration_ms: 724.518397
  type: 'test'
  ...
# Subtest: aborting during old-session settlement never authorizes the new model
ok 23 - aborting during old-session settlement never authorizes the new model
  ---
  duration_ms: 114.813069
  type: 'test'
  ...
# Subtest: shutdown during model-switch settlement closes without admitting the new send
ok 24 - shutdown during model-switch settlement closes without admitting the new send
  ---
  duration_ms: 155.119395
  type: 'test'
  ...
# Subtest: reuse expiry and a concurrent maintenance tick admit a new request once after settlement
ok 25 - reuse expiry and a concurrent maintenance tick admit a new request once after settlement
  ---
  duration_ms: 140.873942
  type: 'test'
  ...
# Subtest: validated model policies drive the advertised provider and reject unsupported APIs before AUTH
ok 26 - validated model policies drive the advertised provider and reject unsupported APIs before AUTH
  ---
  duration_ms: 63.792306
  type: 'test'
  ...
# Subtest: clientd shares encrypted journal, streams once, reuses 60-second session and closes idle
ok 27 - clientd shares encrypted journal, streams once, reuses 60-second session and closes idle
  ---
  duration_ms: 108.797165
  type: 'test'
  ...
# Subtest: reuse zero closes after every request and duplicate operation cannot cross settled sessions
ok 28 - reuse zero closes after every request and duplicate operation cannot cross settled sessions
  ---
  duration_ms: 191.148693
  type: 'test'
  ...
# Subtest: uncertain direct inference is never replayed after restart; one encrypted key, same mode
ok 29 - uncertain direct inference is never replayed after restart; one encrypted key, same mode
  ---
  duration_ms: 90.185915
  type: 'test'
  ...
# Subtest: restart keeps admin reachable for explicit absent-operation reconciliation without inference replay
ok 30 - restart keeps admin reachable for explicit absent-operation reconciliation without inference replay
  ---
  duration_ms: 279.957977
  type: 'test'
  ...
# Subtest: restart outage keeps inference blocked until explicit recovery closes the previous session
ok 31 - restart outage keeps inference blocked until explicit recovery closes the previous session
  ---
  duration_ms: 361.109589
  type: 'test'
  ...
# Subtest: startup rejects a tampered encrypted journal before contacting control
ok 32 - startup rejects a tampered encrypted journal before contacting control
  ---
  duration_ms: 113.270081
  type: 'test'
  ...
# Subtest: expired never-sent authorization has explicit admin cancellation; uncertain inference cannot be canceled
ok 33 - expired never-sent authorization has explicit admin cancellation; uncertain inference cannot be canceled
  ---
  duration_ms: 109.401184
  type: 'test'
  ...
# Subtest: direct 202 with missing key closes without inference or proxy fallback
ok 34 - direct 202 with missing key closes without inference or proxy fallback
  ---
  duration_ms: 32.572505
  type: 'test'
  ...
# Subtest: OA key is independently verified before clientd inference and reused only within the same session
ok 35 - OA key is independently verified before clientd inference and reused only within the same session
  ---
  duration_ms: 63.11723
  type: 'test'
  ...
# Subtest: OA verifier rejection closes the same authorization without saving a key or sending inference
ok 36 - OA verifier rejection closes the same authorization without saving a key or sending inference
  ---
  duration_ms: 39.107286
  type: 'test'
  ...
# Subtest: stream cancel still closes reuse-zero session, unsupported direct modalities never authorize
ok 37 - stream cancel still closes reuse-zero session, unsupported direct modalities never authorize
  ---
  duration_ms: 63.74858
  type: 'test'
  ...
# Subtest: graceful shutdown waits for delivered streams and durable session close
ok 38 - graceful shutdown waits for delivered streams and durable session close
  ---
  duration_ms: 82.776967
  type: 'test'
  ...
# Subtest: graceful shutdown also waits for admission already preparing its authorization
ok 39 - graceful shutdown also waits for admission already preparing its authorization
  ---
  duration_ms: 83.787282
  type: 'test'
  ...
# Subtest: native custody wraps random key, authenticates passphrase and metadata, and refuses reset
ok 40 - native custody wraps random key, authenticates passphrase and metadata, and refuses reset
  ---
  duration_ms: 400.987138
  type: 'test'
  ...
# Subtest: actual Unix HTTP disconnect cancels upstream response and waits for stream finalizer
ok 41 - actual Unix HTTP disconnect cancels upstream response and waits for stream finalizer
  ---
  duration_ms: 35.665756
  type: 'test'
  ...
# Subtest: disconnect before upstream headers aborts inference and retains its non-replayable intent
ok 42 - disconnect before upstream headers aborts inference and retains its non-replayable intent
  ---
  duration_ms: 157.576715
  type: 'test'
  ...
# Subtest: already disconnected Unix response cancels a late body without waiting for its first byte
ok 43 - already disconnected Unix response cancels a late body without waiting for its first byte
  ---
  duration_ms: 3.741711
  type: 'test'
  ...
# Subtest: explicit absent-operation reconciliation requires terminal settlement and original crypto verification
ok 44 - explicit absent-operation reconciliation requires terminal settlement and original crypto verification
  ---
  duration_ms: 236.119171
  type: 'test'
  ...
# Subtest: absent-operation reconciliation does not persist exclusions when the signed successor fails verification
ok 45 - absent-operation reconciliation does not persist exclusions when the signed successor fails verification
  ---
  duration_ms: 48.011621
  type: 'test'
  ...
# Subtest: prepare snapshots exact authorization and credentials; send_unknown is durable before the first POST
ok 46 - prepare snapshots exact authorization and credentials; send_unknown is durable before the first POST
  ---
  duration_ms: 64.461693
  type: 'test'
  ...
# Subtest: two callers cannot prepare two unresolved authorizations for the same note
ok 47 - two callers cannot prepare two unresolved authorizations for the same note
  ---
  duration_ms: 31.179561
  type: 'test'
  ...
# Subtest: authorization response loss recovers only identical proof/body/token, even after restart
ok 48 - authorization response loss recovers only identical proof/body/token, even after restart
  ---
  duration_ms: 72.795688
  type: 'test'
  ...
# Subtest: close of an unknown create preserves exact authorization recovery and durable close intent
ok 49 - close of an unknown create preserves exact authorization recovery and durable close intent
  ---
  duration_ms: 96.834906
  type: 'test'
  ...
# Subtest: closing an unknown direct create withholds a newly delivered key and resumes close after response loss
ok 50 - closing an unknown direct create withholds a newly delivered key and resumes close after response loss
  ---
  duration_ms: 76.771965
  type: 'test'
  ...
# Subtest: direct 202 or missing first key persists closing and uses saved control credential, without changing mode
ok 51 - direct 202 or missing first key persists closing and uses saved control credential, without changing mode
  ---
  duration_ms: 83.821032
  type: 'test'
  ...
# Subtest: initial direct key remains encrypted in journal and normal GET recovery never asks for reissue
ok 52 - initial direct key remains encrypted in journal and normal GET recovery never asks for reissue
  ---
  duration_ms: 64.090666
  type: 'test'
  ...
# Subtest: OA key without independently verifiable evidence is withheld and the same session closes
ok 53 - OA key without independently verifiable evidence is withheld and the same session closes
  ---
  duration_ms: 52.116609
  type: 'test'
  ...
# Subtest: OA evidence is checked before key delivery, cached for use and independently rechecked after SDK restart
ok 54 - OA evidence is checked before key delivery, cached for use and independently rechecked after SDK restart
  ---
  duration_ms: 72.957269
  type: 'test'
  ...
# Subtest: untrusted OA evidence and verifier failures close without exposing or persisting a usable key
    # Subtest: missing independent pin
    ok 1 - missing independent pin
      ---
      duration_ms: 55.695058
      type: 'test'
      ...
    # Subtest: missing evidence
    ok 2 - missing evidence
      ---
      duration_ms: 35.354137
      type: 'test'
      ...
    # Subtest: null evidence
    ok 3 - null evidence
      ---
      duration_ms: 41.650854
      type: 'test'
      ...
    # Subtest: injected verifier URL
    ok 4 - injected verifier URL
      ---
      duration_ms: 45.63023
      type: 'test'
      ...
    # Subtest: wrong station
    ok 5 - wrong station
      ---
      duration_ms: 60.441336
      type: 'test'
      ...
    # Subtest: malformed signature
    ok 6 - malformed signature
      ---
      duration_ms: 25.41728
      type: 'test'
      ...
    # Subtest: unknown evidence field
    ok 7 - unknown evidence field
      ---
      duration_ms: 29.992864
      type: 'test'
      ...
    # Subtest: wrong attestation flag type
    ok 8 - wrong attestation flag type
      ---
      duration_ms: 42.855769
      type: 'test'
      ...
    # Subtest: string evidence expiry
    ok 9 - string evidence expiry
      ---
      duration_ms: 31.358727
      type: 'test'
      ...
    # Subtest: unsafe evidence expiry
    ok 10 - unsafe evidence expiry
      ---
      duration_ms: 56.718852
      type: 'test'
      ...
    # Subtest: fractional evidence expiry
    ok 11 - fractional evidence expiry
      ---
      duration_ms: 27.034418
      type: 'test'
      ...
    # Subtest: numeric lease expiry
    ok 12 - numeric lease expiry
      ---
      duration_ms: 30.13554
      type: 'test'
      ...
    # Subtest: noncanonical lease expiry
    ok 13 - noncanonical lease expiry
      ---
      duration_ms: 47.974727
      type: 'test'
      ...
    # Subtest: missing lease expiry
    ok 14 - missing lease expiry
      ---
      duration_ms: 29.394623
      type: 'test'
      ...
    # Subtest: expired lease
    ok 15 - expired lease
      ---
      duration_ms: 29.749902
      type: 'test'
      ...
    # Subtest: evidence expires before lease
    ok 16 - evidence expires before lease
      ---
      duration_ms: 46.647495
      type: 'test'
      ...
    # Subtest: excessive expiry skew
    ok 17 - excessive expiry skew
      ---
      duration_ms: 19.312439
      type: 'test'
      ...
    # Subtest: verifier rejects substituted key
    ok 18 - verifier rejects substituted key
      ---
      duration_ms: 19.179501
      type: 'test'
      ...
    # Subtest: HTTP failure with verified body
    ok 19 - HTTP failure with verified body
      ---
      duration_ms: 18.868057
      type: 'test'
      ...
    # Subtest: network timeout
    ok 20 - network timeout
      ---
      duration_ms: 38.779839
      type: 'test'
      ...
    # Subtest: duplicate JSON status
    ok 21 - duplicate JSON status
      ---
      duration_ms: 22.150335
      type: 'test'
      ...
    # Subtest: wrong verifier status type
    ok 22 - wrong verifier status type
      ---
      duration_ms: 18.483865
      type: 'test'
      ...
    # Subtest: expiry crossed during verification
    ok 23 - expiry crossed during verification
      ---
      duration_ms: 18.874277
      type: 'test'
      ...
    1..23
ok 55 - untrusted OA evidence and verifier failures close without exposing or persisting a usable key
  ---
  duration_ms: 796.998015
  type: 'test'
  ...
# Subtest: OA verifier pins are detached from mutable caller options and the existing 65-second issuer skew is accepted
ok 56 - OA verifier pins are detached from mutable caller options and the existing 65-second issuer skew is accepted
  ---
  duration_ms: 39.006817
  type: 'test'
  ...
# Subtest: OA failed close retains keyless closing state and can settle without verifier access
ok 57 - OA failed close retains keyless closing state and can settle without verifier access
  ---
  duration_ms: 37.567143
  type: 'test'
  ...
# Subtest: legacy OA keys and changed saved evidence cannot bypass verification on direct send
    # Subtest: legacy
    ok 1 - legacy
      ---
      duration_ms: 71.27572
      type: 'test'
      ...
    # Subtest: key
    ok 2 - key
      ---
      duration_ms: 53.800436
      type: 'test'
      ...
    # Subtest: evidence
    ok 3 - evidence
      ---
      duration_ms: 70.817487
      type: 'test'
      ...
    # Subtest: expiry
    ok 4 - expiry
      ---
      duration_ms: 62.823943
      type: 'test'
      ...
    # Subtest: pins
    ok 5 - pins
      ---
      duration_ms: 46.360608
      type: 'test'
      ...
    1..5
ok 58 - legacy OA keys and changed saved evidence cannot bypass verification on direct send
  ---
  duration_ms: 306.314837
  type: 'test'
  ...
# Subtest: SETTLED text with failed successor verification preserves old note and unresolved authorization
ok 59 - SETTLED text with failed successor verification preserves old note and unresolved authorization
  ---
  duration_ms: 52.118192
  type: 'test'
  ...
# Subtest: verified successor is committed with old state and transcript before a note becomes available
ok 60 - verified successor is committed with old state and transcript before a note becomes available
  ---
  duration_ms: 34.350833
  type: 'test'
  ...
# Subtest: server session identity substitution cannot change the note
ok 61 - server session identity substitution cannot change the note
  ---
  duration_ms: 13.512633
  type: 'test'
  ...
# Subtest: duplicate receipt and nonadvancing cursor both block settlement before the verifier
ok 62 - duplicate receipt and nonadvancing cursor both block settlement before the verifier
  ---
  duration_ms: 60.286065
  type: 'test'
  ...
# Subtest: inference persists exact bytes before send; response loss and restart cannot auto replay
ok 63 - inference persists exact bytes before send; response loss and restart cannot auto replay
  ---
  duration_ms: 38.654462
  type: 'test'
  ...
# Subtest: concurrent senders dispatch one inference and 409 points at status without retrying
ok 64 - concurrent senders dispatch one inference and 409 points at status without retrying
  ---
  duration_ms: 65.664109
  type: 'test'
  ...
# Subtest: failed durable save stops authorization dispatch and failed RP verification never creates pending state
ok 65 - failed durable save stops authorization dispatch and failed RP verification never creates pending state
  ---
  duration_ms: 54.583498
  type: 'test'
  ...
# Subtest: duplicate JSON fields in status fail closed without advancing state
ok 66 - duplicate JSON fields in status fail closed without advancing state
  ---
  duration_ms: 31.282093
  type: 'test'
  ...
# Subtest: browser-compatible credential encoding is byte-identical to Node base64url including both substituted alphabet characters and padding
ok 67 - browser-compatible credential encoding is byte-identical to Node base64url including both substituted alphabet characters and padding
  ---
  duration_ms: 7.379409
  type: 'test'
  ...
# Subtest: credential mode is explicit and expiry warning includes the Active principal treasury consequence
ok 68 - credential mode is explicit and expiry warning includes the Active principal treasury consequence
  ---
  duration_ms: 0.791098
  type: 'test'
  ...
# Subtest: quote verifies real Ed25519 and signed tariff binding while preserving request/price snapshots
ok 69 - quote verifies real Ed25519 and signed tariff binding while preserving request/price snapshots
  ---
  duration_ms: 11.11412
  type: 'test'
  ...
# Subtest: quote rejects altered signature, body digest, tariff bytes and unpinned tariff
ok 70 - quote rejects altered signature, body digest, tariff bytes and unpinned tariff
  ---
  duration_ms: 7.787557
  type: 'test'
  ...
# Subtest: validly signed quotes cannot substitute deployment, pool, mode, provider, model, tariff or API origins
ok 71 - validly signed quotes cannot substitute deployment, pool, mode, provider, model, tariff or API origins
  ---
  duration_ms: 9.288482
  type: 'test'
  ...
# Subtest: quote admission accepts issued_at and rejects expires_at equality, future quotes, bad TTL and concurrency
ok 72 - quote admission accepts issued_at and rejects expires_at equality, future quotes, bad TTL and concurrency
  ---
  duration_ms: 10.796107
  type: 'test'
  ...
# Subtest: tariff validity is bound to quote issue time including the exclusive valid_until boundary
ok 73 - tariff validity is bound to quote issue time including the exclusive valid_until boundary
  ---
  duration_ms: 7.405017
  type: 'test'
  ...
# Subtest: quote rejects extra prompt/secret fields, implicit mode and invalid selection before any request leaves the client
ok 74 - quote rejects extra prompt/secret fields, implicit mode and invalid selection before any request leaves the client
  ---
  duration_ms: 3.665037
  type: 'test'
  ...
# Subtest: expired never-sent authorization remains cancellable and can be replaced without changing the note state
ok 75 - expired never-sent authorization remains cancellable and can be replaced without changing the note state
  ---
  duration_ms: 37.076607
  type: 'test'
  ...
# Subtest: possibly-sent authorization cannot be cancelled and recovers identical bytes after quote expiry
ok 76 - possibly-sent authorization cannot be cancelled and recovers identical bytes after quote expiry
  ---
  duration_ms: 30.921166
  type: 'test'
  ...
# Subtest: schema 2 survives every ControlClient authorization, inference, recovery and settlement writer
ok 77 - schema 2 survives every ControlClient authorization, inference, recovery and settlement writer
  ---
  duration_ms: 54.897079
  type: 'test'
  ...
1..77
# tests 105
# suites 0
# pass 105
# fail 0
# cancelled 0
# skipped 0
# todo 0
# duration_ms 5297.79133
