✔ Chat SSE accepts UTF-8, comments, CRLF splits, usage events and multiline data at every byte boundary (18.148125ms)
✔ SSE rejects truncated streams, provider errors, bad UTF-8 and oversized frames (2.215542ms)
✔ breaking delta iteration cancels unread response; HTTP errors are bounded and redacted (0.599708ms)
✔ text helper accepts one text choice and refuses tool-only, malformed and oversized responses (2.402292ms)
✔ reader and cancellation failures never expose private errors from text or SSE helpers (1.897792ms)
✔ one chat call quotes, proves, authorizes, sends once and verifies settlement; model switch uses its tariff (284.00375ms)
✔ lists and notifications are detached and omit secrets, prompt bodies and provider keys (108.013125ms)
✔ quote rejection never reaches proof, AUTH or inference (14.903834ms)
✔ reopening pending AUTH is read-only; new sends are blocked and recovery sends only saved AUTH (103.624833ms)
✔ response loss and failed settlement retain operation; restarting never replays it (269.657ms)
✔ an unverified successor never becomes available balance (148.623166ms)
✔ stream holds action lock; cancellation closes shared lifecycle and releases the client (110.646042ms)
✔ stream helpers finish settlement before returning to the next send (356.95325ms)
✔ stream errors await the existing close finalizer before releasing the application lock (112.45275ms)
✔ cancelling a pending read retains the application lock through settlement (114.716333ms)
✔ separate instances share a note lock through body consumption (286.738333ms)
✔ invalid model, API, ID and body cannot start an authorization; abort-before-send is side-effect free (11.477792ms)
✔ expired, cleared, closed and insufficient notes cannot start chat (88.139291ms)
✔ dispose does not settle or erase storage and refuses later actions (10.631333ms)
ℹ tests 19
ℹ suites 0
ℹ pass 19
ℹ fail 0
ℹ cancelled 0
ℹ skipped 0
ℹ todo 0
ℹ duration_ms 2148.948125
