✖ launcher wrapper retries common AUTH reads using actual SDK adapter, same prover and no selected-note fallback (20.997417ms)
✖ common snapshot deadline aborts actual SDK transport and later calls receive a fresh scope (106.526042ms)
✔ missing private membership is terminal and never invokes a selected-note finance read (6.103125ms)
✔ finance recovery methods retain original adapter binding and never enter snapshot retry scope (1.843459ms)
✔ TLS inference bridge streams first SSE frame before final usage, pins Host and preserves operation/Anthropic headers (46.646416ms)
✔ legacy indexer/control routes retain bodies/status, local errors do not retry, cancellation closes upstream (56.617708ms)
✔ direct transport permits only exact HTTPS chat endpoint, refuses redirects and never retries TLS failure (132.167958ms)
✔ common AUTH snapshot routes retain large files, reject expanded selectors and enforce snapshot byte bounds (79.709958ms)
✔ OA verifier transport permits only its pinned POST and never trusts the devnet service CA (140.231084ms)
ℹ tests 9
ℹ suites 0
ℹ pass 7
ℹ fail 2
ℹ cancelled 0
ℹ skipped 0
ℹ todo 0
ℹ duration_ms 3272.393333

✖ failing tests:

test at scripts/i10_devnet_snapshot_chain.test.ts:59:1
✖ launcher wrapper retries common AUTH reads using actual SDK adapter, same prover and no selected-note fallback (20.997417ms)
  AssertionError [ERR_ASSERTION]: Expected values to be strictly deep-equal:
  + actual - expected
  
    [
  +   [Object: null prototype] {
  -   {
        commitment: '0x000000000000000000000000000000000000000000000000000000000000002a',
        deposit_micro_usdc: '100',
        expiry: '3000000000',
        note_id: '0'
      },
  +   [Object: null prototype] {
  -   {
        commitment: '0x000000000000000000000000000000000000000000000000000000000000002c',
        deposit_micro_usdc: '100',
        expiry: '3000000000',
        note_id: '2'
      }
  
      at Object.snapshotPath (file:///Users/yukikimura/work/solana-zkapi/scripts/i10_devnet_snapshot_chain.test.ts:53:91)
      at privateSessionSnapshot (file:///Users/yukikimura/work/solana-zkapi/packages/sdk/src/session-snapshot.ts:119:28)
      at async read (file:///Users/yukikimura/work/solana-zkapi/scripts/i10_devnet_snapshot_chain.ts:33:25)
      at async TestContext.<anonymous> (file:///Users/yukikimura/work/solana-zkapi/scripts/i10_devnet_snapshot_chain.test.ts:62:13)
      at async Test.run (node:internal/test_runner/test:1389:7)
      at async startSubtestAfterBootstrap (node:internal/test_runner/harness:387:3) {
    generatedMessage: true,
    code: 'ERR_ASSERTION',
    actual: [ { commitment: '0x000000000000000000000000000000000000000000000000000000000000002a', deposit_micro_usdc: '100', expiry: '3000000000', note_id: '0' }, { commitment: '0x000000000000000000000000000000000000000000000000000000000000002c', deposit_micro_usdc: '100', expiry: '3000000000', note_id: '2' } ],
    expected: [ { note_id: '0', commitment: '0x000000000000000000000000000000000000000000000000000000000000002a', deposit_micro_usdc: '100', expiry: '3000000000' }, { note_id: '2', commitment: '0x000000000000000000000000000000000000000000000000000000000000002c', deposit_micro_usdc: '100', expiry: '3000000000' } ],
    operator: 'deepStrictEqual',
    diff: 'simple'
  }

test at scripts/i10_devnet_snapshot_chain.test.ts:70:1
✖ common snapshot deadline aborts actual SDK transport and later calls receive a fresh scope (106.526042ms)
  AssertionError [ERR_ASSERTION]: Expected values to be strictly deep-equal:
  + actual - expected
  
    [
  +   [Object: null prototype] {
  -   {
        commitment: '0x000000000000000000000000000000000000000000000000000000000000002a',
        deposit_micro_usdc: '100',
        expiry: '3000000000',
        note_id: '0'
      },
  +   [Object: null prototype] {
  -   {
        commitment: '0x000000000000000000000000000000000000000000000000000000000000002c',
        deposit_micro_usdc: '100',
        expiry: '3000000000',
        note_id: '2'
      }
  
      at Object.snapshotPath (file:///Users/yukikimura/work/solana-zkapi/scripts/i10_devnet_snapshot_chain.test.ts:53:91)
      at privateSessionSnapshot (file:///Users/yukikimura/work/solana-zkapi/packages/sdk/src/session-snapshot.ts:119:28)
      at async read (file:///Users/yukikimura/work/solana-zkapi/scripts/i10_devnet_snapshot_chain.ts:33:25)
      at async TestContext.<anonymous> (file:///Users/yukikimura/work/solana-zkapi/scripts/i10_devnet_snapshot_chain.test.ts:77:17)
      at async Test.run (node:internal/test_runner/test:1389:7)
      at async Test.processPendingSubtests (node:internal/test_runner/test:960:7) {
    generatedMessage: true,
    code: 'ERR_ASSERTION',
    actual: [ { commitment: '0x000000000000000000000000000000000000000000000000000000000000002a', deposit_micro_usdc: '100', expiry: '3000000000', note_id: '0' }, { commitment: '0x000000000000000000000000000000000000000000000000000000000000002c', deposit_micro_usdc: '100', expiry: '3000000000', note_id: '2' } ],
    expected: [ { note_id: '0', commitment: '0x000000000000000000000000000000000000000000000000000000000000002a', deposit_micro_usdc: '100', expiry: '3000000000' }, { note_id: '2', commitment: '0x000000000000000000000000000000000000000000000000000000000000002c', deposit_micro_usdc: '100', expiry: '3000000000' } ],
    operator: 'deepStrictEqual',
    diff: 'simple'
  }
