✖ compact relay accepts exact SDK wire only for authenticated compact build capability (52.085916ms)
ℹ tests 1
ℹ suites 0
ℹ pass 0
ℹ fail 1
ℹ cancelled 0
ℹ skipped 0
ℹ todo 0
ℹ duration_ms 198.7055

✖ failing tests:

test at scripts/i10-wallet-ui/host.test.ts:184:1
✖ compact relay accepts exact SDK wire only for authenticated compact build capability (52.085916ms)
  AssertionError [ERR_ASSERTION]: Expected values to be strictly equal:
  
  400 !== 200
  
      at TestContext.<anonymous> (file:///Users/yukikimura/work/solana-zkapi/scripts/i10-wallet-ui/host.test.ts:243:10)
      at process.processTicksAndRejections (node:internal/process/task_queues:104:5)
      at async Test.run (node:internal/test_runner/test:1389:7)
      at async startSubtestAfterBootstrap (node:internal/test_runner/harness:387:3) {
    generatedMessage: true,
    code: 'ERR_ASSERTION',
    actual: 400,
    expected: 200,
    operator: 'strictEqual',
    diff: 'simple'
  }
