✔ application facade preserves compact durable sign-once and read-only unknown-send recovery (412.4295ms)
✔ compact encoding exactly expands original canonical proof and refuses mismatched redundant fields (0.967292ms)
✔ compact self-pay and independent payer plans use one financial instruction and 1007/1103/1199 bytes (18.55925ms)
✔ normal inline deposit signs once, sends once, binds finalized receipt and note, and remains schema 2 (129.7185ms)
✔ schema 1 buffer deposit stays buffer and read-only open never rewrites its schema or transport (30.582292ms)
✔ failed signed CAS sends nothing; restart can sign once again only when commit did not happen (96.124166ms)
✔ lost durable commit ACK and unknown send never auto resend; explicit recovery sends only exact saved bytes (235.671125ms)
✔ expired, confirmed, mismatched receipt and RPC disagreement cannot rebase, fallback or sign again (456.640292ms)
✔ exact finalized stale rejection requires explicit retry; reproof preserves operation, secret and amount (181.759667ms)
✔ unsigned pre-sign snapshot race rebuilds same secret without a signature or send (62.090333ms)
✔ unsigned reproof preserves an explicitly selected fee through a proof crash and reopen (124.533458ms)
✔ fee selected before the first proof remains durable when proving is interrupted (67.097708ms)
✔ older inline journals retain their plan fee through unsigned and rejected reproof (419.866958ms)
✔ inline fee journal rejects noncanonical values and disagreement with saved plans or attempts (133.227583ms)
✔ receipt before final CAS crash recovers without sending; absent/other/stale Note never activates (385.226125ms)
✔ schema 2 refuses buffer fields, downgrade, mixed attempts and wire substitution before persistence (166.617084ms)
✔ two wallet clients share one lock and persisted attempt; only one prompts and dispatches (188.965042ms)
✔ wallet rejection and message mutation cannot persist or dispatch a financial attempt (241.878459ms)
✔ ambiguous legacy roles and unverified capability are rejected before witness persistence (4.727584ms)
✔ a different verified manifest cannot replace pins on an unresolved operation, even with exact receipt (283.7325ms)
✔ proof crash retains witness and chosen inline transport; only explicit resume invokes proof again (140.5395ms)
✔ post-deposit withdrawal still uses buffer with schema 2 and preserves inline history (414.620625ms)
✔ journal cannot hide an older unknown signed attempt behind a new current or finalized attempt (291.836375ms)
✔ schema 2 full lifecycle and encrypted reopen mutual_close (1785.795583ms)
ℹ preserved inline history with 2 completed/cancelled operations, 6 signatures
✔ schema 2 full lifecycle and encrypted reopen initiate_escape (1904.821125ms)
ℹ preserved inline history with 3 completed/cancelled operations, 7 signatures
✔ schema 2 full lifecycle and encrypted reopen fallback (1828.27875ms)
ℹ preserved inline history with 4 completed/cancelled operations, 7 signatures
✔ layout-2 encoding reuses canonical fields and matches independent fixture concatenation (3.137583ms)
✔ all operation steps use real signed v0 <=1232 bytes with independent fee/payer/uploader/owner/rent (206.958375ms)
✔ generated instruction discriminators/account flags match compiler-backed IDL (7.756375ms)
✔ expected_digest binds signed execute even when same PDA is recreated (25.148667ms)
✔ wallet rejection, unsupported version, message mutation and dropped signature stop sending (7.914ms)
✔ verified transactions are detached from references retained by wallets (13.641416ms)
✔ durable journal contains exact payload, snapshot, signature and expiry before any send (77.492375ms)
✔ wallet prompt edits cannot change the upload transaction or its persisted recovery context (21.965125ms)
✔ lost send response resends only the identical wire and recognizes finalized receipt (28.355625ms)
✔ RPC waits cannot substitute a different signed upload after journal validation (28.983834ms)
✔ pending/unknown RPC state and missing buffer never become execute success or authorize new transaction (28.033917ms)
✔ finalized root/ID/expiry conflicts request fresh proofs and never rewrite existing authorization (38.35825ms)
✔ every upload crash boundary resumes from verified finalized prefix/seal state (13.477625ms)
✔ finalized-expired upload refreshes only after exact buffer reconciliation (47.47175ms)
✔ finalized buffer decoder rejects every header identity and inconsistent progress (4.004542ms)
✔ Connection adapter keeps finalized recovery with default preparation and exact send response loss (28.299375ms)
✔ Connection adapter keeps finalized recovery with confirmed preparation and exact send response loss (15.312583ms)
✔ standalone finalize has durable signed recovery, note/account binding and no new proof (20.858417ms)
✔ wallet prompt edits cannot change a finalization journal after the message is signed (7.943542ms)
✔ RPC waits cannot change a finalization attempt after journal validation (11.750958ms)
✔ permissionless expired close records actual closer and never treats absence as success (18.254375ms)
✔ strict parser preserves JCS ordering/numbers and rejects duplicate/invalid JSON before hashing (1.2455ms)
✔ strict parser defaults to 1 MiB and permits only an explicit bounded local archive size (15.350208ms)
✔ expanded local archive limit retains duplicate, fatal UTF-8, depth and number checks (98.8015ms)
✔ authenticates a full OpenAPI manifest via external distribution signature or digest; immutable result (40.810291ms)
✔ rejects signed mismatched deployment, role keys, build/profile, binding, and malformed wire (60.500041ms)
✔ ceremony assertion requires independently reviewed transcripts and mainnet rejects relabeled public test keys (4.334083ms)
✔ explicit devnet test-only single-key custody preserves distribution and finalized PoolConfig admin pins (10.972875ms)
✔ single-key custody cannot be relabeled as local, mainnet, another genesis, or ceremony verified (12.485208ms)
✔ single-key authority discriminant and fields are strict for both roles (21.300917ms)
✔ checks finalized raw Vault PoolConfig PDA/owner/layout/role pins/cap/profile and never trusts an unverified object (40.241ms)
✔ application factory authenticates independent pins, tariffs and finalized pool without sending or running proofs (51.364292ms)
✔ compact deposit requires authenticated capability and an independent build capability pin (7.443292ms)
✔ compact capability rejects a pinned but incompatible IDL before any wallet signing (23.842375ms)
✔ hashes exact artifact bytes, rejects each changed/missing artifact, and returns detached copies (7.274791ms)
✔ verified client bundle retains entry-time pool and artifact snapshots for the prover (4.802917ms)
✔ client context rejects initially altered artifacts even if buffers change during pool verification (6.965834ms)
ℹ tests 63
ℹ suites 0
ℹ pass 63
ℹ fail 0
ℹ cancelled 0
ℹ skipped 0
ℹ todo 0
ℹ duration_ms 10212.324625
