✔ production demo runs from the presentation bundle without API/wallet calls or changing stored live data (1005.0855ms)
✔ Chrome fixtures: wallet rejection/reload and provider one-send/reload/verified-settlement UI share existing SDK journals (1386.8615ms)
ℹ Runtime browser: Chrome/154.0.8037.98
✔ production build defaults to live with a separate sample; reused fixture output removes the sample (207.734792ms)
✔ initial deposit retains legacy ID and uses two USDC; reopened SDK operation blocks replacement (30.280083ms)
✔ closed-note rotation preserves prior ciphertext and history; reload selects the new note (36.697ms)
✔ two independent journal clients cannot allocate two new active deposits (43.175ms)
✔ failure after SDK creation reopens that saved operation; failure before creation reuses the same absent ID (34.643333ms)
✔ paid active legacy balance, uncertain sessions, and incomplete withdrawals never allow a new deposit (18.575042ms)
✔ discovery refuses a later run while an earlier note remains unresolved (37.014792ms)
✔ read-only budget snapshot validates identity and exact integer accounting; zero availability is valid (4.769292ms)
✔ fixed demo projections conserve integer USDC and charge only on settlement (0.859375ms)
✔ manual next is single-step, and reset fences an already queued transition (0.611042ms)
✔ autoplay pauses without stale progress, then finishes once and disposes timers (6.77475ms)
✔ provider failure preserves finite HTTP/code diagnostics without upstream values (0.819125ms)
✔ diagnostics distinguish signing guards without echoing arbitrary data (0.233042ms)
✔ saved-attempt recovery failures use exact finite labels and never echo details (0.300708ms)
✔ known browser exception names return fixed labels without their message (0.240083ms)
✔ presentation assets use an exact route allowlist and preserve the live document without backend calls (87.766084ms)
✔ fixture output keeps root and live on the existing document, and partial demo output fails closed (36.864541ms)
✔ indexer relay allows common snapshots only through exact bounded digest routes (16.96775ms)
✔ loopback host denies foreign origins, arbitrary provider/routes/batch RPC and financial sends by default (41.141667ms)
✔ financial relay uses default preparation with exact signed v0, genesis, pool and fee guards (55.427083ms)
✔ financial relay uses confirmed preparation with exact signed v0, genesis, pool and fee guards (24.983167ms)
✔ invalid preparation commitment fails before file reads, RPC or listener startup (0.356375ms)
✔ escape relay forwards SDK upload and finalization bytes while retaining financial send guards (50.288875ms)
✔ compact relay accepts exact SDK wire only for authenticated compact build capability (49.825875ms)
✔ explicit history endpoint receives only transaction reads after its own Devnet pin; primary reads remain primary (19.509708ms)
✔ history identity failures stop before transaction lookup and never fall back, retry or expose credentials (11.806666ms)
✔ history RPC and HTTP failures stay failures; only an actual successful null result represents absence (10.871125ms)
✔ read-only host refuses permanent clearance; upstream HTTP/RPC error credentials never reach browser (30.271625ms)
✔ provider bridge allows only bound native control routes and canonical receipt cursors (65.356458ms)
✔ read-only provider bridge blocks AUTH, quote, close and inference before reservation or forwarding (16.915917ms)
✔ provider error status and fixed code reach browser while private body and unknown headers do not (11.367792ms)
✔ provider budget is an exact read-only route with origin checks and redacted failures (23.174042ms)
✔ prepared UI profile uses existing global budget and refuses concurrent/restarted inference replay (573.041584ms)
✔ explicit demo bridge burns a separate session/operation reservation and preserves the completed acceptance reservation (958.060083ms)
✔ note expiry warns before its boundary and forbids suggesting another API request after it (6.278416ms)
✔ escape UI permits only explicit idle, never-signed fallback, or pending-escape finalization paths (2.635ms)
✔ compact deposit offers one signature and explicit rejection recovery, never expired-setup recovery (2.501834ms)
✔ expired setup recovery is offered only for unresolved create-only deposits (4.257042ms)
✔ expired mutual-close setup is offered only with verified clearance and create-only saved attempts (0.406209ms)
✔ expired ordinary and emergency escape setup offer only the same unresolved create-only recovery (0.421583ms)
✔ unfunded or disconnected state never presents candidate deposit as usable money (0.1085ms)
✔ active deposit is available only without unresolved session or wallet operation (0.080333ms)
✔ unknown AUTH remains distinguishable from an accepted session and successful API response (0.078042ms)
✔ unknown inference prevents replay instructions even when session is active or closing (0.12625ms)
✔ current-page response observation explains a saved unknown operation without advancing financial state (0.137ms)
✔ a received answer is not a signed settlement or a paid charge (0.061667ms)
✔ terminal absence and close intent do not encourage an API send (0.063916ms)
✔ only verified settlement history contributes to paid; latest pending session stays unverified (0.183ms)
✔ zero-charge and operator-loss waiver do not establish successful API use (0.077459ms)
✔ mutual-close return amount requires closed note and exact finalized execute signature (0.106917ms)
✔ escape status, current signature and failed operation retain recovery presentation (0.061291ms)
✔ signed clearance and missing provider never offer another API authorization (0.050625ms)
✔ integer formatting preserves micro-USDC beyond JavaScript safe integer precision (0.051292ms)
✔ busy/disconnected headlines take precedence, and projection leaves journal byte-equivalent (0.108041ms)
✔ repeat demo explains the exact authorization reserve without enabling an underfunded request (0.359416ms)
✔ disabled-request hints distinguish reconnect, saved recovery, clearance and completed run (0.359125ms)
✔ fixed browser body equals parent budget template; prepares after snapshot and verifies charge through SDK before withdrawal is available (232.390083ms)
✔ lost AUTH can only resend its exact bytes; lost inference stays one send after encrypted journal reopen (133.094667ms)
✔ invalid successor retains old balance and pending operation; explicit recovery succeeds without another inference (227.602541ms)
✔ never-sent cancellation uses SDK cancellation; unknown inference absence requires terminal SDK reconciliation (236.514584ms)
✔ two UI intents cannot create two operations; different body or case is rejected before control/inference (130.948375ms)
✔ explicit demo uses a new AUTH and operation only after SDK verified the prior zero-charge successor (345.805541ms)
✔ a funded repeat demo preserves paid settlements and uses fresh request IDs across journal reopen (648.088458ms)
✔ an untouched message remains equal despite a signature, without exposing private bytes or mutating either input (3.543917ms)
✔ blockhash mutation is distinguished from instruction or account changes (0.613791ms)
✔ added or changed compute-unit price is reported exactly without authorizing message mutation (1.207042ms)
✔ an added assertion-like program keeps originals but is distinct from an unchanged instruction list (0.55975ms)
✔ changed non-compute data, account or writable flags never count as retained (0.924167ms)
✔ non-compute comparison preserves order, multiplicity and signer flags (2.50075ms)
✔ malformed or non-compute payloads never masquerade as decoded compute settings (2.110959ms)
✔ unresolved ALT changes cannot establish byte-equivalent non-compute instructions (6.944708ms)
ℹ tests 73
ℹ suites 0
ℹ pass 73
ℹ fail 0
ℹ cancelled 0
ℹ skipped 0
ℹ todo 0
ℹ duration_ms 2686.676375
